      Step     Time          Energy          fmax
FIRE:    0 23:18:05    -1609.208688        0.375882
FIRE:    1 23:18:07    -1609.210178        0.361845
FIRE:    2 23:18:11    -1609.212560        0.338414
FIRE:    3 23:18:14    -1609.215402        0.302944
FIRE:    4 23:18:16    -1609.218428        0.246999
FIRE:    5 23:18:19    -1609.221241        0.176864
FIRE:    6 23:18:23    -1609.223408        0.133930
FIRE:    7 23:18:25    -1609.224660        0.141316
FIRE:    8 23:18:27    -1609.224879        0.149299
FIRE:    9 23:18:30    -1609.223952        0.148121
FIRE:   10 23:18:32    -1609.222976        0.179167
FIRE:   11 23:18:34    -1609.224726        0.206291
FIRE:   12 23:18:36    -1609.231824        0.192222
FIRE:   13 23:18:38    -1609.245144        0.258071
FIRE:   14 23:18:40    -1609.261205        0.366260
FIRE:   15 23:18:42    -1609.272512        0.438927
FIRE:   16 23:18:44    -1609.272199        0.473271
FIRE:   17 23:18:46    -1609.258134        0.460101
FIRE:   18 23:18:47    -1609.233024        0.404463
FIRE:   19 23:18:49    -1609.202709        0.410938
FIRE:   20 23:18:52    -1609.175106        0.483221
FIRE:   21 23:18:54    -1609.160144        0.542493
FIRE:   22 23:18:57    -1609.169313        0.576144
FIRE:   23 23:19:00    -1609.210895        0.548830
FIRE:   24 23:19:03    -1609.276484        0.636467
FIRE:   25 23:19:04    -1609.334645        0.710864
FIRE:   26 23:19:06    -1609.365153        0.989677
FIRE:   27 23:19:10    -1609.383217        1.054208
FIRE:   28 23:19:13    -1609.393433        0.849332
FIRE:   29 23:19:15    -1609.386006        0.904126
FIRE:   30 23:19:17    -1609.364191        1.027708
FIRE:   31 23:19:19    -1609.336564        1.075373
FIRE:   32 23:19:22    -1609.307262        1.048583
FIRE:   33 23:19:25    -1609.276314        0.978205
FIRE:   34 23:19:26    -1609.242807        0.893647
FIRE:   35 23:19:28    -1609.206537        0.809127
FIRE:   36 23:19:32    -1609.168369        0.723334
FIRE:   37 23:19:33    -1609.130117        0.625226
FIRE:   38 23:19:35    -1609.094336        0.540222
FIRE:   39 23:19:37    -1609.064292        0.596498
FIRE:   40 23:19:40    -1609.044342        0.657107
FIRE:   41 23:19:43    -1609.040531        0.715828
FIRE:   42 23:19:44    -1609.060599        0.765554
FIRE:   43 23:19:46    -1609.112653        0.908661
FIRE:   44 23:19:49    -1609.202121        1.148921
FIRE:   45 23:19:51    -1609.326827        1.346819
FIRE:   46 23:19:55    -1609.473555        1.505382
FIRE:   47 23:19:58    -1609.622084        1.534135
FIRE:   48 23:20:00    -1609.755124        1.417924
FIRE:   49 23:20:03    -1609.864374        1.237849
FIRE:   50 23:20:06    -1609.950717        1.613976
FIRE:   51 23:20:08    -1610.023608        2.091836
FIRE:   52 23:20:10    -1610.094440        2.107229
FIRE:   53 23:20:12    -1610.161096        1.584349
FIRE:   54 23:20:14    -1610.206294        0.950868
FIRE:   55 23:20:16    -1610.216572        1.234315
FIRE:   56 23:20:18    -1610.196039        1.486712
FIRE:   57 23:20:21    -1610.161786        1.648767
FIRE:   58 23:20:22    -1610.131718        1.705484
FIRE:   59 23:20:25    -1610.114521        1.664056
FIRE:   60 23:20:27    -1610.106440        1.543015
FIRE:   61 23:20:30    -1610.096168        1.364037
FIRE:   62 23:20:33    -1610.072904        1.151940
FIRE:   63 23:20:35    -1610.032233        1.205524
FIRE:   64 23:20:38    -1609.976369        1.453285
FIRE:   65 23:20:40    -1609.909121        1.514267
FIRE:   66 23:20:43    -1609.831820        1.417516
FIRE:   67 23:20:45    -1609.744213        1.556435
FIRE:   68 23:20:47    -1609.646934        1.662447
FIRE:   69 23:20:50    -1609.541839        1.729638
FIRE:   70 23:20:52    -1609.431188        1.758854
FIRE:   71 23:20:54    -1609.317722        1.740374
FIRE:   72 23:20:57    -1609.204837        1.670533
FIRE:   73 23:20:59    -1609.095902        1.557867
FIRE:   74 23:21:02    -1608.993700        1.414194
FIRE:   75 23:21:05    -1608.900336        1.294126
FIRE:   76 23:21:07    -1608.817456        1.288881
FIRE:   77 23:21:09    -1608.746663        1.283497
FIRE:   78 23:21:12    -1608.689861        1.272666
FIRE:   79 23:21:15    -1608.649552        1.254104
FIRE:   80 23:21:17    -1608.628953        1.231267
FIRE:   81 23:21:19    -1608.631767        1.252465
FIRE:   82 23:21:22    -1608.661623        1.329405
FIRE:   83 23:21:23    -1608.721283        1.392435
FIRE:   84 23:21:27    -1608.811642        1.500079
FIRE:   85 23:21:29    -1608.930483        1.593039
FIRE:   86 23:21:31    -1609.071155        1.605224
FIRE:   87 23:21:33    -1609.221608        1.618459
FIRE:   88 23:21:35    -1609.362608        1.527714
FIRE:   89 23:21:38    -1609.466763        1.263933
FIRE:   90 23:21:40    -1609.529761        1.207294
FIRE:   91 23:21:43    -1609.561091        1.137804
FIRE:   92 23:21:45    -1609.570177        1.063531
FIRE:   93 23:21:48    -1609.563340        1.021531
FIRE:   94 23:21:51    -1609.545097        1.050931
FIRE:   95 23:21:54    -1609.518181        1.045705
FIRE:   96 23:21:58    -1609.484562        1.037196
FIRE:   97 23:22:00    -1609.445910        1.037618
FIRE:   98 23:22:02    -1609.403625        1.026889
FIRE:   99 23:22:06    -1609.358919        1.005183
FIRE:  100 23:22:09    -1609.312879        1.000464
FIRE:  101 23:22:11    -1609.266451        0.982301
FIRE:  102 23:22:13    -1609.220468        0.941659
FIRE:  103 23:22:17    -1609.175796        0.875212
FIRE:  104 23:22:19    -1609.133375        0.785849
FIRE:  105 23:22:22    -1609.094256        0.781314
FIRE:  106 23:22:25    -1609.059793        0.776792
FIRE:  107 23:22:27    -1609.031874        0.771312
FIRE:  108 23:22:29    -1609.013167        0.765592
FIRE:  109 23:22:32    -1609.007472        0.760364
FIRE:  110 23:22:35    -1609.019831        0.757435
FIRE:  111 23:22:36    -1609.055864        0.758663
FIRE:  112 23:22:39    -1609.120172        0.865981
FIRE:  113 23:22:41    -1609.214027        1.133278
FIRE:  114 23:22:45    -1609.332761        1.350148
FIRE:  115 23:22:47    -1609.464720        1.473410
FIRE:  116 23:22:49    -1609.594700        1.497023
FIRE:  117 23:22:52    -1609.710185        1.438857
FIRE:  118 23:22:54    -1609.804177        1.310273
FIRE:  119 23:22:56    -1609.874357        1.261579
FIRE:  120 23:23:00    -1609.923419        1.503431
FIRE:  121 23:23:01    -1609.956591        1.678147
FIRE:  122 23:23:03    -1609.972765        1.651967
FIRE:  123 23:23:05    -1609.961994        1.474146
FIRE:  124 23:23:08    -1609.916224        1.344929
FIRE:  125 23:23:12    -1609.838106        1.541786
FIRE:  126 23:23:15    -1609.738225        1.685957
FIRE:  127 23:23:17    -1609.628148        1.793176
FIRE:  128 23:23:21    -1609.516345        1.871410
FIRE:  129 23:23:24    -1609.407588        1.919149
FIRE:  130 23:23:27    -1609.303828        1.928942
FIRE:  131 23:23:30    -1609.204996        1.888937
FIRE:  132 23:23:32    -1609.109578        1.795873
FIRE:  133 23:23:34    -1609.016236        1.667481
FIRE:  134 23:23:36    -1608.925197        1.523628
FIRE:  135 23:23:40    -1608.837996        1.377194
FIRE:  136 23:23:44    -1608.757061        1.264784
FIRE:  137 23:23:45    -1608.685493        1.221520
FIRE:  138 23:23:47    -1608.626766        1.177880
FIRE:  139 23:23:49    -1608.584710        1.199350
FIRE:  140 23:23:51    -1608.563438        1.248594
FIRE:  141 23:23:54    -1608.567374        1.302787
FIRE:  142 23:23:57    -1608.601030        1.358718
FIRE:  143 23:24:00    -1608.668058        1.407660
FIRE:  144 23:24:02    -1608.769701        1.446188
FIRE:  145 23:24:05    -1608.903086        1.496460
FIRE:  146 23:24:07    -1609.059753        1.577800
FIRE:  147 23:24:09    -1609.225599        1.586429
FIRE:  148 23:24:12    -1609.380713        1.473425
FIRE:  149 23:24:15    -1609.499525        1.202813
FIRE:  150 23:24:16    -1609.553348        1.556180
FIRE:  151 23:24:20    -1609.604351        1.364607
FIRE:  152 23:24:23    -1609.613418        1.432745
FIRE:  153 23:24:25    -1609.604440        1.280382
FIRE:  154 23:24:27    -1609.587737        1.177956
FIRE:  155 23:24:30    -1609.567398        1.169044
FIRE:  156 23:24:33    -1609.540124        1.046067
FIRE:  157 23:24:35    -1609.506355        1.054182
FIRE:  158 23:24:38    -1609.468461        1.057197
FIRE:  159 23:24:41    -1609.427976        1.049582
FIRE:  160 23:24:44    -1609.386243        1.031019
FIRE:  161 23:24:46    -1609.344549        1.000159
FIRE:  162 23:24:49    -1609.303380        0.955249
FIRE:  163 23:24:51    -1609.263020        0.915615
FIRE:  164 23:24:53    -1609.224359        0.847669
FIRE:  165 23:24:55    -1609.188370        0.771604
FIRE:  166 23:24:57    -1609.155920        0.766988
FIRE:  167 23:25:00    -1609.128119        0.757984
FIRE:  168 23:25:03    -1609.106511        0.746713
FIRE:  169 23:25:05    -1609.093014        0.734858
FIRE:  170 23:25:07    -1609.090236        0.722919
FIRE:  171 23:25:09    -1609.101890        0.710366
FIRE:  172 23:25:11    -1609.132304        0.697227
FIRE:  173 23:25:14    -1609.185066        0.806158
FIRE:  174 23:25:15    -1609.261531        1.028772
FIRE:  175 23:25:18    -1609.358992        1.231145
FIRE:  176 23:25:20    -1609.469177        1.363089
FIRE:  177 23:25:23    -1609.579441        1.402963
FIRE:  178 23:25:25    -1609.676989        1.350765
FIRE:  179 23:25:27    -1609.752866        1.227476
FIRE:  180 23:25:29    -1609.804741        1.297275
FIRE:  181 23:25:33    -1609.838094        1.525288
FIRE:  182 23:25:35    -1609.859442        1.629982
FIRE:  183 23:25:38    -1609.865353        1.542817
FIRE:  184 23:25:39    -1609.845226        1.355946
FIRE:  185 23:25:42    -1609.794397        1.366180
FIRE:  186 23:25:45    -1609.718324        1.514497
FIRE:  187 23:25:47    -1609.626985        1.608660
FIRE:  188 23:25:51    -1609.529209        1.688749
FIRE:  189 23:25:53    -1609.430638        1.752689
FIRE:  190 23:25:54    -1609.333923        1.778199
FIRE:  191 23:25:56    -1609.239486        1.758343
FIRE:  192 23:25:58    -1609.146657        1.697032
FIRE:  193 23:26:00    -1609.055169        1.607328
FIRE:  194 23:26:03    -1608.965802        1.499089
FIRE:  195 23:26:07    -1608.880234        1.380141
FIRE:  196 23:26:09    -1608.800866        1.256071
FIRE:  197 23:26:11    -1608.730776        1.166061
FIRE:  198 23:26:15    -1608.673440        1.125106
FIRE:  199 23:26:17    -1608.632733        1.152606
FIRE:  200 23:26:19    -1608.612921        1.206630
