MINMODE:METHOD: Dimer
DIM:CONTROL: Search Parameters:
DIM:CONTROL: ------------------
DIM:CONTROL: eigenmode_method = dimer
DIM:CONTROL: f_rot_min = 0.01
DIM:CONTROL: f_rot_max = 0.05
DIM:CONTROL: max_num_rot = 4
DIM:CONTROL: trial_angle = 0.7853981633974483
DIM:CONTROL: trial_trans_step = 0.001
DIM:CONTROL: maximum_translation = 0.05
DIM:CONTROL: cg_translation = True
DIM:CONTROL: use_central_forces = False
DIM:CONTROL: dimer_separation = 0.005
DIM:CONTROL: initial_eigenmode_method = gauss
DIM:CONTROL: extrapolate_forces = False
DIM:CONTROL: displacement_method = gauss
DIM:CONTROL: gauss_std = 0.1
DIM:CONTROL: order = 1
DIM:CONTROL: mask = None
DIM:CONTROL: displacement_center = None
DIM:CONTROL: displacement_radius = None
DIM:CONTROL: number_of_displacement_atoms = None
DIM:CONTROL: ------------------
DIM:ROT: OPT-STEP ROT-STEP CURVATURE ROT-ANGLE ROT-FORCE
DIM:ROT:       0         1    0.3157    4.1731    3.0993
DIM:ROT:       0         2    0.2568    1.7575    1.9219
DIM:ROT:       0         3    0.2288    0.9024    1.7741
DIM:ROT:       0         4    0.2066    0.9492    1.3404
DIM:ROT:       1         1    0.1745    0.6816    1.3932
DIM:ROT:       1         2    0.1603    0.7852    1.0383
DIM:ROT:       1         3    0.1479    0.5910    1.2054
DIM:ROT:       1         4    0.1369    0.6888    0.9126
DIM:ROT:       2         1    0.1191    0.4902    1.0267
DIM:ROT:       2         2    0.1115    0.5780    0.7539
DIM:ROT:       2         3    0.1047    0.4294    0.8977
DIM:ROT:       2         4    0.0987    0.5137    0.6716
DIM:ROT:       3         1    0.1205    0.5323    0.9202
DIM:ROT:       3         2    0.0831    0.3920    0.7893
DIM:ROT:       3         3    0.0792    0.3868    0.5758
DIM:ROT:       3         4    0.0757    0.3184    0.6207
DIM:ROT:       4         1    0.0665    0.3513    0.4917
DIM:ROT:       4         2    0.0639    0.2701    0.5579
DIM:ROT:       4         3    0.0615    0.3123    0.4350
DIM:ROT:       4         4    0.0593    0.2453    0.5052
DIM:ROT:       5         1    0.0539    0.3025    0.3793
DIM:ROT:       5         2    0.0522    0.2121    0.4709
DIM:ROT:       5         3    0.0506    0.2691    0.3359
DIM:ROT:       5         4    0.0492    0.1936    0.4280
DIM:ROT:       6         1    0.0439    0.2810    0.2995
DIM:ROT:       6         2    0.0427    0.1731    0.4147
DIM:ROT:       6         3    0.0415    0.2446    0.2630
DIM:ROT:       6         4    0.0405    0.1572    0.3745
DIM:ROT:       7         1    0.0362    0.2778    0.2416
DIM:ROT:       7         2    0.0352    0.1474    0.3760
DIM:ROT:       7         3    0.0344    0.2289    0.2099
DIM:ROT:       7         4    0.0336    0.1317    0.3324
DIM:ROT:       8         1    0.0298    0.2695    0.2043
DIM:ROT:       8         2    0.0291    0.1305    0.3354
DIM:ROT:       8         3    0.0285    0.1997    0.1770
DIM:ROT:       8         4    0.0279    0.1128    0.2843
DIM:ROT:       9         1    0.0248    0.2349    0.1871
DIM:ROT:       9         2    0.0242    0.1185    0.2931
DIM:ROT:       9         3    0.0237    0.1728    0.1617
DIM:ROT:       9         4    0.0233    0.1020    0.2481
DIM:ROT:      10         1    0.0196    0.2131    0.1858
DIM:ROT:      10         2    0.0191    0.1154    0.2754
DIM:ROT:      10         3    0.0186    0.1652    0.1603
DIM:ROT:      10         4    0.0182    0.1007    0.2379
DIM:ROT:      11         1    0.0142    0.2150    0.1984
DIM:ROT:      11         2    0.0136    0.1234    0.2871
DIM:ROT:      11         3    0.0131    0.1768    0.1740
DIM:ROT:      11         4    0.0126    0.1105    0.2549
DIM:ROT:      12         1    0.0074    0.2345    0.2248
DIM:ROT:      12         2    0.0066    0.1419    0.3232
DIM:ROT:      12         3    0.0059    0.2045    0.2036
DIM:ROT:      12         4    0.0052    0.1315    0.2976
DIM:ROT:      13         1   -0.0009    0.2729    0.2648
DIM:ROT:      13         2   -0.0021    0.1710    0.3860
DIM:ROT:      13         3   -0.0032    0.2507    0.2491
DIM:ROT:      13         4   -0.0042    0.1641    0.3686
DIM:ROT:      14         1   -0.0028    0.2750    0.2600
DIM:ROT:      14         2   -0.0040    0.1765    0.3851
DIM:ROT:      14         3   -0.0052    0.2638    0.2499
DIM:ROT:      14         4   -0.0063    0.1720    0.3746
DIM:ROT:      15         1   -0.0054    0.2584    0.2814
DIM:ROT:      15         2   -0.0065    0.1829    0.3574
DIM:ROT:      15         3   -0.0076    0.2372    0.2605
DIM:ROT:      15         4   -0.0086    0.1745    0.3405
DIM:ROT:      16         1   -0.0086    0.1815    0.2784
DIM:ROT:      16         2   -0.0094    0.1679    0.2686
DIM:ROT:      16         3   -0.0101    0.1666    0.2556
DIM:ROT:      16         4   -0.0108    0.1594    0.2564
DIM:ROT:      17         1   -0.0119    0.1259    0.2488
DIM:ROT:      17         2   -0.0124    0.1462    0.2040
DIM:ROT:      17         3   -0.0129    0.1205    0.2385
DIM:ROT:      17         4   -0.0134    0.1412    0.1976
DIM:ROT:      18         1    0.0093    0.0843    0.2074
DIM:ROT:      18         2    0.0091    0.1018    0.1168
DIM:ROT:      18         3    0.0089    0.0620    0.1458
DIM:ROT:      18         4    0.0088    0.0845    0.0931
DIM:ROT:      19         1   -0.0078    0.1345    0.2054
DIM:ROT:      19         2   -0.0082    0.1119    0.2114
DIM:ROT:      19         3   -0.0086    0.1208    0.1825
DIM:ROT:      19         4   -0.0089    0.1059    0.1986
DIM:ROT:      20         1   -0.0176    0.1911    0.2284
DIM:ROT:      20         2   -0.0184    0.1365    0.2989
DIM:ROT:      20         3   -0.0190    0.1785    0.2187
DIM:ROT:      20         4   -0.0197    0.1317    0.2900
DIM:ROT:      21         1   -0.0299    0.2730    0.2776
DIM:ROT:      21         2   -0.0311    0.1723    0.4190
DIM:ROT:      21         3   -0.0323    0.2544    0.2723
DIM:ROT:      21         4   -0.0335    0.1679    0.4105
DIM:ROT:      22         1   -0.0457    0.3821    0.3362
DIM:ROT:      22         2   -0.0479    0.2213    0.5674
DIM:ROT:      22         3   -0.0500    0.3678    0.3362
DIM:ROT:      22         4   -0.0522    0.2211    0.5657
DIM:ROT:      23         1   -0.0488    0.3568    0.3276
DIM:ROT:      23         2   -0.0509    0.2196    0.5370
DIM:ROT:      23         3   -0.0530    0.3613    0.3318
DIM:ROT:      23         4   -0.0551    0.2234    0.5465
DIM:ROT:      24         1   -0.0470    0.2837    0.3135
DIM:ROT:      24         2   -0.0486    0.1971    0.4529
DIM:ROT:      24         3   -0.0502    0.2866    0.3160
DIM:ROT:      24         4   -0.0518    0.2001    0.4596
DIM:ROT:      25         1   -0.0227    0.1239    0.2417
DIM:ROT:      25         2   -0.0232    0.1308    0.1974
DIM:ROT:      25         3   -0.0236    0.1129    0.2138
DIM:ROT:      25         4   -0.0240    0.1255    0.1868
DIM:ROT:      26         1    0.0526    0.6251    0.4297
DIM:ROT:      26         2    0.0494    0.2554    0.7255
DIM:ROT:      26         3    0.0467    0.4717    0.3277
DIM:ROT:      26         4    0.0443    0.2189    0.6137
DIM:ROT:      27         1    0.0049    0.1093    0.2117
DIM:ROT:      27         2    0.0046    0.0907    0.1644
DIM:ROT:      27         3    0.0044    0.0783    0.1447
DIM:ROT:      27         4    0.0042    0.0728    0.1278
DIM:ROT:      28         1   -0.0327    0.3263    0.2684
DIM:ROT:      28         2   -0.0338    0.1538    0.4083
DIM:ROT:      28         3   -0.0347    0.2495    0.2155
DIM:ROT:      28         4   -0.0356    0.1378    0.3589
DIM:ROT:      29         1   -0.0703    0.9548    0.3789
DIM:ROT:      29         2   -0.0760    0.3384    0.9723
DIM:ROT:      29         3   -0.0807    0.7059    0.3811
DIM:ROT:      29         4   -0.0854    0.3130    0.8615
DIM:ROT:      30         1   -0.0946    0.6990    0.4372
DIM:ROT:      30         2   -0.0997    0.3281    0.8863
DIM:ROT:      30         3   -0.1046    0.6403    0.4444
DIM:ROT:      30         4   -0.1097    0.3299    0.8826
DIM:ROT:      31         1   -0.1122    0.5756    0.4488
DIM:ROT:      31         2   -0.1168    0.3167    0.8212
DIM:ROT:      31         3   -0.1214    0.5821    0.4575
DIM:ROT:      31         4   -0.1262    0.3250    0.8421
DIM:ROT:      32         1   -0.0526    0.3978    0.4588
DIM:ROT:      32         2   -0.0412    0.1824    0.5315
DIM:ROT:      32         3   -0.0424    0.2997    0.2308
DIM:ROT:      32         4   -0.0434    0.1381    0.3905
DIM:ROT:      33         1    0.0820    1.7062    0.5751
DIM:ROT:      33         2    0.0758    0.3540    1.0060
DIM:ROT:      33         3    0.0723    0.4490    0.4452
DIM:ROT:      33         4    0.0697    0.2422    0.6208
DIM:ROT:      34         1   -0.0111    0.2274    0.3442
DIM:ROT:      34         2   -0.0118    0.1351    0.3234
DIM:ROT:      34         3   -0.0123    0.1405    0.2034
DIM:ROT:      34         4   -0.0127    0.0925    0.2155
DIM:ROT:      35         1   -0.0880    1.2311    0.4356
DIM:ROT:      35         2   -0.0930    0.3211    0.8942
DIM:ROT:      35         3   -0.0964    0.4834    0.4000
DIM:ROT:      35         4   -0.0993    0.2578    0.6572
DIM:ROT:      36         1   -0.0852    0.3288    0.3400
DIM:ROT:      36         2   -0.0871    0.2156    0.5148
DIM:ROT:      36         3   -0.0891    0.3281    0.3398
DIM:ROT:      36         4   -0.0910    0.2170    0.5178
DIM:ROT:      37         1   -0.0811    0.2592    0.3089
DIM:ROT:      37         2   -0.0825    0.1923    0.4175
DIM:ROT:      37         3   -0.0839    0.2606    0.3102
DIM:ROT:      37         4   -0.0854    0.1937    0.4206
DIM:ROT:      38         1   -0.0318    0.1105    0.2409
DIM:ROT:      38         2   -0.0322    0.1218    0.1713
DIM:ROT:      38         3   -0.0325    0.0907    0.1924
DIM:ROT:      38         4   -0.0327    0.1068    0.1461
DIM:ROT:      39         1    0.1224    1.9011    0.6757
DIM:ROT:      39         2    0.1116    0.4611    1.3401
DIM:ROT:      39         3    0.1047    0.7706    0.5134
DIM:ROT:      39         4    0.0993    0.3401    0.9173
DIM:ROT:      40         1    0.0073    0.2148    0.3475
DIM:ROT:      40         2    0.0065    0.1435    0.3056
DIM:ROT:      40         3    0.0060    0.1359    0.2138
DIM:ROT:      40         4    0.0057    0.0985    0.2054
DIM:ROT:      41         1   -0.0839    1.0413    0.4528
DIM:ROT:      41         2   -0.0883    0.3010    0.8331
DIM:ROT:      41         3   -0.0914    0.4874    0.3664
DIM:ROT:      41         4   -0.0941    0.2476    0.6401
DIM:ROT:      42         1   -0.1851    1.6700    0.6166
DIM:ROT:      42         2   -0.2022    0.5742    1.7085
DIM:ROT:      42         3   -0.2175    1.3751    0.6343
DIM:ROT:      42         4   -0.2328    0.5542    1.5908
DIM:ROT:      43         1   -0.2809    1.6187    0.7720
DIM:ROT:      43         2   -0.3027    0.6694    1.8748
DIM:ROT:      43         3   -0.3214    1.2921    0.8274
DIM:ROT:      43         4   -0.3404    0.6337    1.7188
DIM:ROT:      44         1   -0.2684    0.6741    0.7309
DIM:ROT:      44         2   -0.2768    0.4561    1.0599
DIM:ROT:      44         3   -0.2853    0.6587    0.7349
DIM:ROT:      44         4   -0.2938    0.4598    1.0682
DIM:ROT:      45         1   -0.1013    0.2675    0.5581
DIM:ROT:      45         2   -0.1033    0.2787    0.4212
DIM:ROT:      45         3   -0.1051    0.2247    0.4548
DIM:ROT:      45         4   -0.1068    0.2504    0.3721
DIM:ROT:      46         1    0.0739    0.5137    0.6073
DIM:ROT:      46         2    0.0708    0.2721    0.6464
DIM:ROT:      46         3    0.0683    0.3553    0.4084
DIM:ROT:      46         4    0.0662    0.2302    0.5392
DIM:ROT:      47         1    0.1967    1.6893    0.7152
DIM:ROT:      47         2    0.1832    0.5319    1.4602
DIM:ROT:      47         3    0.1755    0.6925    0.6395
DIM:ROT:      47         4    0.1692    0.3870    0.9419
DIM:ROT:      48         1    0.0436    0.2540    0.4646
DIM:ROT:      48         2    0.0424    0.1932    0.3631
DIM:ROT:      48         3    0.0414    0.1783    0.3032
DIM:ROT:      48         4    0.0407    0.1573    0.2868
DIM:ROT:      49         1   -0.1339    0.9016    0.5574
DIM:ROT:      49         2   -0.1392    0.3336    0.9052
DIM:ROT:      49         3   -0.1433    0.5384    0.4303
DIM:ROT:      49         4   -0.1468    0.2822    0.7304
DIM:ROT:      50         1   -0.3201    2.4995    0.7628
DIM:ROT:      50         2   -0.3497    0.7416    2.2851
DIM:ROT:      50         3   -0.3745    1.8665    0.7627
DIM:ROT:      50         4   -0.3986    0.6850    2.0152
DIM:ROT:      51         1   -0.5555    2.6863    1.0349
DIM:ROT:      51         2   -0.6008    0.9561    2.7194
DIM:ROT:      51         3   -0.6323    1.5847    1.1388
DIM:ROT:      51         4   -0.6622    0.8129    2.1091
DIM:ROT:      52         1   -0.7379    1.6682    1.2863
DIM:ROT:      52         2   -0.7721    0.8943    2.1926
DIM:ROT:      52         3   -0.8035    1.3794    1.3029
DIM:ROT:      52         4   -0.8349    0.8650    2.0832
DIM:ROT:      53         1   -0.8513    1.3035    1.3458
DIM:ROT:      53         2   -0.8806    0.8457    1.9853
DIM:ROT:      53         3   -0.9097    1.2468    1.3351
DIM:ROT:      53         4   -0.9388    0.8449    1.9793
DIM:ROT:      54         1   -0.9729    1.2786    1.3483
DIM:ROT:      54         2   -1.0030    0.8573    2.0146
DIM:ROT:      54         3   -1.0333    1.2800    1.3522
DIM:ROT:      54         4   -1.0635    0.8585    2.0190
DIM:ROT:      55         1   -1.0899    1.2826    1.3507
DIM:ROT:      55         2   -1.1201    0.8558    2.0207
DIM:ROT:      55         3   -1.1502    1.2786    1.3488
DIM:ROT:      55         4   -1.1802    0.8526    2.0150
DIM:ROT:      56         1   -1.1614    1.1792    1.3247
DIM:ROT:      56         2   -1.1877    0.8141    1.8564
DIM:ROT:      56         3   -1.2137    1.1353    1.3083
DIM:ROT:      56         4   -1.2394    0.8038    1.8313
DIM:ROT:      57         1   -1.1789    1.0448    1.2392
DIM:ROT:      57         2   -1.2009    0.7574    1.6629
DIM:ROT:      57         3   -1.2226    1.0224    1.2160
DIM:ROT:      57         4   -1.2440    0.7476    1.6423
DIM:ROT:      58         1   -1.1089    0.8185    1.1495
DIM:ROT:      58         2   -1.1242    0.6571    1.3404
DIM:ROT:      58         3   -1.1393    0.7833    1.1039
DIM:ROT:      58         4   -1.1541    0.6462    1.3180
DIM:ROT:      59         1   -0.7992    0.7033    1.2217
DIM:ROT:      59         2   -0.8080    0.5551    0.9102
DIM:ROT:      59         3   -0.8163    0.5147    0.9220
DIM:ROT:      59         4   -0.8243    0.5312    0.8662
DIM:ROT:      60         1   -0.4996    0.6301    1.0309
DIM:ROT:      60         2   -0.5078    0.5121    0.9144
DIM:ROT:      60         3   -0.5153    0.5087    0.8378
DIM:ROT:      60         4   -0.5223    0.4767    0.8432
DIM:ROT:      61         1   -0.3959    0.5849    0.8792
DIM:ROT:      61         2   -0.4038    0.4755    0.9582
DIM:ROT:      61         3   -0.4113    0.5358    0.7978
DIM:ROT:      61         4   -0.4183    0.4494    0.9022
DIM:ROT:      62         1   -0.1360    1.0132    1.0549
DIM:ROT:      62         2   -0.1502    0.5985    1.3525
DIM:ROT:      62         3   -0.1623    0.7615    0.9139
DIM:ROT:      62         4   -0.1736    0.5381    1.2034
DIM:ROT:      63         1    0.1519    1.3828    1.3680
DIM:ROT:      63         2    0.1274    0.8413    1.6706
DIM:ROT:      63         3    0.1085    0.8847    1.2239
DIM:ROT:      63         4    0.0909    0.7078    1.4216
DIM:ROT:      64         1   -0.2797    0.5621    1.1120
DIM:ROT:      64         2   -0.2862    0.4852    0.7684
DIM:ROT:      64         3   -0.2917    0.4125    0.7678
DIM:ROT:      64         4   -0.2968    0.4365    0.6724
DIM:ROT:      65         1   -0.6477    0.5922    1.1025
DIM:ROT:      65         2   -0.6525    0.3892    0.7061
DIM:ROT:      65         3   -0.6566    0.3659    0.6469
DIM:ROT:      65         4   -0.6605    0.3543    0.6248
DIM:ROT:      66         1   -0.9773    0.8262    1.1143
DIM:ROT:      66         2   -0.9865    0.5235    1.0071
DIM:ROT:      66         3   -0.9947    0.5388    0.8711
DIM:ROT:      66         4   -1.0026    0.4864    0.9273
DIM:ROT:      67         1   -1.1013    0.7204    0.9008
DIM:ROT:      67         2   -1.1119    0.5322    1.1397
DIM:ROT:      67         3   -1.1221    0.6858    0.8532
DIM:ROT:      67         4   -1.1320    0.5145    1.1009
DIM:ROT:      68         1   -1.1785    0.7269    0.8840
DIM:ROT:      68         2   -1.1890    0.5259    1.1447
DIM:ROT:      68         3   -1.1991    0.6828    0.8474
DIM:ROT:      68         4   -1.2090    0.5082    1.1047
DIM:ROT:      69         1   -1.2961    0.7234    0.9056
DIM:ROT:      69         2   -1.3068    0.5261    1.1657
DIM:ROT:      69         3   -1.3172    0.6800    0.8695
DIM:ROT:      69         4   -1.3272    0.5093    1.1276
DIM:ROT:      70         1   -1.4842    0.8625    1.0174
DIM:ROT:      70         2   -1.4973    0.5851    1.2584
DIM:ROT:      70         3   -1.5090    0.7237    0.9495
DIM:ROT:      70         4   -1.5209    0.5570    1.1929
DIM:ROT:      71         1   -1.5723    0.7968    0.9363
DIM:ROT:      71         2   -1.5847    0.5673    1.2573
DIM:ROT:      71         3   -1.5967    0.7633    0.9003
DIM:ROT:      71         4   -1.6083    0.5469    1.2124
DIM:ROT:      72         1   -1.6375    0.7389    0.9020
DIM:ROT:      72         2   -1.6485    0.5327    1.1829
DIM:ROT:      72         3   -1.6590    0.6991    0.8653
DIM:ROT:      72         4   -1.6692    0.5126    1.1379
DIM:ROT:      73         1   -1.7571    0.7399    0.9215
DIM:ROT:      73         2   -1.7678    0.5262    1.1636
DIM:ROT:      73         3   -1.7780    0.6694    0.8684
DIM:ROT:      73         4   -1.7877    0.5032    1.1110
DIM:ROT:      74         1   -1.8440    0.7353    0.8699
DIM:ROT:      74         2   -1.8543    0.5144    1.1462
DIM:ROT:      74         3   -1.8641    0.6792    0.8243
DIM:ROT:      74         4   -1.8734    0.4909    1.0925
DIM:ROT:      75         1   -1.8864    0.6717    0.7979
DIM:ROT:      75         2   -1.8952    0.4772    1.0692
DIM:ROT:      75         3   -1.9038    0.6403    0.7621
DIM:ROT:      75         4   -1.9119    0.4565    1.0229
DIM:ROT:      76         1   -1.9148    0.5879    0.7425
DIM:ROT:      76         2   -1.9220    0.4326    0.9600
DIM:ROT:      76         3   -1.9290    0.5600    0.7100
DIM:ROT:      76         4   -1.9356    0.4143    0.9195
DIM:ROT:      77         1   -1.9594    0.5589    0.6933
DIM:ROT:      77         2   -1.9658    0.4050    0.9098
DIM:ROT:      77         3   -1.9720    0.5326    0.6607
DIM:ROT:      77         4   -1.9778    0.3872    0.8690
DIM:ROT:      78         1   -2.0051    0.5578    0.6481
DIM:ROT:      78         2   -2.0109    0.3858    0.8657
DIM:ROT:      78         3   -2.0164    0.5161    0.6121
DIM:ROT:      78         4   -2.0216    0.3665    0.8215
DIM:ROT:      79         1   -2.0391    0.5035    0.6209
DIM:ROT:      79         2   -2.0439    0.3576    0.7886
DIM:ROT:      79         3   -2.0486    0.4597    0.5796
DIM:ROT:      79         4   -2.0530    0.3395    0.7477
DIM:ROT:      80         1   -2.0051    0.4264    0.5889
DIM:ROT:      80         2   -2.0088    0.3175    0.6676
DIM:ROT:      80         3   -2.0123    0.3738    0.5346
DIM:ROT:      80         4   -2.0156    0.3013    0.6329
DIM:ROT:      81         1   -1.9642    0.4055    0.5581
DIM:ROT:      81         2   -1.9672    0.2953    0.5911
DIM:ROT:      81         3   -1.9700    0.3326    0.4876
DIM:ROT:      81         4   -1.9727    0.2781    0.5548
DIM:ROT:      82         1   -2.0101    0.3535    0.5172
DIM:ROT:      82         2   -2.0128    0.2819    0.5431
DIM:ROT:      82         3   -2.0153    0.3095    0.4677
DIM:ROT:      82         4   -2.0177    0.2677    0.5155
DIM:ROT:      83         1   -2.0622    0.3240    0.5104
DIM:ROT:      83         2   -2.0646    0.2701    0.5066
DIM:ROT:      83         3   -2.0668    0.2851    0.4561
DIM:ROT:      83         4   -2.0690    0.2573    0.4823
DIM:ROT:      84         1   -2.0562    0.3038    0.5035
DIM:ROT:      84         2   -2.0581    0.2481    0.4494
DIM:ROT:      84         3   -2.0600    0.2501    0.4220
DIM:ROT:      84         4   -2.0617    0.2357    0.4267
DIM:ROT:      85         1   -2.0362    0.3231    0.5563
DIM:ROT:      85         2   -2.0379    0.2357    0.3950
DIM:ROT:      85         3   -2.0394    0.2201    0.3946
DIM:ROT:      85         4   -2.0408    0.2220    0.3707
DIM:ROT:      86         1   -2.0794    0.2347    0.4227
DIM:ROT:      86         2   -2.0809    0.2216    0.3865
DIM:ROT:      86         3   -2.0823    0.2121    0.3747
DIM:ROT:      86         4   -2.0836    0.2080    0.3607
DIM:ROT:      87         1   -2.1136    0.2457    0.4038
DIM:ROT:      87         2   -2.1139    0.2049    0.3881
DIM:ROT:      87         3   -2.1152    0.2143    0.3438
DIM:ROT:      87         4   -2.1164    0.1918    0.3614
DIM:ROT:      88         1   -2.0774    0.2299    0.3649
DIM:ROT:      88         2   -2.0784    0.1810    0.3264
DIM:ROT:      88         3   -2.0794    0.1834    0.3021
DIM:ROT:      88         4   -2.0803    0.1709    0.3077
DIM:ROT:      89         1   -2.0441    0.1909    0.3311
DIM:ROT:      89         2   -2.0449    0.1630    0.2824
DIM:ROT:      89         3   -2.0456    0.1581    0.2746
DIM:ROT:      89         4   -2.0463    0.1546    0.2671
DIM:ROT:      90         1   -2.0342    0.1586    0.2833
DIM:ROT:      90         2   -2.0348    0.1503    0.2611
DIM:ROT:      90         3   -2.0355    0.1449    0.2541
DIM:ROT:      90         4   -2.0361    0.1421    0.2460
DIM:ROT:      91         1   -2.0361    0.1477    0.2515
DIM:ROT:      91         2   -2.0366    0.1364    0.2407
DIM:ROT:      91         3   -2.0372    0.1354    0.2295
DIM:ROT:      91         4   -2.0377    0.1295    0.2281
DIM:ROT:      92         1   -2.0171    0.1388    0.2404
DIM:ROT:      92         2   -2.0176    0.1282    0.2233
DIM:ROT:      92         3   -2.0181    0.1247    0.2157
DIM:ROT:      92         4   -2.0185    0.1210    0.2104
DIM:ROT:      93         1   -1.9849    0.1496    0.2640
DIM:ROT:      93         2   -1.9854    0.1241    0.2142
DIM:ROT:      93         3   -1.9858    0.1181    0.2093
DIM:ROT:      93         4   -1.9862    0.1163    0.1999
DIM:ROT:      94         1   -1.9249    0.1891    0.3060
DIM:ROT:      94         2   -1.9254    0.1306    0.2313
DIM:ROT:      94         3   -1.9259    0.1245    0.2147
DIM:ROT:      94         4   -1.9263    0.1182    0.2078
DIM:ROT:      95         1   -1.8999    0.1661    0.2487
DIM:ROT:      95         2   -1.9004    0.1243    0.2529
DIM:ROT:      95         3   -1.9009    0.1382    0.2033
DIM:ROT:      95         4   -1.9013    0.1126    0.2279
DIM:ROT:      96         1   -1.8691    0.1859    0.2577
DIM:ROT:      96         2   -1.8697    0.1319    0.2840
DIM:ROT:      96         3   -1.8703    0.1569    0.2137
DIM:ROT:      96         4   -1.8708    0.1192    0.2556
DIM:ROT:      97         1   -1.7969    0.2372    0.3749
DIM:ROT:      97         2   -1.7976    0.1641    0.2511
DIM:ROT:      97         3   -1.7983    0.1363    0.2651
DIM:ROT:      97         4   -1.7988    0.1468    0.2259
DIM:ROT:      98         1   -1.7563    0.1667    0.3018
DIM:ROT:      98         2   -1.7569    0.1456    0.2439
DIM:ROT:      98         3   -1.7574    0.1340    0.2424
DIM:ROT:      98         4   -1.7580    0.1341    0.2241
DIM:ROT:      99         1   -1.7805    0.1759    0.3254
DIM:ROT:      99         2   -1.7810    0.1327    0.2282
DIM:ROT:      99         3   -1.7815    0.1236    0.2227
DIM:ROT:      99         4   -1.7819    0.1219    0.2089
DIM:ROT:     100         1   -1.7836    0.1307    0.2314
DIM:ROT:     100         2   -1.7840    0.1227    0.2098
DIM:ROT:     100         3   -1.7845    0.1162    0.2050
DIM:ROT:     100         4   -1.7848    0.1139    0.1944
DIM:ROT:     101         1   -1.6932    0.2432    0.4366
DIM:ROT:     101         2   -1.6937    0.1397    0.2065
DIM:ROT:     101         3   -1.6942    0.1138    0.2257
DIM:ROT:     101         4   -1.6946    0.1266    0.1864
DIM:ROT:     102         1   -1.6819    0.1145    0.2378
DIM:ROT:     102         2   -1.6823    0.1263    0.1845
DIM:ROT:     102         3   -1.6827    0.1013    0.2083
DIM:ROT:     102         4   -1.6830    0.1154    0.1681
DIM:ROT:     103         1   -1.7396    0.1635    0.3291
DIM:ROT:     103         2   -1.7399    0.1043    0.1833
DIM:ROT:     103         3   -1.7402    0.0971    0.1716
DIM:ROT:     103         4   -1.7405    0.0935    0.1629
DIM:ROT:     104         1   -1.7440    0.1037    0.1719
DIM:ROT:     104         2   -1.7442    0.0899    0.1609
DIM:ROT:     104         3   -1.7444    0.0891    0.1484
DIM:ROT:     104         4   -1.7447    0.0827    0.1475
DIM:ROT:     105         1   -1.7255    0.1511    0.2616
DIM:ROT:     105         2   -1.7257    0.0980    0.1467
DIM:ROT:     105         3   -1.7260    0.0800    0.1583
DIM:ROT:     105         4   -1.7261    0.0874    0.1310
DIM:ROT:     106         1   -1.7531    0.1009    0.1898
DIM:ROT:     106         2   -1.7533    0.0840    0.1406
DIM:ROT:     106         3   -1.7534    0.0742    0.1389
DIM:ROT:     106         4   -1.7536    0.0739    0.1236
DIM:ROT:     107         1   -1.7952    0.1291    0.2242
DIM:ROT:     107         2   -1.7954    0.0782    0.1272
DIM:ROT:     107         3   -1.7955    0.0678    0.1273
DIM:ROT:     107         4   -1.7956    0.0689    0.1115
DIM:ROT:     108         1   -1.8108    0.0975    0.1439
DIM:ROT:     108         2   -1.8110    0.0681    0.1413
DIM:ROT:     108         3   -1.8111    0.0760    0.1091
DIM:ROT:     108         4   -1.8113    0.0599    0.1232
DIM:ROT:     109         1   -1.8179    0.1099    0.1423
DIM:ROT:     109         2   -1.8181    0.0693    0.1232
DIM:ROT:     109         3   -1.8182    0.0630    0.1086
DIM:ROT:     109         4   -1.8183    0.0588    0.1048
DIM:ROT:     110         1   -1.8652    0.1573    0.1503
DIM:ROT:     110         2   -1.8654    0.0681    0.1653
DIM:ROT:     110         3   -1.8656    0.0908    0.1011
DIM:ROT:     110         4   -1.8657    0.0583    0.1388
DIM:ROT:     111         1   -1.9211    0.1534    0.1900
DIM:ROT:     111         2   -1.9213    0.0860    0.1442
DIM:ROT:     111         3   -1.9215    0.0716    0.1293
