MinModeTranslate: STEP      TIME          ENERGY    MAX-FORCE     STEPSIZE    CURVATURE  ROT-STEPS
MinModeTranslate:    0  02:23:05    -3282.238967       0.0238     --------     0.206598          4
MinModeTranslate:    0  02:23:05    -3282.238967       0.0238     0.050000     0.206598          4
MinModeTranslate:    1  02:23:24    -3282.234693       0.0261     --------     0.136907          4
MinModeTranslate:    1  02:23:24    -3282.234693       0.0261     0.050000     0.136907          4
MinModeTranslate:    2  02:23:58    -3282.230104       0.0274     --------     0.098735          4
MinModeTranslate:    2  02:23:58    -3282.230104       0.0274     0.050000     0.098735          4
MinModeTranslate:    3  02:24:26    -3282.225357       0.0281     --------     0.075729          4
MinModeTranslate:    3  02:24:26    -3282.225357       0.0281     0.050000     0.075729          4
MinModeTranslate:    4  02:24:44    -3282.220521       0.0286     --------     0.059318          4
MinModeTranslate:    4  02:24:44    -3282.220521       0.0286     0.050000     0.059318          4
MinModeTranslate:    5  02:25:03    -3282.215624       0.0289     --------     0.049175          4
MinModeTranslate:    5  02:25:03    -3282.215624       0.0289     0.050000     0.049175          4
MinModeTranslate:    6  02:25:25    -3282.210682       0.0291     --------     0.040499          4
MinModeTranslate:    6  02:25:25    -3282.210682       0.0291     0.050000     0.040499          4
MinModeTranslate:    7  02:25:45    -3282.205710       0.0292     --------     0.033607          4
MinModeTranslate:    7  02:25:46    -3282.205710       0.0292     0.050000     0.033607          4
MinModeTranslate:    8  02:26:05    -3282.200717       0.0293     --------     0.027904          4
MinModeTranslate:    8  02:26:05    -3282.200717       0.0293     0.050000     0.027904          4
MinModeTranslate:    9  02:26:26    -3282.195703       0.0294     --------     0.023308          4
MinModeTranslate:    9  02:26:26    -3282.195703       0.0294     0.050000     0.023308          4
MinModeTranslate:   10  02:26:46    -3282.190663       0.0296     --------     0.018170          4
MinModeTranslate:   10  02:26:46    -3282.190663       0.0296     0.050000     0.018170          4
MinModeTranslate:   11  02:27:05    -3282.185595       0.0297     --------     0.012576          4
MinModeTranslate:   11  02:27:05    -3282.185595       0.0297     0.050000     0.012576          4
MinModeTranslate:   12  02:27:22    -3282.180496       0.0299     --------     0.005222          4
MinModeTranslate:   12  02:27:22    -3282.180496       0.0299     0.050000     0.005222          4
MinModeTranslate:   13  02:27:41    -3282.175372       0.1467     --------    -0.004218          4
MinModeTranslate:   13  02:27:42    -3282.175372       0.1467     0.024081    -0.004218          4
MinModeTranslate:   14  02:28:01    -3282.172858       0.4874     --------    -0.006292          4
MinModeTranslate:   14  02:28:03    -3282.172858       0.4874     0.050000    -0.006292          4
MinModeTranslate:   15  02:28:21    -3282.165334       1.0453     --------    -0.008616          4
MinModeTranslate:   15  02:28:22    -3282.165334       1.0453     0.050000    -0.008616          4
MinModeTranslate:   16  02:28:42    -3282.163715       0.9210     --------    -0.010835          4
MinModeTranslate:   16  02:28:43    -3282.163715       0.9210     0.007807    -0.010835          4
MinModeTranslate:   17  02:29:05    -3282.168718       0.1138     --------    -0.013399          4
MinModeTranslate:   17  02:29:06    -3282.168718       0.1138     0.011999    -0.013399          4
MinModeTranslate:   18  02:29:27    -3282.169335       0.0309     --------     0.008776          4
MinModeTranslate:   18  02:29:27    -3282.169335       0.0309     0.050000     0.008776          4
MinModeTranslate:   19  02:29:48    -3282.163971       0.2299     --------    -0.008934          4
MinModeTranslate:   19  02:29:49    -3282.163971       0.2299     0.033327    -0.008934          4
MinModeTranslate:   20  02:30:09    -3282.160361       0.4817     --------    -0.019699          4
MinModeTranslate:   20  02:30:10    -3282.160361       0.4817     0.041479    -0.019699          4
MinModeTranslate:   21  02:30:28    -3282.153070       0.8295     --------    -0.033529          4
MinModeTranslate:   21  02:30:29    -3282.153070       0.8295     0.050000    -0.033529          4
MinModeTranslate:   22  02:30:46    -3282.149515       0.5081     --------    -0.052228          4
MinModeTranslate:   22  02:30:47    -3282.149515       0.5081     0.007374    -0.052228          4
MinModeTranslate:   23  02:31:02    -3282.153348       0.1722     --------    -0.055093          4
MinModeTranslate:   23  02:31:03    -3282.153348       0.1722     0.005278    -0.055093          4
MinModeTranslate:   24  02:31:21    -3282.153977       0.0776     --------    -0.051759          4
MinModeTranslate:   24  02:31:22    -3282.153977       0.0776     0.015043    -0.051759          4
MinModeTranslate:   25  02:31:39    -3282.153982       0.2327     --------    -0.024017          4
MinModeTranslate:   25  02:31:40    -3282.153982       0.2327     0.039960    -0.024017          4
MinModeTranslate:   26  02:32:02    -3282.152894       0.0313     --------     0.044333          4
MinModeTranslate:   26  02:32:02    -3282.152894       0.0313     0.050000     0.044333          4
MinModeTranslate:   27  02:32:20    -3282.147321       0.0315     --------     0.004238          4
MinModeTranslate:   27  02:32:20    -3282.147321       0.0315     0.050000     0.004238          4
MinModeTranslate:   28  02:32:39    -3282.141754       0.5952     --------    -0.035588          4
MinModeTranslate:   28  02:32:40    -3282.141754       0.5952     0.050000    -0.035588          4
MinModeTranslate:   29  02:32:56    -3282.139707       0.2545     --------    -0.085410          4
MinModeTranslate:   29  02:32:57    -3282.139707       0.2545     0.009480    -0.085410          4
MinModeTranslate:   30  02:33:13    -3282.141367       0.0704     --------    -0.109700          4
MinModeTranslate:   30  02:33:14    -3282.141367       0.0704     0.007517    -0.109700          4
MinModeTranslate:   31  02:33:30    -3282.141442       0.1066     --------    -0.126196          4
MinModeTranslate:   31  02:33:31    -3282.141442       0.1066     0.039855    -0.126196          4
MinModeTranslate:   32  02:33:45    -3282.139537       0.5970     --------    -0.043357          4
MinModeTranslate:   32  02:33:46    -3282.139537       0.5970     0.050000    -0.043357          4
MinModeTranslate:   33  02:34:04    -3282.140535       0.0321     --------     0.069705          4
MinModeTranslate:   33  02:34:04    -3282.140535       0.0321     0.050000     0.069705          4
MinModeTranslate:   34  02:34:22    -3282.134633       0.5377     --------    -0.012688          4
MinModeTranslate:   34  02:34:23    -3282.134633       0.5377     0.050000    -0.012688          4
MinModeTranslate:   35  02:34:42    -3282.132361       0.2763     --------    -0.099315          4
MinModeTranslate:   35  02:34:43    -3282.132361       0.2763     0.010258    -0.099315          4
MinModeTranslate:   36  02:35:01    -3282.134195       0.1544     --------    -0.091031          4
MinModeTranslate:   36  02:35:02    -3282.134195       0.1544     0.005127    -0.091031          4
MinModeTranslate:   37  02:35:19    -3282.134355       0.1656     --------    -0.085356          4
MinModeTranslate:   37  02:35:20    -3282.134355       0.1656     0.017405    -0.085356          4
MinModeTranslate:   38  02:35:37    -3282.133638       0.1702     --------    -0.032742          4
MinModeTranslate:   38  02:35:39    -3282.133638       0.1702     0.050000    -0.032742          4
MinModeTranslate:   39  02:35:55    -3282.133339       0.0323     --------     0.099255          4
MinModeTranslate:   39  02:35:55    -3282.133339       0.0323     0.050000     0.099255          4
MinModeTranslate:   40  02:36:16    -3282.127283       0.0327     --------     0.005670          4
MinModeTranslate:   40  02:36:16    -3282.127283       0.0327     0.050000     0.005670          4
MinModeTranslate:   41  02:36:37    -3282.121250       0.1964     --------    -0.094134          4
MinModeTranslate:   41  02:36:39    -3282.121250       0.1964     0.050000    -0.094134          4
MinModeTranslate:   42  02:36:59    -3282.118107       0.3041     --------    -0.232829          4
MinModeTranslate:   42  02:37:01    -3282.118107       0.3041     0.050000    -0.232829          4
MinModeTranslate:   43  02:37:22    -3282.112206       0.4036     --------    -0.340353          4
MinModeTranslate:   43  02:37:24    -3282.112206       0.4036     0.050000    -0.340353          4
MinModeTranslate:   44  02:37:44    -3282.103773       0.5887     --------    -0.293833          4
MinModeTranslate:   44  02:37:45    -3282.103773       0.5887     0.050000    -0.293833          4
MinModeTranslate:   45  02:38:00    -3282.100525       0.2897     --------    -0.106753          4
MinModeTranslate:   45  02:38:01    -3282.100525       0.2897     0.041425    -0.106753          4
MinModeTranslate:   46  02:38:17    -3282.100761       0.0280     --------     0.066162          4
MinModeTranslate:   46  02:38:17    -3282.100761       0.0280     0.050000     0.066162          4
MinModeTranslate:   47  02:38:32    -3282.095446       0.0278     --------     0.169162          4
MinModeTranslate:   47  02:38:32    -3282.095446       0.0278     0.050000     0.169162          4
MinModeTranslate:   48  02:38:50    -3282.089821       0.0292     --------     0.040650          4
MinModeTranslate:   48  02:38:50    -3282.089821       0.0292     0.050000     0.040650          4
MinModeTranslate:   49  02:39:06    -3282.084143       0.2080     --------    -0.146844          4
MinModeTranslate:   49  02:39:07    -3282.084143       0.2080     0.050000    -0.146844          4
MinModeTranslate:   50  02:39:21    -3282.079872       0.3850     --------    -0.398585          4
MinModeTranslate:   50  02:39:22    -3282.079872       0.3850     0.050000    -0.398585          4
MinModeTranslate:   51  02:39:38    -3282.073730       0.2695     --------    -0.662214          4
MinModeTranslate:   51  02:39:39    -3282.073730       0.2695     0.050000    -0.662214          4
MinModeTranslate:   52  02:39:53    -3282.070806       0.4737     --------    -0.834921          4
MinModeTranslate:   52  02:39:54    -3282.070806       0.4737     0.035292    -0.834921          4
MinModeTranslate:   53  02:40:12    -3282.070657       0.1434     --------    -0.938812          4
MinModeTranslate:   53  02:40:13    -3282.070657       0.1434     0.009354    -0.938812          4
MinModeTranslate:   54  02:40:32    -3282.070969       0.1374     --------    -1.063476          4
MinModeTranslate:   54  02:40:33    -3282.070969       0.1374     0.005992    -1.063476          4
MinModeTranslate:   55  02:40:50    -3282.071270       0.1183     --------    -1.180173          4
MinModeTranslate:   55  02:40:51    -3282.071270       0.1183     0.014943    -1.180173          4
MinModeTranslate:   56  02:41:13    -3282.072258       0.0924     --------    -1.239363          4
MinModeTranslate:   56  02:41:15    -3282.072258       0.0924     0.019227    -1.239363          4
MinModeTranslate:   57  02:41:32    -3282.073908       0.2509     --------    -1.243990          4
MinModeTranslate:   57  02:41:33    -3282.073908       0.2509     0.023494    -1.243990          4
MinModeTranslate:   58  02:41:49    -3282.076578       0.1597     --------    -1.154127          4
MinModeTranslate:   58  02:41:50    -3282.076578       0.1597     0.047595    -1.154127          4
MinModeTranslate:   59  02:42:05    -3282.083462       0.1928     --------    -0.824297          4
MinModeTranslate:   59  02:42:06    -3282.083462       0.1928     0.050000    -0.824297          4
MinModeTranslate:   60  02:42:23    -3282.092182       0.1240     --------    -0.522267          4
MinModeTranslate:   60  02:42:24    -3282.092182       0.1240     0.023030    -0.522267          4
MinModeTranslate:   61  02:42:40    -3282.096031       0.3593     --------    -0.418337          4
MinModeTranslate:   61  02:42:41    -3282.096031       0.3593     0.046021    -0.418337          4
MinModeTranslate:   62  02:42:58    -3282.102046       0.1909     --------    -0.173617          4
MinModeTranslate:   62  02:42:59    -3282.102046       0.1909     0.050000    -0.173617          4
MinModeTranslate:   63  02:43:20    -3282.108745       0.0736     --------     0.090945          4
MinModeTranslate:   63  02:43:20    -3282.108745       0.0736     0.050000     0.090945          4
MinModeTranslate:   64  02:43:42    -3282.102083       0.2924     --------    -0.296812          4
MinModeTranslate:   64  02:43:43    -3282.102083       0.2924     0.050000    -0.296812          4
MinModeTranslate:   65  02:43:59    -3282.097638       0.4572     --------    -0.660476          4
MinModeTranslate:   65  02:44:00    -3282.097638       0.4572     0.050000    -0.660476          4
MinModeTranslate:   66  02:44:15    -3282.093055       0.4893     --------    -1.002588          4
MinModeTranslate:   66  02:44:15    -3282.093055       0.4893     0.020653    -1.002588          4
MinModeTranslate:   67  02:44:32    -3282.094355       0.2423     --------    -1.131951          4
MinModeTranslate:   67  02:44:33    -3282.094355       0.2423     0.015557    -1.131951          4
MinModeTranslate:   68  02:44:53    -3282.094465       0.2044     --------    -1.208979          4
MinModeTranslate:   68  02:44:54    -3282.094465       0.2044     0.011737    -1.208979          4
MinModeTranslate:   69  02:45:19    -3282.094745       0.2933     --------    -1.327153          4
MinModeTranslate:   69  02:45:20    -3282.094745       0.2933     0.018817    -1.327153          4
MinModeTranslate:   70  02:45:37    -3282.095423       0.1940     --------    -1.520904          4
MinModeTranslate:   70  02:45:38    -3282.095423       0.1940     0.015554    -1.520904          4
MinModeTranslate:   71  02:45:54    -3282.096305       0.3190     --------    -1.608285          4
MinModeTranslate:   71  02:45:55    -3282.096305       0.3190     0.016266    -1.608285          4
MinModeTranslate:   72  02:46:11    -3282.097362       0.1705     --------    -1.669190          4
MinModeTranslate:   72  02:46:12    -3282.097362       0.1705     0.022634    -1.669190          4
MinModeTranslate:   73  02:46:28    -3282.098944       0.3080     --------    -1.787683          4
MinModeTranslate:   73  02:46:30    -3282.098944       0.3080     0.015048    -1.787683          4
MinModeTranslate:   74  02:46:50    -3282.100168       0.1110     --------    -1.873425          4
MinModeTranslate:   74  02:46:52    -3282.100168       0.1110     0.015386    -1.873425          4
MinModeTranslate:   75  02:47:10    -3282.101467       0.1557     --------    -1.911919          4
MinModeTranslate:   75  02:47:11    -3282.101467       0.1557     0.009662    -1.911919          4
MinModeTranslate:   76  02:47:27    -3282.102211       0.1530     --------    -1.935627          4
MinModeTranslate:   76  02:47:29    -3282.102211       0.1530     0.019720    -1.935627          4
MinModeTranslate:   77  02:51:01    -3282.103625       0.1374     --------    -1.977808          4
MinModeTranslate:   77  02:51:04    -3282.103625       0.1374     0.016460    -1.977808          4
MinModeTranslate:   78  02:51:29    -3282.104797       0.2724     --------    -2.021628          4
MinModeTranslate:   78  02:51:31    -3282.104797       0.2724     0.028960    -2.021628          4
MinModeTranslate:   79  02:51:57    -3282.106784       0.1445     --------    -2.053023          4
MinModeTranslate:   79  02:51:59    -3282.106784       0.1445     0.038246    -2.053023          4
MinModeTranslate:   80  02:52:21    -3282.109224       0.4306     --------    -2.015584          4
MinModeTranslate:   80  02:52:22    -3282.109224       0.4306     0.050000    -2.015584          4
MinModeTranslate:   81  02:52:50    -3282.112678       0.1931     --------    -1.972702          4
MinModeTranslate:   81  02:52:51    -3282.112678       0.1931     0.022147    -1.972702          4
MinModeTranslate:   82  02:53:24    -3282.114490       0.2420     --------    -2.017687          4
MinModeTranslate:   82  02:53:26    -3282.114490       0.2420     0.024155    -2.017687          4
MinModeTranslate:   83  02:54:00    -3282.115977       0.1831     --------    -2.068982          4
MinModeTranslate:   83  02:54:01    -3282.115977       0.1831     0.027933    -2.068982          4
MinModeTranslate:   84  02:54:26    -3282.117750       0.3270     --------    -2.061705          4
MinModeTranslate:   84  02:54:27    -3282.117750       0.3270     0.034897    -2.061705          4
MinModeTranslate:   85  02:54:51    -3282.119860       0.2014     --------    -2.040807          4
MinModeTranslate:   85  02:54:52    -3282.119860       0.2014     0.047863    -2.040807          4
MinModeTranslate:   86  02:55:16    -3282.122535       0.5765     --------    -2.083574          4
MinModeTranslate:   86  02:55:17    -3282.122535       0.5765     0.050000    -2.083574          4
MinModeTranslate:   87  02:55:41    -3282.126313       0.2240     --------    -2.116432          4
MinModeTranslate:   87  02:55:42    -3282.126313       0.2240     0.009574    -2.116432          4
MinModeTranslate:   88  02:56:06    -3282.128030       0.2172     --------    -2.080314          4
MinModeTranslate:   88  02:56:07    -3282.128030       0.2172     0.006093    -2.080314          4
MinModeTranslate:   89  02:56:32    -3282.128627       0.0980     --------    -2.046333          4
MinModeTranslate:   89  02:56:33    -3282.128627       0.0980     0.010415    -2.046333          4
MinModeTranslate:   90  02:57:08    -3282.129482       0.2446     --------    -2.036083          4
MinModeTranslate:   90  02:57:10    -3282.129482       0.2446     0.010429    -2.036083          4
MinModeTranslate:   91  02:57:41    -3282.130271       0.1374     --------    -2.037691          4
MinModeTranslate:   91  02:57:42    -3282.130271       0.1374     0.019509    -2.037691          4
MinModeTranslate:   92  02:58:12    -3282.131640       0.1759     --------    -2.018503          4
MinModeTranslate:   92  02:58:13    -3282.131640       0.1759     0.016283    -2.018503          4
MinModeTranslate:   93  02:58:41    -3282.132698       0.2421     --------    -1.986232          4
MinModeTranslate:   93  02:58:42    -3282.132698       0.2421     0.031363    -1.986232          4
MinModeTranslate:   94  02:59:16    -3282.134617       0.1766     --------    -1.926320          4
MinModeTranslate:   94  02:59:17    -3282.134617       0.1766     0.028796    -1.926320          4
MinModeTranslate:   95  02:59:49    -3282.136388       0.3464     --------    -1.901334          4
MinModeTranslate:   95  02:59:51    -3282.136388       0.3464     0.035982    -1.901334          4
MinModeTranslate:   96  03:00:22    -3282.138577       0.1536     --------    -1.870809          4
MinModeTranslate:   96  03:00:24    -3282.138577       0.1536     0.035000    -1.870809          4
MinModeTranslate:   97  03:00:50    -3282.140535       0.2815     --------    -1.798829          4
MinModeTranslate:   97  03:00:51    -3282.140535       0.2815     0.024992    -1.798829          4
MinModeTranslate:   98  03:01:17    -3282.141905       0.1262     --------    -1.757959          4
MinModeTranslate:   98  03:01:18    -3282.141905       0.1262     0.023355    -1.757959          4
MinModeTranslate:   99  03:01:43    -3282.143141       0.2189     --------    -1.781942          4
MinModeTranslate:   99  03:01:45    -3282.143141       0.2189     0.021092    -1.781942          4
MinModeTranslate:  100  03:02:09    -3282.144206       0.1558     --------    -1.784828          4
MinModeTranslate:  100  03:02:11    -3282.144206       0.1558     0.047733    -1.784828          4
MinModeTranslate:  101  03:02:39    -3282.146497       0.2312     --------    -1.694602          4
MinModeTranslate:  101  03:02:41    -3282.146497       0.2312     0.032877    -1.694602          4
MinModeTranslate:  102  03:03:10    -3282.147983       0.2871     --------    -1.683016          4
MinModeTranslate:  102  03:03:11    -3282.147983       0.2871     0.050000    -1.683016          4
MinModeTranslate:  103  03:03:35    -3282.151045       0.1989     --------    -1.740489          4
MinModeTranslate:  103  03:03:36    -3282.151045       0.1989     0.015341    -1.740489          4
MinModeTranslate:  104  03:04:02    -3282.152579       0.2971     --------    -1.744655          4
MinModeTranslate:  104  03:04:04    -3282.152579       0.2971     0.034682    -1.744655          4
MinModeTranslate:  105  03:04:30    -3282.154940       0.2269     --------    -1.726147          4
MinModeTranslate:  105  03:04:32    -3282.154940       0.2269     0.028934    -1.726147          4
MinModeTranslate:  106  03:05:00    -3282.157408       0.3558     --------    -1.753600          4
MinModeTranslate:  106  03:05:02    -3282.157408       0.3558     0.022834    -1.753600          4
MinModeTranslate:  107  03:05:31    -3282.159295       0.1782     --------    -1.795638          4
MinModeTranslate:  107  03:05:33    -3282.159295       0.1782     0.025920    -1.795638          4
MinModeTranslate:  108  03:06:03    -3282.161320       0.2543     --------    -1.811273          4
MinModeTranslate:  108  03:06:05    -3282.161320       0.2543     0.024261    -1.811273          4
MinModeTranslate:  109  03:06:35    -3282.163118       0.1695     --------    -1.818317          4
MinModeTranslate:  109  03:06:37    -3282.163118       0.1695     0.036202    -1.818317          4
MinModeTranslate:  110  03:07:05    -3282.165730       0.2796     --------    -1.865719          4
MinModeTranslate:  110  03:07:07    -3282.165730       0.2796     0.030182    -1.865719          4
