MINMODE:METHOD: Dimer
DIM:CONTROL: Search Parameters:
DIM:CONTROL: ------------------
DIM:CONTROL: eigenmode_method = dimer
DIM:CONTROL: f_rot_min = 0.01
DIM:CONTROL: f_rot_max = 0.05
DIM:CONTROL: max_num_rot = 4
DIM:CONTROL: trial_angle = 0.7853981633974483
DIM:CONTROL: trial_trans_step = 0.001
DIM:CONTROL: maximum_translation = 0.05
DIM:CONTROL: cg_translation = True
DIM:CONTROL: use_central_forces = False
DIM:CONTROL: dimer_separation = 0.005
DIM:CONTROL: initial_eigenmode_method = gauss
DIM:CONTROL: extrapolate_forces = False
DIM:CONTROL: displacement_method = gauss
DIM:CONTROL: gauss_std = 0.1
DIM:CONTROL: order = 1
DIM:CONTROL: mask = None
DIM:CONTROL: displacement_center = None
DIM:CONTROL: displacement_radius = None
DIM:CONTROL: number_of_displacement_atoms = None
DIM:CONTROL: ------------------
DIM:ROT: OPT-STEP ROT-STEP CURVATURE ROT-ANGLE ROT-FORCE
DIM:ROT:       0         1    1.8704   16.0829   14.1138
DIM:ROT:       0         2    1.0006    6.8112    7.2602
DIM:ROT:       0         3    0.7475    2.8128    5.1568
DIM:ROT:       0         4    0.5942    2.1861    4.0102
DIM:ROT:       1         1    0.5006    1.9693    3.4483
DIM:ROT:       1         2    0.4139    1.6556    3.0205
DIM:ROT:       1         3    0.3472    1.4797    2.5637
DIM:ROT:       1         4    0.2971    1.2661    2.3001
DIM:ROT:       2         1    0.2661    1.2031    2.1062
DIM:ROT:       2         2    0.2348    1.0294    1.8402
DIM:ROT:       2         3    0.2067    0.9363    1.6037
DIM:ROT:       2         4    0.1898    0.8140    1.4513
DIM:ROT:       3         1    0.1804    0.8275    1.4530
DIM:ROT:       3         2    0.1712    0.6917    1.2314
DIM:ROT:       3         3    0.1528    0.6618    1.0896
DIM:ROT:       3         4    0.1490    0.5607    1.0203
DIM:ROT:       4         1    0.1450    0.6173    1.0787
DIM:ROT:       4         2    0.1366    0.5190    0.9244
DIM:ROT:       4         3    0.1298    0.4806    0.8092
DIM:ROT:       4         4    0.1241    0.4312    0.7579
DIM:ROT:       5         1    0.1274    0.4994    0.8975
DIM:ROT:       5         2    0.1220    0.4239    0.7377
DIM:ROT:       5         3    0.1175    0.3849    0.6586
DIM:ROT:       5         4    0.1138    0.3546    0.6069
DIM:ROT:       6         1    0.1155    0.4349    0.7825
DIM:ROT:       6         2    0.1087    0.3775    0.6466
DIM:ROT:       6         3    0.1080    0.3223    0.5709
DIM:ROT:       6         4    0.1050    0.3111    0.5087
DIM:ROT:       7         1    0.1019    0.4312    0.7557
DIM:ROT:       7         2    0.0983    0.3305    0.6073
DIM:ROT:       7         3    0.0956    0.3108    0.5036
DIM:ROT:       7         4    0.0932    0.2728    0.4863
DIM:ROT:       8         1    0.0847    0.4552    0.7121
DIM:ROT:       8         2    0.0815    0.3039    0.6144
DIM:ROT:       8         3    0.0791    0.3203    0.4570
DIM:ROT:       8         4    0.0770    0.2508    0.4928
DIM:ROT:       9         1    0.0709    0.3958    0.6293
DIM:ROT:       9         2    0.0676    0.2924    0.5640
DIM:ROT:       9         3    0.0656    0.2956    0.4448
DIM:ROT:       9         4    0.0633    0.2464    0.4608
DIM:ROT:      10         1    0.0552    0.4859    0.6534
DIM:ROT:      10         2    0.0507    0.3015    0.6443
DIM:ROT:      10         3    0.0490    0.3468    0.4462
DIM:ROT:      10         4    0.0457    0.2572    0.5301
DIM:ROT:      11         1    0.0316    0.5487    0.6688
DIM:ROT:      11         2    0.0252    0.3320    0.7241
DIM:ROT:      11         3    0.0233    0.4023    0.4883
DIM:ROT:      11         4    0.0183    0.2929    0.6139
DIM:ROT:      12         1    0.0022    0.6605    0.7132
DIM:ROT:      12         2   -0.0035    0.3770    0.8579
DIM:ROT:      12         3   -0.0087    0.5251    0.5515
DIM:ROT:      12         4   -0.0133    0.3418    0.7715
DIM:ROT:      13         1   -0.0649    0.5667    0.7505
DIM:ROT:      13         2   -0.0701    0.3675    0.8323
DIM:ROT:      13         3   -0.0751    0.4708    0.5917
DIM:ROT:      13         4   -0.0794    0.3400    0.7626
DIM:ROT:      14         1   -0.1250    0.7006    0.7822
DIM:ROT:      14         2   -0.1401    0.4413    0.9864
DIM:ROT:      14         3   -0.1397    0.5406    0.6618
DIM:ROT:      14         4   -0.1526    0.4169    0.8668
DIM:ROT:      15         1   -0.1397    0.6618    0.7223
DIM:ROT:      15         2   -0.1470    0.4498    0.9338
DIM:ROT:      15         3   -0.1539    0.6093    0.6559
DIM:ROT:      15         4   -0.1606    0.4309    0.8909
DIM:ROT:      16         1   -0.1748    0.5318    0.7029
DIM:ROT:      16         2   -0.1801    0.3880    0.8120
DIM:ROT:      16         3   -0.1857    0.4879    0.6239
DIM:ROT:      16         4   -0.1907    0.3774    0.7866
DIM:ROT:      17         1   -0.2609    0.6291    0.6869
DIM:ROT:      17         2   -0.2678    0.4180    0.9456
DIM:ROT:      17         3   -0.2745    0.5975    0.6455
DIM:ROT:      17         4   -0.2811    0.4096    0.9241
DIM:ROT:      18         1   -0.3502    1.2068    0.8496
DIM:ROT:      18         2   -0.3646    0.5766    1.4198
DIM:ROT:      18         3   -0.3775    0.9434    0.7888
DIM:ROT:      18         4   -0.3901    0.5451    1.3156
DIM:ROT:      19         1   -0.4214    1.4027    0.9710
DIM:ROT:      19         2   -0.4429    0.6685    1.8372
DIM:ROT:      19         3   -0.4634    1.2516    0.9479
DIM:ROT:      19         4   -0.4840    0.6570    1.7889
DIM:ROT:      20         1   -0.6335    2.9168    1.3999
DIM:ROT:      20         2   -0.6936    1.1118    3.1564
DIM:ROT:      20         3   -0.7452    2.1487    1.4086
DIM:ROT:      20         4   -0.7954    1.0214    2.7978
DIM:ROT:      21         1   -1.0182    2.7145    1.6371
DIM:ROT:      21         2   -1.0944    1.2909    3.3529
DIM:ROT:      21         3   -1.1681    2.6188    1.6170
DIM:ROT:      21         4   -1.2415    1.2671    3.2860
DIM:ROT:      22         1   -1.7584    4.1811    2.1512
DIM:ROT:      22         2   -1.9116    1.7331    4.9645
DIM:ROT:      22         3   -2.0616    3.9066    2.1006
DIM:ROT:      22         4   -2.1908    1.6588    4.7518
DIM:ROT:      23         1   -2.9409    4.8091    2.8150
DIM:ROT:      23         2   -3.1580    2.0557    6.1174
DIM:ROT:      23         3   -3.3622    4.3647    2.6447
DIM:ROT:      23         4   -3.5529    1.8896    5.6211
DIM:ROT:      24         1   -4.2235    3.4650    3.0589
DIM:ROT:      24         2   -4.3895    1.9280    4.9345
DIM:ROT:      24         3   -4.5381    3.0827    2.7637
DIM:ROT:      24         4   -4.6711    1.7238    4.4202
DIM:ROT:      25         1   -5.4735    2.8095    3.2530
DIM:ROT:      25         2   -5.6135    1.8409    4.3712
DIM:ROT:      25         3   -5.7374    2.4666    2.8681
DIM:ROT:      25         4   -5.8450    1.6136    3.8410
DIM:ROT:      26         1   -6.6045    2.1954    3.4157
DIM:ROT:      26         2   -6.7192    1.7329    3.7729
DIM:ROT:      26         3   -6.8180    1.9119    2.9807
DIM:ROT:      26         4   -6.9050    1.5075    3.2883
DIM:ROT:      27         1   -7.0449    1.5381    3.6752
DIM:ROT:      27         2   -7.1244    1.9647    2.3419
DIM:ROT:      27         3   -7.1912    1.2611    3.0024
DIM:ROT:      27         4   -7.2449    1.6259    1.9356
DIM:ROT:      28         1   -7.1033    1.2449    3.6314
DIM:ROT:      28         2   -7.1611    2.1709    1.4872
DIM:ROT:      28         3   -7.2006    0.9022    2.6064
DIM:ROT:      28         4   -7.2328    1.6091    1.1090
DIM:ROT:      29         1   -7.2067    0.6981    1.9877
DIM:ROT:      29         2   -7.2247    1.0943    0.9926
DIM:ROT:      29         3   -7.2407    0.5526    1.5644
DIM:ROT:      29         4   -7.2523    0.8777    0.7958
DIM:ROT:      30         1   -5.9736    0.6758    1.4113
DIM:ROT:      30         2   -5.9871    0.6123    1.0355
DIM:ROT:      30         3   -5.9930    0.4881    0.9774
DIM:ROT:      30         4   -6.0022    0.4808    0.7952
DIM:ROT:      31         1   -2.8436    7.3010    2.5917
DIM:ROT:      31         2   -2.9445    1.7850    3.1604
DIM:ROT:      31         3   -2.9773    1.1544    2.2282
DIM:ROT:      31         4   -3.0228    1.0957    1.7371
