MINMODE:METHOD: Dimer
DIM:CONTROL: Search Parameters:
DIM:CONTROL: ------------------
DIM:CONTROL: eigenmode_method = dimer
DIM:CONTROL: f_rot_min = 0.01
DIM:CONTROL: f_rot_max = 0.05
DIM:CONTROL: max_num_rot = 4
DIM:CONTROL: trial_angle = 0.7853981633974483
DIM:CONTROL: trial_trans_step = 0.001
DIM:CONTROL: maximum_translation = 0.05
DIM:CONTROL: cg_translation = True
DIM:CONTROL: use_central_forces = False
DIM:CONTROL: dimer_separation = 0.005
DIM:CONTROL: initial_eigenmode_method = gauss
DIM:CONTROL: extrapolate_forces = False
DIM:CONTROL: displacement_method = gauss
DIM:CONTROL: gauss_std = 0.1
DIM:CONTROL: order = 1
DIM:CONTROL: mask = None
DIM:CONTROL: displacement_center = None
DIM:CONTROL: displacement_radius = None
DIM:CONTROL: number_of_displacement_atoms = None
DIM:CONTROL: ------------------
DIM:ROT: OPT-STEP ROT-STEP CURVATURE ROT-ANGLE ROT-FORCE
DIM:ROT:       0         1   -0.0256    1.4839    1.9160
DIM:ROT:       0         2   -0.0420    0.7294    1.2861
DIM:ROT:       0         3   -0.0502    0.6163    0.7569
DIM:ROT:       0         4   -0.0549    0.3976    0.6787
DIM:ROT:       1         1   -0.0552    0.4729    0.4176
DIM:ROT:       1         2   -0.0574    0.2450    0.5160
DIM:ROT:       1         3   -0.0588    0.2867    0.2848
DIM:ROT:       1         4   -0.0599    0.1672    0.3668
DIM:ROT:       2         1   -0.0616    0.2069    0.2309
DIM:ROT:       2         2   -0.0623    0.1318    0.3014
DIM:ROT:       2         3   -0.0629    0.1752    0.1950
DIM:ROT:       2         4   -0.0634    0.1148    0.2619
DIM:ROT:       3         1   -0.0649    0.1528    0.1952
DIM:ROT:       3         2   -0.0654    0.1112    0.2341
DIM:ROT:       3         3   -0.0658    0.1321    0.1768
DIM:ROT:       3         4   -0.0662    0.1015    0.2146
DIM:ROT:       4         1   -0.0658    0.1335    0.2168
DIM:ROT:       4         2   -0.0663    0.1203    0.1963
DIM:ROT:       4         3   -0.0666    0.1104    0.1917
DIM:ROT:       4         4   -0.0670    0.1085    0.1816
DIM:ROT:       5         1   -0.0651    0.1050    0.1764
DIM:ROT:       5         2   -0.0654    0.1031    0.1707
DIM:ROT:       5         3   -0.0657    0.1000    0.1689
DIM:ROT:       5         4   -0.0660    0.0991    0.1646
DIM:ROT:       6         1   -0.0621    0.0936    0.1663
DIM:ROT:       6         2   -0.0624    0.0947    0.1543
DIM:ROT:       6         3   -0.0626    0.0886    0.1579
DIM:ROT:       6         4   -0.0628    0.0911    0.1484
DIM:ROT:       7         1   -0.0683    0.1080    0.1866
DIM:ROT:       7         2   -0.0686    0.1059    0.1644
DIM:ROT:       7         3   -0.0689    0.0958    0.1706
DIM:ROT:       7         4   -0.0692    0.1000    0.1570
DIM:ROT:       8         1   -0.0787    0.1260    0.2345
DIM:ROT:       8         2   -0.0791    0.1269    0.1809
DIM:ROT:       8         3   -0.0795    0.1032    0.1999
DIM:ROT:       8         4   -0.0798    0.1150    0.1677
DIM:ROT:       9         1   -0.0627    0.1029    0.2124
DIM:ROT:       9         2   -0.0629    0.1070    0.1535
DIM:ROT:       9         3   -0.0632    0.0820    0.1698
DIM:ROT:       9         4   -0.0634    0.0935    0.1325
DIM:ROT:      10         1   -0.0680    0.0880    0.1652
DIM:ROT:      10         2   -0.0682    0.0948    0.1398
DIM:ROT:      10         3   -0.0685    0.0820    0.1539
DIM:ROT:      10         4   -0.0687    0.0910    0.1340
DIM:ROT:      11         1   -0.0803    0.1472    0.1949
DIM:ROT:      11         2   -0.0807    0.1102    0.2305
DIM:ROT:      11         3   -0.0811    0.1339    0.1762
DIM:ROT:      11         4   -0.0815    0.1037    0.2157
DIM:ROT:      12         1   -0.0647    0.0982    0.1743
DIM:ROT:      12         2   -0.0649    0.0939    0.1519
DIM:ROT:      12         3   -0.0652    0.0846    0.1539
DIM:ROT:      12         4   -0.0654    0.0870    0.1412
DIM:ROT:      13         1   -0.0571    0.0881    0.1578
DIM:ROT:      13         2   -0.0573    0.0850    0.1365
DIM:ROT:      13         3   -0.0575    0.0762    0.1369
DIM:ROT:      13         4   -0.0576    0.0779    0.1244
DIM:ROT:      14         1   -0.0656    0.1087    0.1752
DIM:ROT:      14         2   -0.0658    0.0951    0.1643
DIM:ROT:      14         3   -0.0661    0.0919    0.1537
DIM:ROT:      14         4   -0.0663    0.0873    0.1522
DIM:ROT:      15         1   -0.0712    0.1181    0.2126
DIM:ROT:      15         2   -0.0715    0.1132    0.1634
DIM:ROT:      15         3   -0.0718    0.0924    0.1738
DIM:ROT:      15         4   -0.0721    0.0995    0.1476
DIM:ROT:      16         1   -0.0593    0.1020    0.1905
DIM:ROT:      16         2   -0.0595    0.0998    0.1488
DIM:ROT:      16         3   -0.0598    0.0815    0.1543
DIM:ROT:      16         4   -0.0600    0.0867    0.1287
DIM:ROT:      17         1   -0.0632    0.1099    0.2051
DIM:ROT:      17         2   -0.0635    0.1059    0.1567
DIM:ROT:      17         3   -0.0637    0.0857    0.1666
DIM:ROT:      17         4   -0.0640    0.0928    0.1392
DIM:ROT:      18         1   -0.0863    0.1450    0.2346
DIM:ROT:      18         2   -0.0868    0.1271    0.2153
DIM:ROT:      18         3   -0.0872    0.1196    0.2029
DIM:ROT:      18         4   -0.0876    0.1142    0.1974
DIM:ROT:      19         1   -0.0770    0.1110    0.2213
DIM:ROT:      19         2   -0.0773    0.1140    0.1556
DIM:ROT:      19         3   -0.0776    0.0858    0.1751
DIM:ROT:      19         4   -0.0778    0.0990    0.1357
DIM:ROT:      20         1   -0.0582    0.1106    0.2230
DIM:ROT:      20         2   -0.0584    0.1032    0.1466
DIM:ROT:      20         3   -0.0586    0.0749    0.1562
DIM:ROT:      20         4   -0.0588    0.0827    0.1174
DIM:ROT:      21         1   -0.0727    0.1365    0.2123
DIM:ROT:      21         2   -0.0731    0.1104    0.1914
DIM:ROT:      21         3   -0.0734    0.1038    0.1675
DIM:ROT:      21         4   -0.0736    0.0934    0.1639
DIM:ROT:      22         1   -0.0781    0.1317    0.2383
DIM:ROT:      22         2   -0.0785    0.1286    0.1790
DIM:ROT:      22         3   -0.0789    0.1019    0.1919
DIM:ROT:      22         4   -0.0792    0.1101    0.1589
DIM:ROT:      23         1   -0.0596    0.1133    0.2172
DIM:ROT:      23         2   -0.0599    0.1029    0.1645
DIM:ROT:      23         3   -0.0602    0.0821    0.1600
DIM:ROT:      23         4   -0.0603    0.0825    0.1309
DIM:ROT:      24         1   -0.0585    0.1062    0.1913
DIM:ROT:      24         2   -0.0587    0.0909    0.1464
DIM:ROT:      24         3   -0.0589    0.0754    0.1400
DIM:ROT:      24         4   -0.0591    0.0748    0.1207
DIM:ROT:      25         1   -0.0786    0.1641    0.2091
DIM:ROT:      25         2   -0.0790    0.1121    0.2292
DIM:ROT:      25         3   -0.0794    0.1255    0.1704
DIM:ROT:      25         4   -0.0797    0.0966    0.1999
DIM:ROT:      26         1   -0.0763    0.1326    0.2229
DIM:ROT:      26         2   -0.0767    0.1182    0.1831
DIM:ROT:      26         3   -0.0770    0.1014    0.1804
DIM:ROT:      26         4   -0.0773    0.1011    0.1623
DIM:ROT:      27         1   -0.0606    0.1040    0.1823
DIM:ROT:      27         2   -0.0609    0.0909    0.1558
DIM:ROT:      27         3   -0.0611    0.0807    0.1418
DIM:ROT:      27         4   -0.0612    0.0757    0.1283
DIM:ROT:      28         1   -0.0673    0.0795    0.1397
DIM:ROT:      28         2   -0.0675    0.0768    0.1237
DIM:ROT:      28         3   -0.0676    0.0698    0.1244
DIM:ROT:      28         4   -0.0678    0.0711    0.1148
DIM:ROT:      29         1   -0.0819    0.1181    0.1592
DIM:ROT:      29         2   -0.0822    0.0908    0.1818
DIM:ROT:      29         3   -0.0824    0.1049    0.1450
DIM:ROT:      29         4   -0.0827    0.0849    0.1705
DIM:ROT:      30         1   -0.0717    0.0742    0.1373
DIM:ROT:      30         2   -0.0718    0.0775    0.1147
DIM:ROT:      30         3   -0.0720    0.0663    0.1250
DIM:ROT:      30         4   -0.0721    0.0729    0.1085
DIM:ROT:      31         1   -0.0595    0.0732    0.1439
DIM:ROT:      31         2   -0.0597    0.0716    0.1071
DIM:ROT:      31         3   -0.0598    0.0566    0.1129
DIM:ROT:      31         4   -0.0599    0.0615    0.0913
DIM:ROT:      32         1   -0.0716    0.0945    0.1683
DIM:ROT:      32         2   -0.0718    0.0887    0.1291
DIM:ROT:      32         3   -0.0720    0.0717    0.1344
DIM:ROT:      32         4   -0.0722    0.0756    0.1140
DIM:ROT:      33         1   -0.0834    0.1273    0.2402
DIM:ROT:      33         2   -0.0838    0.1264    0.1603
DIM:ROT:      33         3   -0.0840    0.0917    0.1782
DIM:ROT:      33         4   -0.0843    0.1027    0.1375
DIM:ROT:      34         1   -0.0658    0.1305    0.2622
DIM:ROT:      34         2   -0.0661    0.1192    0.1620
DIM:ROT:      34         3   -0.0663    0.0809    0.1706
DIM:ROT:      34         4   -0.0665    0.0876    0.1221
DIM:ROT:      35         1   -0.0569    0.1160    0.2046
DIM:ROT:      35         2   -0.0572    0.0939    0.1583
DIM:ROT:      35         3   -0.0574    0.0778    0.1410
DIM:ROT:      35         4   -0.0575    0.0722    0.1215
DIM:ROT:      36         1   -0.0710    0.1427    0.2162
DIM:ROT:      36         2   -0.0713    0.1063    0.1884
DIM:ROT:      36         3   -0.0716    0.0992    0.1573
DIM:ROT:      36         4   -0.0718    0.0860    0.1555
DIM:ROT:      37         1   -0.0637    0.1160    0.1932
DIM:ROT:      37         2   -0.0640    0.0909    0.1605
DIM:ROT:      37         3   -0.0642    0.0797    0.1388
DIM:ROT:      37         4   -0.0643    0.0715    0.1270
DIM:ROT:      38         1   -0.0611    0.1398    0.2049
DIM:ROT:      38         2   -0.0614    0.0978    0.1773
DIM:ROT:      38         3   -0.0616    0.0883    0.1408
DIM:ROT:      38         4   -0.0618    0.0731    0.1360
DIM:ROT:      39         1   -0.0754    0.1528    0.2091
DIM:ROT:      39         2   -0.0758    0.1097    0.2030
DIM:ROT:      39         3   -0.0761    0.1100    0.1622
DIM:ROT:      39         4   -0.0764    0.0907    0.1730
DIM:ROT:      40         1   -0.0690    0.1307    0.2278
DIM:ROT:      40         2   -0.0694    0.1163    0.1722
DIM:ROT:      40         3   -0.0697    0.0932    0.1717
DIM:ROT:      40         4   -0.0699    0.0946    0.1456
DIM:ROT:      41         1   -0.0607    0.1138    0.2143
DIM:ROT:      41         2   -0.0610    0.1026    0.1520
DIM:ROT:      41         3   -0.0612    0.0776    0.1519
DIM:ROT:      41         4   -0.0614    0.0799    0.1197
DIM:ROT:      42         1   -0.0728    0.1240    0.2442
DIM:ROT:      42         2   -0.0732    0.1195    0.1551
DIM:ROT:      42         3   -0.0734    0.0829    0.1719
DIM:ROT:      42         4   -0.0736    0.0929    0.1269
DIM:ROT:      43         1   -0.0719    0.1225    0.2526
DIM:ROT:      43         2   -0.0723    0.1236    0.1541
DIM:ROT:      43         3   -0.0725    0.0834    0.1785
DIM:ROT:      43         4   -0.0727    0.0985    0.1272
DIM:ROT:      44         1   -0.0557    0.0869    0.1683
DIM:ROT:      44         2   -0.0559    0.0827    0.1326
DIM:ROT:      44         3   -0.0561    0.0674    0.1296
DIM:ROT:      44         4   -0.0562    0.0679    0.1071
DIM:ROT:      45         1   -0.0638    0.0658    0.1157
DIM:ROT:      45         2   -0.0639    0.0641    0.1063
DIM:ROT:      45         3   -0.0640    0.0601    0.1054
DIM:ROT:      45         4   -0.0641    0.0603    0.0995
DIM:ROT:      46         1   -0.0756    0.0995    0.1241
DIM:ROT:      46         2   -0.0758    0.0719    0.1542
DIM:ROT:      46         3   -0.0760    0.0918    0.1136
DIM:ROT:      46         4   -0.0761    0.0683    0.1458
DIM:ROT:      47         1   -0.0651    0.0670    0.1012
DIM:ROT:      47         2   -0.0652    0.0565    0.1080
DIM:ROT:      47         3   -0.0653    0.0618    0.0923
DIM:ROT:      47         4   -0.0654    0.0534    0.1015
DIM:ROT:      48         1   -0.0569    0.0748    0.1049
DIM:ROT:      48         2   -0.0570    0.0549    0.1137
DIM:ROT:      48         3   -0.0571    0.0627    0.0875
DIM:ROT:      48         4   -0.0572    0.0494    0.1011
DIM:ROT:      49         1   -0.0737    0.1354    0.1301
DIM:ROT:      49         2   -0.0739    0.0773    0.1795
DIM:ROT:      49         3   -0.0741    0.1058    0.1126
DIM:ROT:      49         4   -0.0743    0.0696    0.1615
DIM:ROT:      50         1   -0.0790    0.1164    0.1682
DIM:ROT:      50         2   -0.0793    0.0919    0.1557
DIM:ROT:      50         3   -0.0795    0.0873    0.1389
DIM:ROT:      50         4   -0.0797    0.0790    0.1400
DIM:ROT:      51         1   -0.0514    0.1353    0.1944
DIM:ROT:      51         2   -0.0517    0.0936    0.1775
DIM:ROT:      51         3   -0.0519    0.0867    0.1359
DIM:ROT:      51         4   -0.0521    0.0690    0.1327
DIM:ROT:      52         1   -0.0468    0.1020    0.1703
DIM:ROT:      52         2   -0.0470    0.0825    0.1305
DIM:ROT:      52         3   -0.0471    0.0670    0.1202
DIM:ROT:      52         4   -0.0473    0.0633    0.1032
DIM:ROT:      53         1   -0.0697    0.1369    0.1630
DIM:ROT:      53         2   -0.0700    0.0877    0.1911
DIM:ROT:      53         3   -0.0702    0.1040    0.1304
DIM:ROT:      53         4   -0.0704    0.0738    0.1612
DIM:ROT:      54         1   -0.0666    0.0766    0.1183
DIM:ROT:      54         2   -0.0667    0.0658    0.1184
DIM:ROT:      54         3   -0.0668    0.0668    0.1056
DIM:ROT:      54         4   -0.0669    0.0605    0.1093
DIM:ROT:      55         1   -0.0505    0.0956    0.1291
DIM:ROT:      55         2   -0.0506    0.0640    0.1364
DIM:ROT:      55         3   -0.0508    0.0695    0.0964
DIM:ROT:      55         4   -0.0509    0.0509    0.1076
DIM:ROT:      56         1   -0.0684    0.0969    0.1142
DIM:ROT:      56         2   -0.0686    0.0660    0.1382
DIM:ROT:      56         3   -0.0687    0.0783    0.1008
DIM:ROT:      56         4   -0.0688    0.0590    0.1253
DIM:ROT:      57         1   -0.0876    0.1772    0.1546
DIM:ROT:      57         2   -0.0880    0.0968    0.2270
DIM:ROT:      57         3   -0.0883    0.1352    0.1338
DIM:ROT:      57         4   -0.0886    0.0844    0.2000
DIM:ROT:      58         1   -0.0671    0.1021    0.1252
DIM:ROT:      58         2   -0.0673    0.0643    0.1442
DIM:ROT:      58         3   -0.0674    0.0772    0.0956
DIM:ROT:      58         4   -0.0675    0.0532    0.1175
DIM:ROT:      59         1   -0.0622    0.0833    0.0948
DIM:ROT:      59         2   -0.0624    0.0522    0.1195
DIM:ROT:      59         3   -0.0624    0.0680    0.0789
DIM:ROT:      59         4   -0.0625    0.0463    0.1048
DIM:ROT:      60         1   -0.0800    0.2109    0.1274
DIM:ROT:      60         2   -0.0803    0.0845    0.2283
DIM:ROT:      60         3   -0.0806    0.1460    0.1049
DIM:ROT:      60         4   -0.0808    0.0738    0.1934
DIM:ROT:      61         1   -0.0817    0.1333    0.1289
DIM:ROT:      61         2   -0.0819    0.0750    0.1696
DIM:ROT:      61         3   -0.0821    0.0947    0.1115
DIM:ROT:      61         4   -0.0823    0.0669    0.1488
DIM:ROT:      62         1   -0.0588    0.1556    0.1542
DIM:ROT:      62         2   -0.0591    0.0773    0.1931
DIM:ROT:      62         3   -0.0593    0.0963    0.1074
DIM:ROT:      62         4   -0.0594    0.0578    0.1408
DIM:ROT:      63         1   -0.0552    0.1213    0.1260
DIM:ROT:      63         2   -0.0554    0.0665    0.1493
DIM:ROT:      63         3   -0.0555    0.0758    0.0967
DIM:ROT:      63         4   -0.0556    0.0535    0.1180
DIM:ROT:      64         1   -0.0709    0.1221    0.1069
DIM:ROT:      64         2   -0.0710    0.0652    0.1659
DIM:ROT:      64         3   -0.0712    0.1055    0.0920
DIM:ROT:      64         4   -0.0714    0.0598    0.1511
DIM:ROT:      65         1   -0.0740    0.1114    0.0949
DIM:ROT:      65         2   -0.0741    0.0628    0.1532
DIM:ROT:      65         3   -0.0743    0.0975    0.0897
DIM:ROT:      65         4   -0.0745    0.0589    0.1441
DIM:ROT:      66         1   -0.0640    0.0724    0.0853
DIM:ROT:      66         2   -0.0641    0.0488    0.1062
DIM:ROT:      66         3   -0.0642    0.0625    0.0751
DIM:ROT:      66         4   -0.0642    0.0452    0.0982
DIM:ROT:      67         1   -0.0788    0.0844    0.1129
DIM:ROT:      67         2   -0.0790    0.0688    0.1183
DIM:ROT:      67         3   -0.0791    0.0707    0.1042
DIM:ROT:      67         4   -0.0792    0.0622    0.1128
DIM:ROT:      68         1   -0.0769    0.0614    0.1101
DIM:ROT:      68         2   -0.0770    0.0618    0.0944
DIM:ROT:      68         3   -0.0771    0.0550    0.1004
DIM:ROT:      68         4   -0.0772    0.0590    0.0909
DIM:ROT:      69         1   -0.0716    0.0519    0.1001
DIM:ROT:      69         2   -0.0717    0.0578    0.0836
DIM:ROT:      69         3   -0.0717    0.0493    0.0951
DIM:ROT:      69         4   -0.0718    0.0565    0.0815
DIM:ROT:      70         1   -0.0649    0.0618    0.1268
DIM:ROT:      70         2   -0.0650    0.0680    0.0843
DIM:ROT:      70         3   -0.0651    0.0494    0.1044
DIM:ROT:      70         4   -0.0651    0.0615    0.0781
DIM:ROT:      71         1   -0.0530    0.0814    0.1842
DIM:ROT:      71         2   -0.0531    0.0831    0.0857
DIM:ROT:      71         3   -0.0532    0.0488    0.1125
DIM:ROT:      71         4   -0.0533    0.0645    0.0708
DIM:ROT:      72         1   -0.0519    0.0833    0.1725
DIM:ROT:      72         2   -0.0521    0.0837    0.1022
DIM:ROT:      72         3   -0.0522    0.0558    0.1202
DIM:ROT:      72         4   -0.0523    0.0664    0.0840
DIM:ROT:      73         1   -0.0703    1.0310    0.5353
DIM:ROT:      73         2   -0.0597    0.4250    0.8851
DIM:ROT:      73         3   -0.0608    0.1698    0.3910
DIM:ROT:      73         4   -0.0613    0.1265    0.2162
DIM:ROT:      74         1   -0.0787    0.1189    0.2052
DIM:ROT:      74         2   -0.0790    0.0965    0.1780
DIM:ROT:      74         3   -0.0793    0.0913    0.1522
DIM:ROT:      74         4   -0.0795    0.0812    0.1467
DIM:ROT:      75         1   -0.0938    0.1366    0.1769
DIM:ROT:      75         2   -0.0941    0.0913    0.1941
DIM:ROT:      75         3   -0.0944    0.1064    0.1402
DIM:ROT:      75         4   -0.0946    0.0792    0.1675
DIM:ROT:      76         1   -0.0898    0.0878    0.1226
DIM:ROT:      76         2   -0.0900    0.0703    0.1419
DIM:ROT:      76         3   -0.0902    0.0824    0.1145
DIM:ROT:      76         4   -0.0903    0.0669    0.1346
DIM:ROT:      77         1   -0.0836    0.0770    0.1071
DIM:ROT:      77         2   -0.0838    0.0626    0.1247
DIM:ROT:      77         3   -0.0839    0.0737    0.1021
DIM:ROT:      77         4   -0.0840    0.0606    0.1204
DIM:ROT:      78         1   -0.0763    0.0683    0.0991
DIM:ROT:      78         2   -0.0765    0.0581    0.1113
DIM:ROT:      78         3   -0.0766    0.0658    0.0955
DIM:ROT:      78         4   -0.0767    0.0567    0.1085
DIM:ROT:      79         1   -0.0593    0.0490    0.0879
DIM:ROT:      79         2   -0.0594    0.0493    0.0793
DIM:ROT:      79         3   -0.0595    0.0454    0.0812
DIM:ROT:      79         4   -0.0595    0.0471    0.0753
DIM:ROT:      80         1   -0.0705    0.0784    0.0997
DIM:ROT:      80         2   -0.0706    0.0564    0.1216
DIM:ROT:      80         3   -0.0707    0.0710    0.0892
DIM:ROT:      80         4   -0.0708    0.0528    0.1130
DIM:ROT:      81         1   -0.0791    0.0825    0.1099
DIM:ROT:      81         2   -0.0792    0.0629    0.1212
DIM:ROT:      81         3   -0.0793    0.0700    0.0996
DIM:ROT:      81         4   -0.0794    0.0586    0.1146
DIM:ROT:      82         1   -0.0741    0.0837    0.1147
DIM:ROT:      82         2   -0.0743    0.0606    0.1229
DIM:ROT:      82         3   -0.0744    0.0675    0.0944
DIM:ROT:      82         4   -0.0745    0.0535    0.1080
DIM:ROT:      83         1   -0.0908    0.1148    0.1171
DIM:ROT:      83         2   -0.0910    0.0704    0.1616
DIM:ROT:      83         3   -0.0912    0.0978    0.1054
DIM:ROT:      83         4   -0.0914    0.0656    0.1506
DIM:ROT:      84         1   -0.0897    0.1154    0.1271
DIM:ROT:      84         2   -0.0899    0.0703    0.1534
DIM:ROT:      84         3   -0.0901    0.0883    0.1050
DIM:ROT:      84         4   -0.0902    0.0631    0.1373
DIM:ROT:      85         1   -0.0871    0.1226    0.1455
DIM:ROT:      85         2   -0.0873    0.0737    0.1560
DIM:ROT:      85         3   -0.0874    0.0839    0.1099
DIM:ROT:      85         4   -0.0876    0.0626    0.1323
DIM:ROT:      86         1   -0.0912    0.1121    0.1282
DIM:ROT:      86         2   -0.0914    0.0736    0.1575
DIM:ROT:      86         3   -0.0915    0.0923    0.1110
DIM:ROT:      86         4   -0.0917    0.0671    0.1436
DIM:ROT:      87         1   -0.0853    0.1089    0.1488
DIM:ROT:      87         2   -0.0855    0.0784    0.1485
DIM:ROT:      87         3   -0.0857    0.0814    0.1197
DIM:ROT:      87         4   -0.0859    0.0679    0.1304
DIM:ROT:      88         1   -0.0663    0.0893    0.1510
DIM:ROT:      88         2   -0.0665    0.0720    0.1227
DIM:ROT:      88         3   -0.0666    0.0621    0.1110
DIM:ROT:      88         4   -0.0667    0.0581    0.1002
DIM:ROT:      89         1   -0.0626    0.0885    0.1489
DIM:ROT:      89         2   -0.0628    0.0732    0.1167
DIM:ROT:      89         3   -0.0629    0.0607    0.1079
DIM:ROT:      89         4   -0.0630    0.0578    0.0943
DIM:ROT:      90         1   -0.0844    0.1472    0.1816
DIM:ROT:      90         2   -0.0847    0.0967    0.1921
DIM:ROT:      90         3   -0.0850    0.1029    0.1379
DIM:ROT:      90         4   -0.0852    0.0770    0.1567
DIM:ROT:      91         1   -0.0761    0.0844    0.1351
DIM:ROT:      91         2   -0.0762    0.0694    0.1236
DIM:ROT:      91         3   -0.0763    0.0666    0.1089
DIM:ROT:      91         4   -0.0765    0.0604    0.1077
DIM:ROT:      92         1   -0.0730    0.1464    0.1587
DIM:ROT:      92         2   -0.0733    0.0798    0.1858
DIM:ROT:      92         3   -0.0735    0.0964    0.1110
DIM:ROT:      92         4   -0.0736    0.0613    0.1413
DIM:ROT:      93         1   -0.1013    0.1539    0.1287
DIM:ROT:      93         2   -0.1016    0.0788    0.2004
DIM:ROT:      93         3   -0.1018    0.1258    0.1102
DIM:ROT:      93         4   -0.1020    0.0719    0.1813
DIM:ROT:      94         1   -0.1087    0.1832    0.1399
DIM:ROT:      94         2   -0.1091    0.0873    0.2259
DIM:ROT:      94         3   -0.1094    0.1408    0.1192
DIM:ROT:      94         4   -0.1096    0.0786    0.2006
DIM:ROT:      95         1   -0.0806    0.1128    0.1204
DIM:ROT:      95         2   -0.0807    0.0624    0.1472
DIM:ROT:      95         3   -0.0809    0.0817    0.0895
DIM:ROT:      95         4   -0.0810    0.0521    0.1211
DIM:ROT:      96         1   -0.0845    0.0957    0.1021
DIM:ROT:      96         2   -0.0846    0.0559    0.1281
DIM:ROT:      96         3   -0.0847    0.0731    0.0830
DIM:ROT:      96         4   -0.0848    0.0496    0.1130
DIM:ROT:      97         1   -0.1085    0.2150    0.1519
DIM:ROT:      97         2   -0.1088    0.0932    0.2330
DIM:ROT:      97         3   -0.1091    0.1323    0.1196
DIM:ROT:      97         4   -0.1094    0.0766    0.1889
DIM:ROT:      98         1   -0.0870    0.1337    0.1612
DIM:ROT:      98         2   -0.0873    0.0795    0.1622
DIM:ROT:      98         3   -0.0874    0.0843    0.1117
DIM:ROT:      98         4   -0.0876    0.0617    0.1277
DIM:ROT:      99         1   -0.0759    0.1061    0.1481
DIM:ROT:      99         2   -0.0761    0.0733    0.1414
DIM:ROT:      99         3   -0.0762    0.0722    0.1093
DIM:ROT:      99         4   -0.0764    0.0583    0.1146
DIM:ROT:     100         1   -0.0868    0.1207    0.1829
DIM:ROT:     100         2   -0.0871    0.0909    0.1559
DIM:ROT:     100         3   -0.0873    0.0806    0.1311
DIM:ROT:     100         4   -0.0874    0.0699    0.1248
DIM:ROT:     101         1   -0.0913    0.0906    0.1504
DIM:ROT:     101         2   -0.0915    0.0797    0.1277
DIM:ROT:     101         3   -0.0917    0.0704    0.1212
DIM:ROT:     101         4   -0.0918    0.0684    0.1115
DIM:ROT:     102         1   -0.0930    0.0834    0.1435
DIM:ROT:     102         2   -0.0931    0.0744    0.1214
DIM:ROT:     102         3   -0.0933    0.0661    0.1170
DIM:ROT:     102         4   -0.0934    0.0653    0.1075
DIM:ROT:     103         1   -0.1065    0.1057    0.1668
DIM:ROT:     103         2   -0.1067    0.0870    0.1468
DIM:ROT:     103         3   -0.1069    0.0805    0.1334
DIM:ROT:     103         4   -0.1071    0.0750    0.1295
DIM:ROT:     104         1   -0.1124    0.1038    0.1639
DIM:ROT:     104         2   -0.1127    0.0894    0.1482
DIM:ROT:     104         3   -0.1129    0.0843    0.1373
DIM:ROT:     104         4   -0.1130    0.0796    0.1340
DIM:ROT:     105         1   -0.1079    0.1176    0.2073
DIM:ROT:     105         2   -0.1082    0.1002    0.1547
DIM:ROT:     105         3   -0.1084    0.0810    0.1483
DIM:ROT:     105         4   -0.1085    0.0805    0.1271
DIM:ROT:     106         1   -0.1036    0.1186    0.2058
DIM:ROT:     106         2   -0.1039    0.0942    0.1584
DIM:ROT:     106         3   -0.1041    0.0790    0.1423
DIM:ROT:     106         4   -0.1043    0.0744    0.1262
DIM:ROT:     107         1   -0.1093    0.1141    0.1717
DIM:ROT:     107         2   -0.1095    0.0876    0.1605
DIM:ROT:     107         3   -0.1097    0.0863    0.1340
DIM:ROT:     107         4   -0.1099    0.0745    0.1372
DIM:ROT:     108         1   -0.1064    0.1315    0.1947
DIM:ROT:     108         2   -0.1067    0.0950    0.1718
DIM:ROT:     108         3   -0.1069    0.0906    0.1403
DIM:ROT:     108         4   -0.1071    0.0773    0.1421
DIM:ROT:     109         1   -0.1000    0.0884    0.1423
DIM:ROT:     109         2   -0.1001    0.0747    0.1330
DIM:ROT:     109         3   -0.1003    0.0728    0.1186
DIM:ROT:     109         4   -0.1004    0.0666    0.1185
DIM:ROT:     110         1   -0.0914    0.0969    0.1635
DIM:ROT:     110         2   -0.0916    0.0802    0.1294
DIM:ROT:     110         3   -0.0917    0.0678    0.1188
DIM:ROT:     110         4   -0.0918    0.0645    0.1059
DIM:ROT:     111         1   -0.1009    0.0942    0.1454
DIM:ROT:     111         2   -0.1010    0.0764    0.1374
DIM:ROT:     111         3   -0.1012    0.0748    0.1192
DIM:ROT:     111         4   -0.1013    0.0667    0.1209
DIM:ROT:     112         1   -0.1191    0.1292    0.1955
DIM:ROT:     112         2   -0.1194    0.1034    0.1750
DIM:ROT:     112         3   -0.1197    0.0968    0.1548
DIM:ROT:     112         4   -0.1199    0.0875    0.1538
DIM:ROT:     113         1   -0.1121    0.1157    0.1923
DIM:ROT:     113         2   -0.1123    0.0964    0.1605
DIM:ROT:     113         3   -0.1125    0.0850    0.1459
DIM:ROT:     113         4   -0.1127    0.0799    0.1344
DIM:ROT:     114         1   -0.1218    0.1033    0.1683
DIM:ROT:     114         2   -0.1220    0.0887    0.1528
DIM:ROT:     114         3   -0.1222    0.0842    0.1403
DIM:ROT:     114         4   -0.1224    0.0793    0.1373
DIM:ROT:     115         1   -0.1404    0.1569    0.1987
DIM:ROT:     115         2   -0.1409    0.1091    0.2236
DIM:ROT:     115         3   -0.1412    0.1255    0.1660
DIM:ROT:     115         4   -0.1416    0.0961    0.1987
DIM:ROT:     116         1   -0.1140    0.0944    0.1623
DIM:ROT:     116         2   -0.1142    0.0835    0.1372
DIM:ROT:     116         3   -0.1144    0.0751    0.1302
DIM:ROT:     116         4   -0.1145    0.0736    0.1208
DIM:ROT:     117         1   -0.0954    0.1064    0.1772
DIM:ROT:     117         2   -0.0956    0.0830    0.1436
DIM:ROT:     117         3   -0.0958    0.0722    0.1247
DIM:ROT:     117         4   -0.0959    0.0657    0.1143
DIM:ROT:     118         1   -0.1279    0.1580    0.1961
DIM:ROT:     118         2   -0.1283    0.1032    0.2101
DIM:ROT:     118         3   -0.1286    0.1129    0.1501
DIM:ROT:     118         4   -0.1289    0.0844    0.1748
DIM:ROT:     119         1   -0.1213    0.1298    0.2096
DIM:ROT:     119         2   -0.1216    0.1008    0.1668
DIM:ROT:     119         3   -0.1218    0.0880    0.1461
DIM:ROT:     119         4   -0.1220    0.0805    0.1364
DIM:ROT:     120         1   -0.0989    0.1402    0.2213
DIM:ROT:     120         2   -0.0993    0.0992    0.1787
DIM:ROT:     120         3   -0.0995    0.0855    0.1431
DIM:ROT:     120         4   -0.0996    0.0722    0.1324
