MINMODE:MODE: Optimization Step: 0
MINMODE:MODE: Order: 0
MINMODE:MODE:       0      0.00037738      0.00552159     -0.00485245
MINMODE:MODE:       1     -0.00326684      0.00435313     -0.01483074
MINMODE:MODE:       2     -0.01331503      0.00660991      0.02337236
MINMODE:MODE:       3      0.00445757      0.00113182      0.04156382
MINMODE:MODE:       4      0.00027571      0.00067743      0.01521068
MINMODE:MODE:       5     -0.01464412      0.01763906      0.01846555
MINMODE:MODE:       6      0.01895851      0.00021104      0.01268489
MINMODE:MODE:       7      0.00940027      0.01753201      0.01219149
MINMODE:MODE:       8     -0.03294256      0.05053290      0.01723798
MINMODE:MODE:       9     -0.06621512      0.06658254      0.02283873
MINMODE:MODE:      10     -0.05818840      0.05084335      0.02401999
MINMODE:MODE:      11      0.01799604     -0.00904728      0.02310622
MINMODE:MODE:      12      0.00997374     -0.02581772     -0.00921531
MINMODE:MODE:      13      0.02094585     -0.03225587     -0.00465394
MINMODE:MODE:      14      0.03840202     -0.02380116      0.03084411
MINMODE:MODE:      15      0.04550982     -0.00839139      0.06205431
MINMODE:MODE:      16      0.03564770     -0.00034942      0.05934996
MINMODE:MODE:      17     -0.02433077     -0.00293855     -0.05634848
MINMODE:MODE:      18     -0.00399916      0.00374625     -0.01941351
MINMODE:MODE:      19     -0.00035902      0.01595850     -0.00218667
MINMODE:MODE:      20      0.01018795      0.01643972      0.00756055
MINMODE:MODE:      21      0.04205507      0.02757497      0.04554994
MINMODE:MODE:      22      0.04577838      0.03302850      0.04395109
MINMODE:MODE:      23      0.02012869      0.02676660      0.00675955
MINMODE:MODE:      24     -0.00968418      0.01565652     -0.02924515
MINMODE:MODE:      25     -0.01521157      0.01041060     -0.02950323
MINMODE:MODE:      26     -0.00725613      0.02870365     -0.00262690
MINMODE:MODE:      27      0.03563472      0.10194477     -0.07319317
MINMODE:MODE:      28      0.03477503      0.09810240     -0.07024629
MINMODE:MODE:      29     -0.00864365      0.02474778      0.00093321
MINMODE:MODE:      30     -0.05064792     -0.04652548      0.06979130
MINMODE:MODE:      31     -0.05168356     -0.04565286      0.07051292
MINMODE:MODE:      32     -0.00718828      0.00527892      0.03227022
MINMODE:MODE:      33     -0.04178427      0.01289005      0.02597734
MINMODE:MODE:      34      0.02871488     -0.00917997      0.04400959
MINMODE:MODE:      35     -0.00470041      0.00581377      0.06562312
MINMODE:MODE:      36      0.05464246     -0.02881974      0.00930370
MINMODE:MODE:      37      0.03526308      0.00414851      0.00784047
MINMODE:MODE:      38     -0.03975199      0.06299916      0.01672410
MINMODE:MODE:      39     -0.09861963      0.09119025      0.02663550
MINMODE:MODE:      40     -0.08573541      0.06340715      0.02820068
MINMODE:MODE:      41     -0.00617935     -0.03567453     -0.03928107
MINMODE:MODE:      42      0.01527099     -0.04426126     -0.02949129
MINMODE:MODE:      43      0.04599820     -0.02945813      0.03338937
MINMODE:MODE:      44      0.05839398     -0.00200740      0.08844820
MINMODE:MODE:      45      0.04011964      0.01240214      0.08532624
MINMODE:MODE:      46     -0.04344971      0.04103975     -0.09582121
MINMODE:MODE:      47     -0.04076854     -0.05675537     -0.07929539
MINMODE:MODE:      48     -0.01049218      0.01400577     -0.01054188
MINMODE:MODE:      49      0.02083667     -0.01229467     -0.01817651
MINMODE:MODE:      50      0.06254519      0.03216665      0.07634680
MINMODE:MODE:      51      0.06860892      0.04157209      0.07177596
MINMODE:MODE:      52      0.02331735      0.03067340      0.00611447
MINMODE:MODE:      53     -0.02922108      0.01088611     -0.05678988
MINMODE:MODE:      54     -0.03852534      0.00004508     -0.05846459
MINMODE:MODE:      55      0.07112904      0.16722465     -0.12688158
MINMODE:MODE:      56      0.06561345      0.15343495     -0.12372949
MINMODE:MODE:      57     -0.00999571      0.02403694      0.00240176
MINMODE:MODE:      58     -0.08366647     -0.10259262      0.12387806
MINMODE:MODE:      59     -0.08773322     -0.10244074      0.12542879
MINMODE:MODE:      60      0.01081392      0.01153510      0.02428893
MINMODE:MODE:      61      0.01883841      0.01549791      0.05166910
MINMODE:MODE:      62      0.00397358     -0.01277739     -0.00135042
MINMODE:MODE:      63      0.00860474     -0.02324365      0.00315787
MINMODE:MODE:      64      0.14494717     -0.01129675      0.02392720
MINMODE:MODE:      65      0.09578825     -0.16557872     -0.06980172
MINMODE:MODE:      66      0.02035578     -0.09688012     -0.05419091
MINMODE:MODE:      67      0.08767887     -0.13815017      0.00271676
MINMODE:MODE:      68      0.03050487     -0.07187880      0.01913474
MINMODE:MODE:      69     -0.07589076      0.02677140     -0.01743909
MINMODE:MODE:      70     -0.13929759      0.06686522     -0.07360382
MINMODE:MODE:      71     -0.10117278      0.01057099     -0.09346554
MINMODE:MODE:      72      0.03412859      0.01399735     -0.01862869
MINMODE:MODE:      73     -0.00932497      0.02322237     -0.00990168
MINMODE:MODE:      74      0.11550827     -0.37225311     -0.16004592
MINMODE:MODE:      75      0.17032757     -0.21651446      0.03236813
MINMODE:MODE:      76      0.07236796     -0.09957791      0.06015105
MINMODE:MODE:      77     -0.10976083      0.07304806     -0.00303119
MINMODE:MODE:      78     -0.21857529      0.14412031     -0.10185891
MINMODE:MODE:      79     -0.15257443      0.04285614     -0.13700022
MINMODE:MODE: Optimization Step: 0
MINMODE:MODE: Order: 0
MINMODE:MODE:       0      0.00034261      0.00937781     -0.00362571
MINMODE:MODE:       1     -0.00272738      0.01119680     -0.01649940
MINMODE:MODE:       2     -0.01118283      0.00701272      0.02346072
MINMODE:MODE:       3      0.00584504      0.00105682      0.04168929
MINMODE:MODE:       4     -0.00154963      0.00130986      0.01559693
MINMODE:MODE:       5     -0.01587528      0.01699542      0.01862006
MINMODE:MODE:       6      0.01811258     -0.00124768      0.01368344
MINMODE:MODE:       7      0.00854077      0.01631140      0.01320829
MINMODE:MODE:       8     -0.03238575      0.05236873      0.01804461
MINMODE:MODE:       9     -0.06598632      0.06944528      0.02257033
MINMODE:MODE:      10     -0.05787408      0.05352654      0.02389055
MINMODE:MODE:      11      0.01713269     -0.00907696      0.02353701
MINMODE:MODE:      12      0.00909171     -0.02579599     -0.00912709
MINMODE:MODE:      13      0.02054003     -0.03205701     -0.00465294
MINMODE:MODE:      14      0.03995666     -0.02430618      0.03086774
MINMODE:MODE:      15      0.04721091     -0.00885278      0.06269362
MINMODE:MODE:      16      0.03688196     -0.00098584      0.06018506
MINMODE:MODE:      17     -0.02565296     -0.00242994     -0.05709836
MINMODE:MODE:      18     -0.00736546      0.00705476     -0.02104084
MINMODE:MODE:      19      0.00416136      0.01912151      0.00114676
MINMODE:MODE:      20      0.01177570      0.01624589      0.00746203
MINMODE:MODE:      21      0.04056546      0.02514402      0.04794021
MINMODE:MODE:      22      0.04490330      0.03045890      0.04603091
MINMODE:MODE:      23      0.01926726      0.02843925      0.00785378
MINMODE:MODE:      24     -0.00818591      0.01891677     -0.03105995
MINMODE:MODE:      25     -0.01391627      0.01406092     -0.03088204
MINMODE:MODE:      26      0.00072087      0.03210178      0.00753946
MINMODE:MODE:      27      0.04650970      0.08053486     -0.07477970
MINMODE:MODE:      28      0.04868254      0.07755344     -0.06857581
MINMODE:MODE:      29     -0.01697391      0.02152334     -0.00817500
MINMODE:MODE:      30     -0.06291469     -0.02304687      0.07172214
MINMODE:MODE:      31     -0.06659610     -0.02350806      0.06833311
MINMODE:MODE:      32     -0.00676508      0.00453513      0.03210457
MINMODE:MODE:      33     -0.04114135      0.01292790      0.02953290
MINMODE:MODE:      34      0.02912189     -0.00960283      0.04195652
MINMODE:MODE:      35     -0.00201573      0.00536575      0.06742104
MINMODE:MODE:      36      0.05237209     -0.03238026      0.01036917
MINMODE:MODE:      37      0.03473849      0.00239846      0.00963773
MINMODE:MODE:      38     -0.03946050      0.06487103      0.01758257
MINMODE:MODE:      39     -0.09764886      0.09593880      0.02625205
MINMODE:MODE:      40     -0.08598279      0.06648686      0.02732050
MINMODE:MODE:      41     -0.00823867     -0.03538196     -0.03889570
MINMODE:MODE:      42      0.01492768     -0.04436658     -0.02996237
MINMODE:MODE:      43      0.04777557     -0.02990059      0.03318456
MINMODE:MODE:      44      0.06131993     -0.00294643      0.08906579
MINMODE:MODE:      45      0.04145791      0.01183203      0.08681653
MINMODE:MODE:      46     -0.04758372      0.02755359     -0.10352363
MINMODE:MODE:      47     -0.03514404     -0.06042339     -0.06687984
MINMODE:MODE:      48     -0.01307388      0.01366282     -0.01201807
MINMODE:MODE:      49      0.02053979     -0.01017581     -0.01562296
MINMODE:MODE:      50      0.06150371      0.02696569      0.07908526
MINMODE:MODE:      51      0.06634627      0.03836052      0.07584107
MINMODE:MODE:      52      0.02278356      0.03222199      0.00702533
MINMODE:MODE:      53     -0.02811984      0.01650025     -0.05920633
MINMODE:MODE:      54     -0.03535902      0.00420641     -0.06248468
MINMODE:MODE:      55      0.09832804      0.13445386     -0.12063791
MINMODE:MODE:      56      0.08044986      0.11675171     -0.13123595
MINMODE:MODE:      57     -0.01620882      0.02139290     -0.00455959
MINMODE:MODE:      58     -0.11045400     -0.07011911      0.11760726
MINMODE:MODE:      59     -0.10257646     -0.06360327      0.13226546
MINMODE:MODE:      60      0.01103130      0.00761918      0.02455060
MINMODE:MODE:      61      0.01925887      0.01548386      0.05261997
MINMODE:MODE:      62      0.00438794     -0.01284222     -0.00316444
MINMODE:MODE:      63      0.00878330     -0.02359355      0.00426903
MINMODE:MODE:      64      0.15349282     -0.01376022      0.03023165
MINMODE:MODE:      65      0.09996892     -0.16818484     -0.05913056
MINMODE:MODE:      66      0.02951151     -0.09414150     -0.04497507
MINMODE:MODE:      67      0.08997584     -0.14109692      0.01296021
MINMODE:MODE:      68      0.03210808     -0.06802142      0.02108282
MINMODE:MODE:      69     -0.07539227      0.02403526     -0.02803377
MINMODE:MODE:      70     -0.13802618      0.06806338     -0.08479475
MINMODE:MODE:      71     -0.10389060      0.00927261     -0.10090544
MINMODE:MODE:      72      0.03393206      0.01521028     -0.02517914
MINMODE:MODE:      73     -0.00887895      0.02326340     -0.00892032
MINMODE:MODE:      74      0.08701746     -0.38107029     -0.16381720
MINMODE:MODE:      75      0.16993534     -0.21640482      0.05033814
MINMODE:MODE:      76      0.07393998     -0.09931781      0.06322640
MINMODE:MODE:      77     -0.10686463      0.07409434     -0.01598503
MINMODE:MODE:      78     -0.21874320      0.14180642     -0.12161885
MINMODE:MODE:      79     -0.15449419      0.04360987     -0.14135476
MINMODE:MODE: Optimization Step: 1
MINMODE:MODE: Order: 0
MINMODE:MODE:       0      0.00068324      0.00908698     -0.00337698
MINMODE:MODE:       1     -0.00307119      0.01106659     -0.01669934
MINMODE:MODE:       2     -0.01065926      0.00749769      0.02348260
MINMODE:MODE:       3      0.00690709      0.00102441      0.04122088
MINMODE:MODE:       4     -0.00150554      0.00133685      0.01562622
MINMODE:MODE:       5     -0.01593254      0.01722537      0.01910836
MINMODE:MODE:       6      0.01747538     -0.00195128      0.01408928
MINMODE:MODE:       7      0.00839347      0.01599701      0.01351848
MINMODE:MODE:       8     -0.03237983      0.05266585      0.01801939
MINMODE:MODE:       9     -0.06545811      0.07051696      0.02256489
MINMODE:MODE:      10     -0.05771282      0.05423753      0.02392065
MINMODE:MODE:      11      0.01694284     -0.00900120      0.02333783
MINMODE:MODE:      12      0.00855707     -0.02554815     -0.00910969
MINMODE:MODE:      13      0.02050258     -0.03203408     -0.00467620
MINMODE:MODE:      14      0.04027225     -0.02438791      0.03090523
MINMODE:MODE:      15      0.04784907     -0.00906549      0.06270454
MINMODE:MODE:      16      0.03709878     -0.00105104      0.06022584
MINMODE:MODE:      17     -0.02532376     -0.00481736     -0.05616835
MINMODE:MODE:      18     -0.00740412      0.00686250     -0.02049576
MINMODE:MODE:      19      0.00403128      0.01969490      0.00113496
MINMODE:MODE:      20      0.01180399      0.01698585      0.00856653
MINMODE:MODE:      21      0.04015009      0.02413900      0.04862568
MINMODE:MODE:      22      0.04416395      0.02977103      0.04679738
MINMODE:MODE:      23      0.01942344      0.02847420      0.00780559
MINMODE:MODE:      24     -0.00796617      0.02035832     -0.03138843
MINMODE:MODE:      25     -0.01313998      0.01543914     -0.03123451
MINMODE:MODE:      26     -0.00153720      0.03124591      0.00415667
MINMODE:MODE:      27      0.05165355      0.07273682     -0.07344712
MINMODE:MODE:      28      0.05151231      0.06954468     -0.06948571
MINMODE:MODE:      29     -0.01580106      0.02247802     -0.00659627
MINMODE:MODE:      30     -0.06885149     -0.01574021      0.07010846
MINMODE:MODE:      31     -0.07050216     -0.01494435      0.06876041
MINMODE:MODE:      32     -0.00663600      0.00489939      0.03203251
MINMODE:MODE:      33     -0.04064627      0.01289657      0.03006757
MINMODE:MODE:      34      0.02955749     -0.00968339      0.04122642
MINMODE:MODE:      35     -0.00079495      0.00531470      0.06758807
MINMODE:MODE:      36      0.05125229     -0.03356036      0.01089058
MINMODE:MODE:      37      0.03430485      0.00160131      0.01013220
MINMODE:MODE:      38     -0.03922008      0.06542824      0.01766217
MINMODE:MODE:      39     -0.09686903      0.09758127      0.02594562
MINMODE:MODE:      40     -0.08560673      0.06765519      0.02714814
MINMODE:MODE:      41     -0.00905701     -0.03508525     -0.03858119
MINMODE:MODE:      42      0.01468222     -0.04422947     -0.02999901
MINMODE:MODE:      43      0.04836589     -0.03009667      0.03307418
MINMODE:MODE:      44      0.06227554     -0.00328223      0.08902345
MINMODE:MODE:      45      0.04185790      0.01167579      0.08700423
MINMODE:MODE:      46     -0.04798653      0.02435064     -0.10444723
MINMODE:MODE:      47     -0.03421719     -0.06176867     -0.06426689
MINMODE:MODE:      48     -0.01411008      0.01450597     -0.01285032
MINMODE:MODE:      49      0.01991451     -0.00927919     -0.01496170
MINMODE:MODE:      50      0.06053923      0.02507631      0.08011240
MINMODE:MODE:      51      0.06532277      0.03673502      0.07710119
MINMODE:MODE:      52      0.02275006      0.03257079      0.00719828
MINMODE:MODE:      53     -0.02741767      0.01869669     -0.06014578
MINMODE:MODE:      54     -0.03419099      0.00616525     -0.06359430
MINMODE:MODE:      55      0.10679995      0.11969791     -0.11948976
MINMODE:MODE:      56      0.08772825      0.10244379     -0.13159361
MINMODE:MODE:      57     -0.01674478      0.02124876     -0.00518640
MINMODE:MODE:      58     -0.11942700     -0.05582543      0.11630376
MINMODE:MODE:      59     -0.10998889     -0.04838239      0.13209192
MINMODE:MODE:      60      0.01102200      0.00968288      0.02465592
MINMODE:MODE:      61      0.01942102      0.01281692      0.05268200
MINMODE:MODE:      62      0.00466236     -0.01224902     -0.00300689
MINMODE:MODE:      63      0.00887249     -0.02385251      0.00446809
MINMODE:MODE:      64      0.15494200     -0.01277239      0.03292762
MINMODE:MODE:      65      0.09688253     -0.16879440     -0.05474582
MINMODE:MODE:      66      0.03175177     -0.09428370     -0.04219754
MINMODE:MODE:      67      0.09255004     -0.14028567      0.01780529
MINMODE:MODE:      68      0.03231158     -0.06839563      0.02086367
MINMODE:MODE:      69     -0.07441430      0.02413365     -0.03143197
MINMODE:MODE:      70     -0.13718958      0.06733404     -0.09031529
MINMODE:MODE:      71     -0.10273883      0.01115827     -0.10245222
MINMODE:MODE:      72      0.03416936      0.01652300     -0.02660844
MINMODE:MODE:      73     -0.00860475      0.02323462     -0.00801579
MINMODE:MODE:      74      0.07773140     -0.38573899     -0.16291254
MINMODE:MODE:      75      0.16938992     -0.21587101      0.05820546
MINMODE:MODE:      76      0.07406723     -0.09881729      0.06409089
MINMODE:MODE:      77     -0.10562752      0.07317687     -0.02218365
MINMODE:MODE:      78     -0.21757046      0.14081874     -0.13020356
MINMODE:MODE:      79     -0.15424118      0.04498656     -0.14311323
MINMODE:MODE: Optimization Step: 2
MINMODE:MODE: Order: 0
MINMODE:MODE:       0      0.00078857      0.00874450     -0.00319450
MINMODE:MODE:       1     -0.00324154      0.01042429     -0.01644033
MINMODE:MODE:       2     -0.01026105      0.00774048      0.02341504
MINMODE:MODE:       3      0.00762759      0.00101274      0.04086045
MINMODE:MODE:       4     -0.00122897      0.00129972      0.01566408
MINMODE:MODE:       5     -0.01590519      0.01744505      0.01948019
MINMODE:MODE:       6      0.01703393     -0.00232788      0.01436301
MINMODE:MODE:       7      0.00828219      0.01580620      0.01367311
MINMODE:MODE:       8     -0.03235057      0.05278955      0.01795109
MINMODE:MODE:       9     -0.06501578      0.07116958      0.02259514
MINMODE:MODE:      10     -0.05749661      0.05468556      0.02402562
MINMODE:MODE:      11      0.01687477     -0.00888469      0.02315173
MINMODE:MODE:      12      0.00821031     -0.02533140     -0.00912346
MINMODE:MODE:      13      0.02045893     -0.03197854     -0.00469228
MINMODE:MODE:      14      0.04042339     -0.02441460      0.03091332
MINMODE:MODE:      15      0.04822423     -0.00917635      0.06260922
MINMODE:MODE:      16      0.03721027     -0.00104419      0.06010901
MINMODE:MODE:      17     -0.02515330     -0.00645429     -0.05546195
MINMODE:MODE:      18     -0.00728663      0.00650268     -0.02022702
MINMODE:MODE:      19      0.00286757      0.01931159      0.00018104
MINMODE:MODE:      20      0.01175100      0.01741964      0.00926132
MINMODE:MODE:      21      0.03983699      0.02362930      0.04910709
MINMODE:MODE:      22      0.04365510      0.02938183      0.04726370
MINMODE:MODE:      23      0.01956238      0.02843834      0.00772369
MINMODE:MODE:      24     -0.00780848      0.02125250     -0.03150647
MINMODE:MODE:      25     -0.01263124      0.01627615     -0.03126649
MINMODE:MODE:      26     -0.00356096      0.03043969      0.00126280
MINMODE:MODE:      27      0.05429981      0.06792957     -0.07283182
MINMODE:MODE:      28      0.05310022      0.06478379     -0.06976377
MINMODE:MODE:      29     -0.01442771      0.02338753     -0.00487106
MINMODE:MODE:      30     -0.07232935     -0.01132510      0.06901668
MINMODE:MODE:      31     -0.07304539     -0.00990342      0.06838184
MINMODE:MODE:      32     -0.00639167      0.00521874      0.03191883
MINMODE:MODE:      33     -0.04013167      0.01292056      0.03013844
MINMODE:MODE:      34      0.03004102     -0.00970750      0.04072147
MINMODE:MODE:      35      0.00008798      0.00529326      0.06744740
MINMODE:MODE:      36      0.05048131     -0.03416511      0.01126528
MINMODE:MODE:      37      0.03398095      0.00107813      0.01032528
MINMODE:MODE:      38     -0.03905499      0.06569608      0.01757490
MINMODE:MODE:      39     -0.09625372      0.09852632      0.02573704
MINMODE:MODE:      40     -0.08519412      0.06838437      0.02719059
MINMODE:MODE:      41     -0.00953978     -0.03482022     -0.03836040
MINMODE:MODE:      42      0.01451171     -0.04409873     -0.02997393
MINMODE:MODE:      43      0.04869871     -0.03024075      0.03302996
MINMODE:MODE:      44      0.06282527     -0.00346751      0.08891285
MINMODE:MODE:      45      0.04205690      0.01163953      0.08696955
MINMODE:MODE:      46     -0.04791226      0.02223179     -0.10432869
MINMODE:MODE:      47     -0.03377993     -0.06293698     -0.06284786
MINMODE:MODE:      48     -0.01482162      0.01533516     -0.01344967
MINMODE:MODE:      49      0.01935838     -0.00869964     -0.01472129
MINMODE:MODE:      50      0.05971937      0.02411899      0.08075180
MINMODE:MODE:      51      0.06468298      0.03566859      0.07772587
MINMODE:MODE:      52      0.02285259      0.03264977      0.00718082
MINMODE:MODE:      53     -0.02693693      0.02000953     -0.06072143
MINMODE:MODE:      54     -0.03358657      0.00750620     -0.06402130
MINMODE:MODE:      55      0.11061300      0.11027694     -0.11948019
MINMODE:MODE:      56      0.09263335      0.09421826     -0.13061120
MINMODE:MODE:      57     -0.01577198      0.02177382     -0.00412267
MINMODE:MODE:      58     -0.12402894     -0.04687470      0.11609933
MINMODE:MODE:      59     -0.11520702     -0.03966838      0.13051073
MINMODE:MODE:      60      0.01109007      0.01046587      0.02468240
MINMODE:MODE:      61      0.01949767      0.01150888      0.05267727
MINMODE:MODE:      62      0.00482704     -0.01172314     -0.00247153
MINMODE:MODE:      63      0.00898075     -0.02405716      0.00440032
MINMODE:MODE:      64      0.15568292     -0.01186446      0.03580383
MINMODE:MODE:      65      0.09418912     -0.16856094     -0.05263367
MINMODE:MODE:      66      0.03269159     -0.09394713     -0.04051458
MINMODE:MODE:      67      0.09438652     -0.13980757      0.02111319
MINMODE:MODE:      68      0.03264799     -0.06893495      0.02078218
MINMODE:MODE:      69     -0.07356095      0.02417090     -0.03367190
MINMODE:MODE:      70     -0.13623679      0.06682567     -0.09400302
MINMODE:MODE:      71     -0.10140841      0.01265980     -0.10347290
MINMODE:MODE:      72      0.03427165      0.01756378     -0.02710741
MINMODE:MODE:      73     -0.00838592      0.02309569     -0.00726198
MINMODE:MODE:      74      0.07073094     -0.38919948     -0.16168271
MINMODE:MODE:      75      0.16924847     -0.21538807      0.06331838
MINMODE:MODE:      76      0.07387332     -0.09859594      0.06440998
MINMODE:MODE:      77     -0.10490715      0.07206678     -0.02651213
MINMODE:MODE:      78     -0.21642644      0.14027315     -0.13591394
MINMODE:MODE:      79     -0.15358914      0.04655201     -0.14443336
MINMODE:MODE: Optimization Step: 3
MINMODE:MODE: Order: 0
MINMODE:MODE:       0      0.00075015      0.00843210     -0.00301966
MINMODE:MODE:       1     -0.00327489      0.00983527     -0.01601883
MINMODE:MODE:       2     -0.00989133      0.00782758      0.02332549
MINMODE:MODE:       3      0.00816117      0.00100564      0.04057164
MINMODE:MODE:       4     -0.00096551      0.00125998      0.01571139
MINMODE:MODE:       5     -0.01583887      0.01761356      0.01974038
MINMODE:MODE:       6      0.01670170     -0.00251182      0.01455244
MINMODE:MODE:       7      0.00814974      0.01574130      0.01376761
MINMODE:MODE:       8     -0.03226397      0.05280256      0.01789329
MINMODE:MODE:       9     -0.06464431      0.07160381      0.02264645
MINMODE:MODE:      10     -0.05729756      0.05502539      0.02415785
MINMODE:MODE:      11      0.01685921     -0.00876562      0.02301714
MINMODE:MODE:      12      0.00798610     -0.02514303     -0.00913558
MINMODE:MODE:      13      0.02041281     -0.03190605     -0.00471616
MINMODE:MODE:      14      0.04050680     -0.02440786      0.03089817
MINMODE:MODE:      15      0.04846884     -0.00923349      0.06248119
MINMODE:MODE:      16      0.03728292     -0.00101238      0.05995293
MINMODE:MODE:      17     -0.02505722     -0.00764955     -0.05491005
MINMODE:MODE:      18     -0.00725692      0.00618726     -0.02021491
MINMODE:MODE:      19      0.00164077      0.01875114     -0.00087853
MINMODE:MODE:      20      0.01163795      0.01763407      0.00959881
MINMODE:MODE:      21      0.03959229      0.02336553      0.04943964
MINMODE:MODE:      22      0.04330884      0.02915890      0.04758602
MINMODE:MODE:      23      0.01966956      0.02841819      0.00767343
MINMODE:MODE:      24     -0.00764912      0.02181329     -0.03152600
MINMODE:MODE:      25     -0.01226407      0.01677209     -0.03117738
MINMODE:MODE:      26     -0.00508768      0.02987955     -0.00077911
MINMODE:MODE:      27      0.05574814      0.06485776     -0.07246798
MINMODE:MODE:      28      0.05408740      0.06181438     -0.06972333
MINMODE:MODE:      29     -0.01338565      0.02410622     -0.00340571
MINMODE:MODE:      30     -0.07440259     -0.00843905      0.06823426
MINMODE:MODE:      31     -0.07465589     -0.00674387      0.06775839
MINMODE:MODE:      32     -0.00604415      0.00539859      0.03176097
MINMODE:MODE:      33     -0.03957693      0.01295028      0.03007867
MINMODE:MODE:      34      0.03053542     -0.00969971      0.04032888
MINMODE:MODE:      35      0.00076763      0.00527641      0.06718528
MINMODE:MODE:      36      0.04990627     -0.03447035      0.01155610
MINMODE:MODE:      37      0.03372751      0.00070739      0.01039451
MINMODE:MODE:      38     -0.03890964      0.06583201      0.01746915
MINMODE:MODE:      39     -0.09574353      0.09912974      0.02561093
MINMODE:MODE:      40     -0.08479598      0.06891528      0.02731875
MINMODE:MODE:      41     -0.00984597     -0.03458311     -0.03820267
MINMODE:MODE:      42      0.01438560     -0.04396588     -0.02994014
MINMODE:MODE:      43      0.04891735     -0.03033519      0.03300626
MINMODE:MODE:      44      0.06318828     -0.00357619      0.08878625
MINMODE:MODE:      45      0.04217688      0.01164122      0.08685320
MINMODE:MODE:      46     -0.04770170      0.02054090     -0.10383126
MINMODE:MODE:      47     -0.03355077     -0.06397862     -0.06187201
MINMODE:MODE:      48     -0.01541768      0.01597110     -0.01392250
MINMODE:MODE:      49      0.01888294     -0.00827419     -0.01477201
MINMODE:MODE:      50      0.05901894      0.02361332      0.08120632
MINMODE:MODE:      51      0.06424616      0.03494161      0.07806341
MINMODE:MODE:      52      0.02295083      0.03266708      0.00711623
MINMODE:MODE:      53     -0.02659118      0.02084027     -0.06110047
MINMODE:MODE:      54     -0.03325807      0.00848875     -0.06413671
MINMODE:MODE:      55      0.11221261      0.10378284     -0.11984351
MINMODE:MODE:      56      0.09607780      0.08909324     -0.12920970
MINMODE:MODE:      57     -0.01456717      0.02235228     -0.00279967
MINMODE:MODE:      58     -0.12655637     -0.04087213      0.11625703
MINMODE:MODE:      59     -0.11908544     -0.03425000      0.12847997
MINMODE:MODE:      60      0.01117858      0.01066187      0.02476661
MINMODE:MODE:      61      0.01953195      0.01079363      0.05257233
MINMODE:MODE:      62      0.00490267     -0.01138348     -0.00195023
MINMODE:MODE:      63      0.00910262     -0.02414202      0.00433849
MINMODE:MODE:      64      0.15632846     -0.01055690      0.03860949
MINMODE:MODE:      65      0.09192523     -0.16850659     -0.05134990
MINMODE:MODE:      66      0.03302511     -0.09353902     -0.03936915
MINMODE:MODE:      67      0.09573981     -0.13948866      0.02353087
MINMODE:MODE:      68      0.03306029     -0.06943533      0.02081927
MINMODE:MODE:      69     -0.07278401      0.02417322     -0.03535465
MINMODE:MODE:      70     -0.13527094      0.06645675     -0.09666639
MINMODE:MODE:      71     -0.10025342      0.01381625     -0.10435980
MINMODE:MODE:      72      0.03426580      0.01840758     -0.02716626
MINMODE:MODE:      73     -0.00821246      0.02289372     -0.00663497
MINMODE:MODE:      74      0.06469177     -0.39185950     -0.16063551
MINMODE:MODE:      75      0.16945355     -0.21492390      0.06696590
MINMODE:MODE:      76      0.07367733     -0.09847586      0.06454807
MINMODE:MODE:      77     -0.10444131      0.07107697     -0.02979486
MINMODE:MODE:      78     -0.21537588      0.13990424     -0.14005845
MINMODE:MODE:      79     -0.15292360      0.04789724     -0.14568542
