      Step     Time          Energy          fmax
FIRE:    0 01:41:54    -1602.350667        7.429086
FIRE:    1 01:41:57    -1602.614040        7.316574
FIRE:    2 01:42:03    -1602.852797        7.160172
FIRE:    3 01:42:08    -1603.073874        6.951988
FIRE:    4 01:42:14    -1603.283660        6.671636
FIRE:    5 01:42:19    -1603.487439        6.269142
FIRE:    6 01:42:23    -1603.689321        5.802958
FIRE:    7 01:42:29    -1603.893154        5.412857
FIRE:    8 01:42:33    -1604.102688        5.430951
FIRE:    9 01:42:36    -1604.319061        5.384015
FIRE:   10 01:42:41    -1604.540681        5.234133
FIRE:   11 01:42:44    -1604.764294        4.950453
FIRE:   12 01:42:51    -1604.985671        4.646379
FIRE:   13 01:42:55    -1605.199069        4.167705
FIRE:   14 01:42:59    -1605.396982        4.964324
FIRE:   15 01:43:08    -1605.572740        4.956472
FIRE:   16 01:43:13    -1605.726878        3.698306
FIRE:   17 01:43:16    -1605.872566        2.820110
FIRE:   18 01:43:19    -1606.032097        4.169840
FIRE:   19 01:43:23    -1606.220153        5.757409
FIRE:   20 01:43:28    -1606.432296        5.795501
FIRE:   21 01:43:33    -1606.652625        4.478743
FIRE:   22 01:43:38    -1606.869303        5.266643
FIRE:   23 01:43:42    -1607.079180        4.751213
FIRE:   24 01:43:48    -1607.282835        3.154864
FIRE:   25 01:43:53    -1607.482822        2.993929
FIRE:   26 01:43:57    -1607.680989        2.755352
FIRE:   27 01:44:03    -1607.869703        2.342607
FIRE:   28 01:44:09    -1608.036012        2.374134
FIRE:   29 01:44:14    -1608.157335        2.513906
FIRE:   30 01:44:18    -1608.200006        2.203147
FIRE:   31 01:44:22    -1608.143905        2.659492
FIRE:   32 01:44:27    -1608.269535        1.143770
FIRE:   33 01:44:33    -1608.283609        2.247162
FIRE:   34 01:44:39    -1608.334506        1.308818
FIRE:   35 01:44:45    -1608.343549        0.880375
FIRE:   36 01:44:50    -1608.352795        0.552509
FIRE:   37 01:44:56    -1608.358839        0.644558
FIRE:   38 01:44:59    -1608.368657        0.883059
FIRE:   39 01:45:06    -1608.384161        0.811185
FIRE:   40 01:45:10    -1608.398667        0.551293
FIRE:   41 01:45:13    -1608.410065        0.624356
FIRE:   42 01:45:16    -1608.424376        0.936473
FIRE:   43 01:45:20    -1608.440713        0.738771
FIRE:   44 01:45:26    -1608.454487        0.873573
FIRE:   45 01:45:33    -1608.470951        1.019583
FIRE:   46 01:45:39    -1608.484752        1.112473
FIRE:   47 01:45:44    -1608.497949        1.088029
FIRE:   48 01:45:47    -1608.509652        0.851740
FIRE:   49 01:45:53    -1608.521490        1.047044
FIRE:   50 01:45:58    -1608.533278        1.533598
FIRE:   51 01:46:06    -1608.544971        1.117644
FIRE:   52 01:46:10    -1608.557145        0.515955
FIRE:   53 01:46:17    -1608.569189        0.940743
FIRE:   54 01:46:23    -1608.582355        0.728375
FIRE:   55 01:46:30    -1608.595227        0.523930
FIRE:   56 01:46:37    -1608.608869        0.754058
FIRE:   57 01:46:42    -1608.622453        0.531035
FIRE:   58 01:46:46    -1608.636108        0.800926
FIRE:   59 01:46:52    -1608.649892        0.290868
FIRE:   60 01:46:57    -1608.662972        0.539854
FIRE:   61 01:47:01    -1608.675461        0.304616
FIRE:   62 01:47:06    -1608.687487        0.554703
FIRE:   63 01:47:13    -1608.699153        0.305907
FIRE:   64 01:47:18    -1608.710454        0.307618
FIRE:   65 01:47:22    -1608.721820        0.320548
FIRE:   66 01:47:28    -1608.733396        0.201134
FIRE:   67 01:47:30    -1608.744888        0.402292
FIRE:   68 01:47:36    -1608.756260        0.189733
FIRE:   69 01:47:39    -1608.767467        0.220816
FIRE:   70 01:47:41    -1608.778372        0.348820
FIRE:   71 01:47:46    -1608.788991        0.573767
FIRE:   72 01:47:49    -1608.799477        0.707006
FIRE:   73 01:47:53    -1608.809864        0.580793
FIRE:   74 01:47:57    -1608.820402        0.302438
FIRE:   75 01:48:02    -1608.831207        0.203074
FIRE:   76 01:48:06    -1608.842368        0.130327
FIRE:   77 01:48:10    -1608.853961        0.302174
FIRE:   78 01:48:15    -1608.865969        0.432293
FIRE:   79 01:48:18    -1608.878342        0.352374
FIRE:   80 01:48:22    -1608.890998        0.176470
FIRE:   81 01:48:25    -1608.903767        0.195949
FIRE:   82 01:48:28    -1608.916287        0.211600
FIRE:   83 01:48:32    -1608.928263        0.288209
FIRE:   84 01:48:43    -1608.939499        0.236592
FIRE:   85 01:48:46    -1608.950211        0.205797
FIRE:   86 01:48:50    -1608.961094        0.182531
FIRE:   87 01:48:56    -1608.973339        0.193611
FIRE:   88 01:49:01    -1608.988176        0.225296
FIRE:   89 01:49:05    -1609.006216        0.179907
FIRE:   90 01:49:17    -1609.026809        0.237074
FIRE:   91 01:49:24    -1609.047961        0.288112
FIRE:   92 01:49:29    -1609.068101        0.334517
FIRE:   93 01:49:34    -1609.086538        0.379885
FIRE:   94 01:49:36    -1609.102059        0.426940
FIRE:   95 01:49:41    -1609.113924        0.473460
FIRE:   96 01:49:45    -1609.122615        0.503950
FIRE:   97 01:49:48    -1609.128382        0.519656
FIRE:   98 01:49:51    -1609.130899        0.521973
FIRE:   99 01:49:54    -1609.130376        0.503462
FIRE:  100 01:49:59    -1609.127862        0.457203
FIRE:  101 01:50:06    -1609.124572        0.381963
FIRE:  102 01:50:11    -1609.121488        0.300262
FIRE:  103 01:50:17    -1609.119983        0.330433
FIRE:  104 01:50:20    -1609.122715        0.364630
FIRE:  105 01:50:26    -1609.134922        0.399949
FIRE:  106 01:50:30    -1609.164931        0.545066
FIRE:  107 01:50:32    -1609.262966        0.858292
FIRE:  108 01:50:39    -1609.338268        1.053197
FIRE:  109 01:50:42    -1609.379664        1.138593
FIRE:  110 01:50:47    -1609.382165        1.161330
FIRE:  111 01:50:51    -1609.345466        1.129746
FIRE:  112 01:50:57    -1609.277145        1.071277
FIRE:  113 01:51:01    -1609.185660        0.999224
FIRE:  114 01:51:06    -1609.080775        0.989222
FIRE:  115 01:51:13    -1608.975307        1.053829
FIRE:  116 01:51:18    -1608.881911        1.032983
FIRE:  117 01:51:22    -1608.814396        1.078571
FIRE:  118 01:51:26    -1608.787916        1.139376
FIRE:  119 01:51:30    -1608.817625        1.176061
FIRE:  120 01:51:33    -1608.912824        1.120280
FIRE:  121 01:51:38    -1609.060346        0.943925
FIRE:  122 01:51:44    -1609.207031        0.824158
FIRE:  123 01:51:49    -1609.251042        2.103352
FIRE:  124 01:51:54    -1609.308115        1.898218
FIRE:  125 01:51:57    -1609.256568        2.828227
FIRE:  126 01:52:02    -1609.350164        1.323846
FIRE:  127 01:52:13    -1609.364876        0.909885
FIRE:  128 01:52:16    -1609.373275        0.960606
FIRE:  129 01:52:21    -1609.368114        1.120906
FIRE:  130 01:52:28    -1609.369096        1.202351
FIRE:  131 01:52:31    -1609.380561        1.141355
FIRE:  132 01:52:34    -1609.385025        1.021450
FIRE:  133 01:52:43    -1609.381394        0.998878
FIRE:  134 01:52:50    -1609.382930        1.053606
FIRE:  135 01:52:53    -1609.382750        1.086273
FIRE:  136 01:52:59    -1609.369343        1.205375
FIRE:  137 01:53:05    -1609.359473        1.269858
FIRE:  138 01:53:10    -1609.342504        1.203320
FIRE:  139 01:53:15    -1609.324931        1.167890
FIRE:  140 01:53:20    -1609.304209        1.173359
FIRE:  141 01:53:23    -1609.277183        1.168284
FIRE:  142 01:53:28    -1609.245986        1.171785
FIRE:  143 01:53:32    -1609.206122        1.144198
FIRE:  144 01:53:36    -1609.158850        1.077124
FIRE:  145 01:53:40    -1609.101055        1.007887
FIRE:  146 01:53:44    -1609.028601        0.932313
FIRE:  147 01:53:48    -1608.941890        0.818879
FIRE:  148 01:53:52    -1608.840464        0.820340
FIRE:  149 01:53:56    -1608.728525        1.012204
FIRE:  150 01:54:03    -1608.616740        1.199515
FIRE:  151 01:54:06    -1608.523285        1.370254
FIRE:  152 01:54:10    -1608.479030        1.487624
FIRE:  153 01:54:13    -1608.519642        1.731314
FIRE:  154 01:54:17    -1608.658125        2.031517
FIRE:  155 01:54:21    -1608.864475        2.069732
FIRE:  156 01:54:26    -1609.084438        1.701572
FIRE:  157 01:54:30    -1609.256262        2.330019
FIRE:  158 01:54:35    -1609.360399        3.356938
FIRE:  159 01:54:43    -1609.408734        2.708050
FIRE:  160 01:54:51    -1609.338296        3.342836
FIRE:  161 01:55:01    -1609.185309        3.915733
FIRE:  162 01:55:13    -1609.084576        4.115057
FIRE:  163 01:55:18    -1609.047388        4.043918
FIRE:  164 01:55:24    -1609.014764        3.905036
FIRE:  165 01:55:29    -1608.949442        3.783918
FIRE:  166 01:55:34    -1608.849777        3.692306
FIRE:  167 01:55:39    -1608.732593        3.605398
FIRE:  168 01:55:42    -1608.609653        3.509635
FIRE:  169 01:55:48    -1608.480993        3.434062
FIRE:  170 01:55:52    -1608.343137        3.422523
FIRE:  171 01:55:57    -1608.194709        3.506193
FIRE:  172 01:56:02    -1608.035159        3.699165
FIRE:  173 01:56:07    -1607.862031        4.002726
FIRE:  174 01:56:11    -1607.671097        4.401363
FIRE:  175 01:56:17    -1607.457851        4.863741
FIRE:  176 01:56:22    -1607.220163        5.347820
FIRE:  177 01:56:27    -1606.958573        5.809959
FIRE:  178 01:56:32    -1606.674864        6.217056
FIRE:  179 01:56:35    -1606.370032        6.554082
FIRE:  180 01:56:39    -1606.043528        6.825070
