20
 energy: -33.288888286006 gnorm: 0.011616693248 xtb: 6.7.1 (edcfbbe)
C           -3.24568063270000        0.23500882890000        0.21705554540000
N           -1.84884935280000       -0.13074604520000        0.15131384610000
C           -1.45170243250000       -1.42255673580000        0.03324546600000
N           -0.24501837090000       -1.83597796200000       -0.03170335360000
C            0.75572358770000       -0.89803652620000        0.02158723940000
C            2.08961602500000       -1.31393841100000       -0.04677217540000
C            3.10215977480000       -0.38397655640000        0.00555371470000
C            2.81533799900000        0.97581585780000        0.12653608800000
C            1.50919424910000        1.40290320440000        0.19513315100000
C            0.46767235690000        0.47368675050000        0.14359818050000
C           -0.92028686080000        0.91467241110000        0.21541449560000
O           -1.30008027810000        2.06302080340000        0.32104516590000
H           -3.33528154850000        1.31990417420000        0.29240365450000
H           -3.74818279870000       -0.07871803650000       -0.69933460350000
H           -3.71148359170000       -0.23791579840000        1.07794078020000
H           -2.24233578820000       -2.16220932440000       -0.00874263110000
H            2.29296047970000       -2.36883908900000       -0.14014555270000
H            4.13133212650000       -0.70774492550000       -0.04743050970000
H            3.62205597770000        1.69215288970000        0.16616863750000
H            1.25738823460000        2.44854249810000        0.28895105180000
20
 energy: -33.289343533698 gnorm: 0.004147720038 xtb: 6.7.1 (edcfbbe)
C           -3.25385198739471        0.22035681616975        0.21167528051647
N           -1.84914921697935       -0.12016408343848        0.15083291095106
C           -1.45385807500729       -1.41285390472016        0.03368916923131
N           -0.24837431525490       -1.82987487810756       -0.03067788161295
C            0.75500304017380       -0.89485661917174        0.02230049615152
C            2.08807882507030       -1.31360483308337       -0.04628076492418
C            3.10258513930515       -0.38557008646123        0.00564619995184
C            2.81856985165467        0.97477565552142        0.12649615113645
C            1.51334508753437        1.40428307336778        0.19520330356786
C            0.47007225697936        0.47725600031219        0.14396405272077
C           -0.91572314653125        0.92359119914980        0.21553042355120
O           -1.28356092202872        2.07647213167206        0.31993929105204
H           -3.32834388736723        1.30394483051831        0.29995886713605
H           -3.76173929145432       -0.09841538618983       -0.70069298861008
H           -3.72177304489051       -0.25049379664551        1.07516369346237
H           -2.24710028937217       -2.14981902574546       -0.00837577740546
H            2.28944134166417       -2.36889927974467       -0.13968640421193
H            4.13114856799193       -0.71118376157152       -0.04757610617269
H            3.62646114983385        1.68975519848082        0.16586119130668
H            1.26330807217284        2.45034875738739        0.28884708280165
20
 energy: -33.289382967784 gnorm: 0.001757137876 xtb: 6.7.1 (edcfbbe)
C           -3.25619844807809        0.21551904600775        0.21003366569603
N           -1.84869717907939       -0.11439822503801        0.15030910048172
C           -1.45404981535778       -1.40805667716687        0.03351203666541
N           -0.24956366932931       -1.82785168034298       -0.03061106630161
C            0.75466913992118       -0.89375323539640        0.02232728613520
C            2.08725856967139       -1.31376000916291       -0.04610313378394
C            3.10257410410068       -0.38666234694880        0.00578688734957
C            2.81973739921420        0.97393356536672        0.12658820129899
C            1.51483263924180        1.40472075101141        0.19528588913933
C            0.47051140622914        0.47863623909045        0.14387484418134
C           -0.91463335043259        0.92808877134554        0.21462314379838
O           -1.27781123868377        2.08233095271520        0.31947972503535
H           -3.33125559553682        1.29863729720178        0.30287254221355
H           -3.76317734313218       -0.10830343357591       -0.70003541496583
H           -3.72302915865403       -0.25810499356283        1.07394675622198
H           -2.24930688663554       -2.14265627158120       -0.00801455131112
H            2.28766313106174       -2.36923844410882       -0.13930167420893
H            4.13083642086080       -0.71326053193280       -0.04739992299278
H            3.62831719262920        1.68815480245588        0.16589879275385
H            1.26586183808937        2.45107243132281        0.28874508319352
20
 energy: -33.289388288213 gnorm: 0.000776230932 xtb: 6.7.1 (edcfbbe)
C           -3.25653286223588        0.21401425772749        0.20974597954710
N           -1.84799415794126       -0.11129602197283        0.15010496719169
C           -1.45365698395215       -1.40573616209063        0.03330429123190
N           -0.25001969121070       -1.82727125132922       -0.03075762444146
C            0.75455491382283       -0.89320777534833        0.02212400294575
C            2.08682463393542       -1.31386976196509       -0.04594465630687
C            3.10263452498483       -0.38734172861495        0.00601503565875
C            2.82028419181259        0.97332096387933        0.12657680619117
C            1.51548327238647        1.40477434508226        0.19485520521426
C            0.47053071869817        0.47925426561028        0.14346816891312
C           -0.91473116152261        0.93027302854405        0.21456008759537
O           -1.27630046874821        2.08488437526586        0.31932186163361
H           -3.33671897529622        1.29664628087161        0.30383896564104
H           -3.76165852567583       -0.11278389658212       -0.69959582002153
H           -3.72131869678534       -0.26255734958526        1.07373877501747
H           -2.25057025589610       -2.13838932714269       -0.00809483273976
H            2.28654196390400       -2.36948735840473       -0.13894358555581
H            4.13071648564159       -0.71454802915290       -0.04700520863942
H            3.62926020983642        1.68709483295179        0.16609012547123
H            1.26721002034198        2.45127431995608        0.28841564605239
20
 energy: -33.289389077402 gnorm: 0.000238654702 xtb: 6.7.1 (edcfbbe)
C           -3.25617455898322        0.21410512170405        0.21015926828124
N           -1.84774642139174       -0.11127644760074        0.14999421586864
C           -1.45349967881939       -1.40588891069894        0.03309851782361
N           -0.25003169004908       -1.82736832989886       -0.03105251572194
C            0.75458158248296       -0.89300457554042        0.02200375354273
C            2.08677255434416       -1.31377773000422       -0.04593326703449
C            3.10273645294593       -0.38737618778519        0.00614121753739
C            2.82036528377949        0.97324034524447        0.12664971542501
C            1.51553808095965        1.40471523102014        0.19482892370521
C            0.47052895472293        0.47936568008490        0.14329044284334
C           -0.91513077932000        0.93023405351977        0.21428852812972
O           -1.27703387943276        2.08473177831530        0.31931196801272
H           -3.33795861224606        1.29661324398560        0.30362195876169
H           -3.76117668303633       -0.11255481155219       -0.69947705636835
H           -3.72018225982196       -0.26268469233452        1.07430389737463
H           -2.25084750335010       -2.13809691901558       -0.00829242309232
H            2.28624778771653       -2.36945779281726       -0.13882073781144
H            4.13078034555325       -0.71472881059709       -0.04658750746420
H            3.62936224498265        1.68698943718569        0.16618570837883
H            1.26740793506310        2.45126832448508        0.28810358240799
20
 energy: -33.289389145390 gnorm: 0.000070372601 xtb: 6.7.1 (edcfbbe)
C           -3.25617238215698        0.21397210600894        0.21029652727989
N           -1.84770881434654       -0.11129006261684        0.14994053718316
C           -1.45350324805551       -1.40597449261421        0.03292980090702
N           -0.25002793527247       -1.82732846347030       -0.03120108568306
C            0.75459272602226       -0.89286630388366        0.02191680780377
C            2.08674248765347       -1.31374218026694       -0.04583891059715
C            3.10277148089573       -0.38739009900649        0.00632988903851
C            2.82040552523135        0.97323280520190        0.12663209814616
C            1.51556860311894        1.40477046534170        0.19458494410208
C            0.47055871138318        0.47947945309851        0.14312335423489
C           -0.91521942019693        0.93020607336423        0.21433917266650
O           -1.27708699114800        2.08475392689743        0.31920927886521
H           -3.33777298384100        1.29651300425470        0.30378031308663
H           -3.76140198229505       -0.11257416271059       -0.69933399541067
H           -3.72008219393870       -0.26275542312552        1.07446126503890
H           -2.25098388748077       -2.13803617568626       -0.00850754263729
H            2.28611793329693       -2.36944214597399       -0.13872932061578
H            4.13079361160235       -0.71480138184498       -0.04634462254311
H            3.62940592188522        1.68697427019271        0.16626974889228
H            1.26754199374252        2.45134679453965        0.28795993084207
