MINMODE:METHOD: Dimer
DIM:CONTROL: Search Parameters:
DIM:CONTROL: ------------------
DIM:CONTROL: eigenmode_method = dimer
DIM:CONTROL: f_rot_min = 0.01
DIM:CONTROL: f_rot_max = 0.05
DIM:CONTROL: max_num_rot = 4
DIM:CONTROL: trial_angle = 0.7853981633974483
DIM:CONTROL: trial_trans_step = 0.001
DIM:CONTROL: maximum_translation = 0.05
DIM:CONTROL: cg_translation = True
DIM:CONTROL: use_central_forces = False
DIM:CONTROL: dimer_separation = 0.005
DIM:CONTROL: initial_eigenmode_method = gauss
DIM:CONTROL: extrapolate_forces = False
DIM:CONTROL: displacement_method = gauss
DIM:CONTROL: gauss_std = 0.1
DIM:CONTROL: order = 1
DIM:CONTROL: mask = None
DIM:CONTROL: displacement_center = None
DIM:CONTROL: displacement_radius = None
DIM:CONTROL: number_of_displacement_atoms = None
DIM:CONTROL: ------------------
DIM:ROT: OPT-STEP ROT-STEP CURVATURE ROT-ANGLE ROT-FORCE
DIM:ROT:       0         1   -1.2961    5.8800    1.9514
DIM:ROT:       0         2   -1.3778    1.7675    2.6472
DIM:ROT:       0         3   -1.4112    1.0609    1.8072
DIM:ROT:       0         4   -1.4383    0.9549    1.6211
DIM:ROT:       1         1   -1.4752    0.8936    1.5503
DIM:ROT:       1         2   -1.4976    0.8664    1.4772
DIM:ROT:       1         3   -1.5184    0.8287    1.4390
DIM:ROT:       1         4   -1.5379    0.8081    1.3798
DIM:ROT:       2         1   -1.5630    0.7790    1.3503
DIM:ROT:       2         2   -1.5803    0.7603    1.2947
DIM:ROT:       2         3   -1.5963    0.7290    1.2674
DIM:ROT:       2         4   -1.6115    0.7133    1.2174
DIM:ROT:       3         1   -1.6178    0.6804    1.1968
DIM:ROT:       3         2   -1.6312    0.6721    1.1408
DIM:ROT:       3         3   -1.6438    0.6407    1.1282
DIM:ROT:       3         4   -1.6558    0.6338    1.0764
DIM:ROT:       4         1   -1.6785    0.6090    1.0797
DIM:ROT:       4         2   -1.6894    0.6105    1.0138
DIM:ROT:       4         3   -1.6995    0.5742    1.0177
DIM:ROT:       4         4   -1.7092    0.5768    0.9576
DIM:ROT:       5         1   -1.7359    0.5346    0.9751
DIM:ROT:       5         2   -1.7445    0.5462    0.8975
DIM:ROT:       5         3   -1.7526    0.5038    0.9195
DIM:ROT:       5         4   -1.7602    0.5163    0.8488
DIM:ROT:       6         1   -1.7998    0.4841    0.8860
DIM:ROT:       6         2   -1.8067    0.4938    0.8022
DIM:ROT:       6         3   -1.8132    0.4524    0.8277
DIM:ROT:       6         4   -1.8195    0.4672    0.7588
DIM:ROT:       7         1   -1.8061    0.4356    0.8313
DIM:ROT:       7         2   -1.8118    0.4502    0.7133
DIM:ROT:       7         3   -1.8170    0.3991    0.7551
DIM:ROT:       7         4   -1.8220    0.4248    0.6714
DIM:ROT:       8         1   -1.8298    0.4069    0.7768
DIM:ROT:       8         2   -1.8346    0.4158    0.6563
DIM:ROT:       8         3   -1.8390    0.3667    0.6946
DIM:ROT:       8         4   -1.8432    0.3901    0.6157
DIM:ROT:       9         1   -1.8305    0.3748    0.7121
DIM:ROT:       9         2   -1.8343    0.3714    0.5976
DIM:ROT:       9         3   -1.8380    0.3327    0.6240
DIM:ROT:       9         4   -1.8414    0.3494    0.5605
DIM:ROT:      10         1   -1.7246    0.3290    0.6392
DIM:ROT:      10         2   -1.7278    0.3423    0.5309
DIM:ROT:      10         3   -1.7307    0.2981    0.5731
DIM:ROT:      10         4   -1.7336    0.3232    0.5003
DIM:ROT:      11         1   -1.6777    0.2971    0.5716
DIM:ROT:      11         2   -1.6804    0.3172    0.4909
DIM:ROT:      11         3   -1.6830    0.2763    0.5290
DIM:ROT:      11         4   -1.6854    0.2990    0.4617
DIM:ROT:      12         1   -1.7029    0.2774    0.5191
DIM:ROT:      12         2   -1.7052    0.2783    0.4632
DIM:ROT:      12         3   -1.7073    0.2550    0.4722
DIM:ROT:      12         4   -1.7093    0.2617    0.4339
DIM:ROT:      13         1   -1.7363    0.2714    0.4746
DIM:ROT:      13         2   -1.7383    0.2585    0.4479
DIM:ROT:      13         3   -1.7402    0.2497    0.4325
DIM:ROT:      13         4   -1.7420    0.2426    0.4190
DIM:ROT:      14         1   -1.7498    0.2527    0.4378
DIM:ROT:      14         2   -1.7515    0.2315    0.4060
DIM:ROT:      14         3   -1.7530    0.2261    0.3909
DIM:ROT:      14         4   -1.7545    0.2185    0.3825
DIM:ROT:      15         1   -1.7591    0.2234    0.3816
DIM:ROT:      15         2   -1.7604    0.1984    0.3633
DIM:ROT:      15         3   -1.7615    0.2002    0.3356
DIM:ROT:      15         4   -1.7627    0.1864    0.3401
DIM:ROT:      16         1   -1.7699    0.2087    0.3362
DIM:ROT:      16         2   -1.7710    0.1824    0.3411
DIM:ROT:      16         3   -1.7720    0.1909    0.3038
DIM:ROT:      16         4   -1.7730    0.1711    0.3189
DIM:ROT:      17         1   -1.8017    0.2269    0.3434
DIM:ROT:      17         2   -1.8026    0.1701    0.3187
DIM:ROT:      17         3   -1.8035    0.1769    0.2834
DIM:ROT:      17         4   -1.8043    0.1590    0.2971
DIM:ROT:      18         1   -1.8838    0.2003    0.2709
DIM:ROT:      18         2   -1.8846    0.1472    0.3103
DIM:ROT:      18         3   -1.8853    0.1770    0.2397
DIM:ROT:      18         4   -1.8860    0.1375    0.2896
DIM:ROT:      19         1   -1.9688    0.2214    0.2420
DIM:ROT:      19         2   -1.9694    0.1366    0.3118
DIM:ROT:      19         3   -1.9699    0.1698    0.2153
DIM:ROT:      19         4   -1.9706    0.1291    0.2760
DIM:ROT:      20         1   -1.9524    0.2911    0.3977
DIM:ROT:      20         2   -1.9531    0.1551    0.2604
DIM:ROT:      20         3   -1.9536    0.1285    0.2401
DIM:ROT:      20         4   -1.9541    0.1284    0.2153
DIM:ROT:      21         1   -1.9280    0.2130    0.3270
DIM:ROT:      21         2   -1.9286    0.1378    0.2606
DIM:ROT:      21         3   -1.9292    0.1379    0.2150
DIM:ROT:      21         4   -1.9296    0.1184    0.2208
DIM:ROT:      22         1   -1.9072    0.1878    0.2417
DIM:ROT:      22         2   -1.9078    0.1195    0.2663
DIM:ROT:      22         3   -1.9083    0.1498    0.1854
DIM:ROT:      22         4   -1.9087    0.1063    0.2353
DIM:ROT:      23         1   -1.9062    0.1801    0.2070
DIM:ROT:      23         2   -1.9067    0.1117    0.2479
DIM:ROT:      23         3   -1.9071    0.1426    0.1740
DIM:ROT:      23         4   -1.9075    0.1018    0.2258
DIM:ROT:      24         1   -1.8754    0.1607    0.2187
DIM:ROT:      24         2   -1.8758    0.1164    0.2038
DIM:ROT:      24         3   -1.8762    0.1146    0.1843
DIM:ROT:      24         4   -1.8765    0.1060    0.1867
DIM:ROT:      25         1   -1.8354    0.1602    0.2402
DIM:ROT:      25         2   -1.8358    0.1106    0.2001
DIM:ROT:      25         3   -1.8362    0.1097    0.1805
DIM:ROT:      25         4   -1.8365    0.1011    0.1828
DIM:ROT:      26         1   -1.8624    0.1461    0.2463
DIM:ROT:      26         2   -1.8627    0.0954    0.1651
DIM:ROT:      26         3   -1.8629    0.0893    0.1576
DIM:ROT:      26         4   -1.8632    0.0871    0.1496
DIM:ROT:      27         1   -1.8477    0.1129    0.1851
DIM:ROT:      27         2   -1.8480    0.0924    0.1664
DIM:ROT:      27         3   -1.8482    0.0917    0.1514
DIM:ROT:      27         4   -1.8484    0.0844    0.1514
DIM:ROT:      28         1   -1.8049    0.1519    0.2479
DIM:ROT:      28         2   -1.8053    0.1047    0.1760
DIM:ROT:      28         3   -1.8055    0.0945    0.1717
DIM:ROT:      28         4   -1.8058    0.0944    0.1578
DIM:ROT:      29         1   -1.7887    0.1910    0.2988
DIM:ROT:      29         2   -1.7891    0.1172    0.2243
DIM:ROT:      29         3   -1.7895    0.1171    0.1881
DIM:ROT:      29         4   -1.7899    0.1024    0.1927
DIM:ROT:      30         1   -1.7881    0.1356    0.1904
DIM:ROT:      30         2   -1.7884    0.1002    0.2038
DIM:ROT:      30         3   -1.7887    0.1126    0.1627
DIM:ROT:      30         4   -1.7890    0.0908    0.1841
DIM:ROT:      31         1   -1.7692    0.1476    0.1824
DIM:ROT:      31         2   -1.7696    0.0893    0.2057
DIM:ROT:      31         3   -1.7698    0.1170    0.1402
DIM:ROT:      31         4   -1.7700    0.0805    0.1846
DIM:ROT:      32         1   -1.7674    0.0994    0.1414
DIM:ROT:      32         2   -1.7676    0.0754    0.1506
DIM:ROT:      32         3   -1.7678    0.0852    0.1222
DIM:ROT:      32         4   -1.7680    0.0695    0.1393
DIM:ROT:      33         1   -1.7884    0.1832    0.1963
DIM:ROT:      33         2   -1.7887    0.0782    0.1857
DIM:ROT:      33         3   -1.7889    0.1007    0.1174
DIM:ROT:      33         4   -1.7890    0.0658    0.1542
DIM:ROT:      34         1   -1.8026    0.1124    0.1403
DIM:ROT:      34         2   -1.8028    0.0720    0.1271
DIM:ROT:      34         3   -1.8029    0.0646    0.1115
DIM:ROT:      34         4   -1.8030    0.0604    0.1067
DIM:ROT:      35         1   -1.7957    0.0948    0.1514
DIM:ROT:      35         2   -1.7958    0.0525    0.1020
