MinModeTranslate: STEP      TIME          ENERGY    MAX-FORCE     STEPSIZE    CURVATURE  ROT-STEPS
MinModeTranslate:    0  03:29:15    -3282.165730       0.2796     --------    -1.438274          4
MinModeTranslate:    0  03:29:17    -3282.165730       0.2796     0.004244    -1.438274          4
MinModeTranslate:    1  03:29:45    -3282.166902       0.1081     --------    -1.537868          4
MinModeTranslate:    1  03:29:47    -3282.166902       0.1081     0.004701    -1.537868          4
MinModeTranslate:    2  03:30:16    -3282.167436       0.0917     --------    -1.611536          4
MinModeTranslate:    2  03:30:18    -3282.167436       0.0917     0.005638    -1.611536          4
MinModeTranslate:    3  03:30:46    -3282.167868       0.0347     --------    -1.655768          4
MinModeTranslate:    3  03:30:48    -3282.167868       0.0347     0.013420    -1.655768          4
MinModeTranslate:    4  03:31:17    -3282.168562       0.1706     --------    -1.709193          4
MinModeTranslate:    4  03:31:18    -3282.168562       0.1706     0.010801    -1.709193          4
MinModeTranslate:    5  03:31:48    -3282.169092       0.1086     --------    -1.760240          4
MinModeTranslate:    5  03:31:49    -3282.169092       0.1086     0.013017    -1.760240          4
MinModeTranslate:    6  03:32:18    -3282.169672       0.0602     --------    -1.819463          4
MinModeTranslate:    6  03:32:19    -3282.169672       0.0602     0.043742    -1.819463          4
MinModeTranslate:    7  03:32:45    -3282.171545       0.1650     --------    -1.822018          4
MinModeTranslate:    7  03:32:47    -3282.171545       0.1650     0.047793    -1.822018          4
MinModeTranslate:    8  03:33:14    -3282.173595       0.2686     --------    -1.843231          4
MinModeTranslate:    8  03:33:15    -3282.173595       0.2686     0.043684    -1.843231          4
MinModeTranslate:    9  03:33:42    -3282.175484       0.0956     --------    -1.841388          4
MinModeTranslate:    9  03:33:43    -3282.175484       0.0956     0.040613    -1.841388          4
MinModeTranslate:   10  03:34:11    -3282.177164       0.0865     --------    -1.733575          4
MinModeTranslate:   10  03:34:12    -3282.177164       0.0865     0.043897    -1.733575          4
MinModeTranslate:   11  03:34:37    -3282.178900       0.1021     --------    -1.685370          4
MinModeTranslate:   11  03:34:38    -3282.178900       0.1021     0.037788    -1.685370          4
MinModeTranslate:   12  03:35:01    -3282.180297       0.2151     --------    -1.709302          4
MinModeTranslate:   12  03:35:02    -3282.180297       0.2151     0.045595    -1.709302          4
MinModeTranslate:   13  03:35:22    -3282.181925       0.1761     --------    -1.741964          4
MinModeTranslate:   13  03:35:23    -3282.181925       0.1761     0.050000    -1.741964          4
MinModeTranslate:   14  03:35:44    -3282.184784       0.1209     --------    -1.754489          4
MinModeTranslate:   14  03:35:45    -3282.184784       0.1209     0.014935    -1.754489          4
MinModeTranslate:   15  03:36:03    -3282.186882       0.2968     --------    -1.762653          4
MinModeTranslate:   15  03:36:04    -3282.186882       0.2968     0.014049    -1.762653          4
MinModeTranslate:   16  03:36:23    -3282.188302       0.0915     --------    -1.772961          4
MinModeTranslate:   16  03:36:24    -3282.188302       0.0915     0.017965    -1.772961          4
MinModeTranslate:   17  03:36:46    -3282.190158       0.1114     --------    -1.804318          4
MinModeTranslate:   17  03:36:48    -3282.190158       0.1114     0.015945    -1.804318          4
MinModeTranslate:   18  03:37:11    -3282.191543       0.2725     --------    -1.886019          4
MinModeTranslate:   18  03:37:13    -3282.191543       0.2725     0.023140    -1.886019          4
MinModeTranslate:   19  03:37:30    -3282.193428       0.1748     --------    -1.970648          4
MinModeTranslate:   19  03:37:31    -3282.193428       0.1748     0.036552    -1.970648          4
MinModeTranslate:   20  03:37:50    -3282.196335       0.2272     --------    -1.954124          4
MinModeTranslate:   20  03:37:51    -3282.196335       0.2272     0.030788    -1.954124          4
MinModeTranslate:   21  03:38:10    -3282.198722       0.3127     --------    -1.929619          4
MinModeTranslate:   21  03:38:11    -3282.198722       0.3127     0.031443    -1.929619          4
MinModeTranslate:   22  03:38:33    -3282.201173       0.1180     --------    -1.908702          4
MinModeTranslate:   22  03:38:35    -3282.201173       0.1180     0.024097    -1.908702          4
MinModeTranslate:   23  03:38:59    -3282.202895       0.1545     --------    -1.907539          4
MinModeTranslate:   23  03:39:01    -3282.202895       0.1545     0.017420    -1.907539          4
MinModeTranslate:   24  03:39:26    -3282.204062       0.2582     --------    -1.876511          4
MinModeTranslate:   24  03:39:27    -3282.204062       0.2582     0.019966    -1.876511          4
MinModeTranslate:   25  03:39:48    -3282.205341       0.1095     --------    -1.836502          4
MinModeTranslate:   25  03:39:49    -3282.205341       0.1095     0.016497    -1.836502          4
MinModeTranslate:   26  03:40:13    -3282.206247       0.0989     --------    -1.863157          4
MinModeTranslate:   26  03:40:15    -3282.206247       0.0989     0.012226    -1.863157          4
MinModeTranslate:   27  03:40:37    -3282.206859       0.1593     --------    -1.848440          4
MinModeTranslate:   27  03:40:38    -3282.206859       0.1593     0.017876    -1.848440          4
MinModeTranslate:   28  03:41:03    -3282.207698       0.1388     --------    -1.805797          4
MinModeTranslate:   28  03:41:04    -3282.207698       0.1388     0.050000    -1.805797          4
MinModeTranslate:   29  03:41:26    -3282.210339       0.2101     --------    -1.789868          4
MinModeTranslate:   29  03:41:27    -3282.210339       0.2101     0.022554    -1.789868          4
MinModeTranslate:   30  03:41:53    -3282.211636       0.2260     --------    -1.789032          4
MinModeTranslate:   30  03:41:54    -3282.211636       0.2260     0.050000    -1.789032          4
MinModeTranslate:   31  03:42:21    -3282.214316       0.2703     --------    -1.770038          4
MinModeTranslate:   31  03:42:23    -3282.214316       0.2703     0.012463    -1.770038          4
MinModeTranslate:   32  03:42:44    -3282.215692       0.2302     --------    -1.767987          4
MinModeTranslate:   32  03:42:45    -3282.215692       0.2302     0.023397    -1.767987          4
MinModeTranslate:   33  03:43:12    -3282.217380       0.1366     --------    -1.789043          4
MinModeTranslate:   33  03:43:14    -3282.217380       0.1366     0.013321    -1.789043          4
MinModeTranslate:   34  03:43:38    -3282.218481       0.2140     --------    -1.803035          4
MinModeTranslate:   34  03:43:39    -3282.218481       0.2140     0.016254    -1.803035          4
MinModeTranslate:   35  03:44:05    -3282.219726       0.1052     --------    -1.795911          4
MinModeTranslate:   35  03:44:07    -3282.219726       0.1052     0.019988    -1.795911          4
MinModeTranslate:   36  03:44:30    -3282.221145       0.1971     --------    -1.758215          4
MinModeTranslate:   36  03:44:31    -3282.221145       0.1971     0.019006    -1.758215          4
MinModeTranslate:   37  03:44:50    -3282.222412       0.1904     --------    -1.766580          4
MinModeTranslate:   37  03:44:51    -3282.222412       0.1904     0.035996    -1.766580          4
MinModeTranslate:   38  03:45:09    -3282.224696       0.1329     --------    -1.843250          4
MinModeTranslate:   38  03:45:10    -3282.224696       0.1329     0.027907    -1.843250          4
MinModeTranslate:   39  03:45:27    -3282.226441       0.2656     --------    -1.862706          4
MinModeTranslate:   39  03:45:29    -3282.226441       0.2656     0.030866    -1.862706          4
MinModeTranslate:   40  03:45:49    -3282.228312       0.1467     --------    -1.849669          4
MinModeTranslate:   40  03:45:50    -3282.228312       0.1467     0.043357    -1.849669          4
MinModeTranslate:   41  03:46:08    -3282.230810       0.2628     --------    -1.806501          4
MinModeTranslate:   41  03:46:09    -3282.230810       0.2628     0.034899    -1.806501          4
MinModeTranslate:   42  03:46:28    -3282.232793       0.2422     --------    -1.821647          4
MinModeTranslate:   42  03:46:29    -3282.232793       0.2422     0.050000    -1.821647          4
MinModeTranslate:   43  03:46:46    -3282.236260       0.1425     --------    -1.889510          4
MinModeTranslate:   43  03:46:47    -3282.236260       0.1425     0.012828    -1.889510          4
MinModeTranslate:   44  03:47:05    -3282.237492       0.2208     --------    -1.872204          4
MinModeTranslate:   44  03:47:06    -3282.237492       0.2208     0.013489    -1.872204          4
MinModeTranslate:   45  03:47:22    -3282.238353       0.1108     --------    -1.846386          4
MinModeTranslate:   45  03:47:23    -3282.238353       0.1108     0.012291    -1.846386          4
MinModeTranslate:   46  03:47:40    -3282.239264       0.2057     --------    -1.864481          4
MinModeTranslate:   46  03:47:41    -3282.239264       0.2057     0.013992    -1.864481          4
MinModeTranslate:   47  03:48:01    -3282.240220       0.1324     --------    -1.876189          4
MinModeTranslate:   47  03:48:02    -3282.240220       0.1324     0.030495    -1.876189          4
MinModeTranslate:   48  03:48:22    -3282.242128       0.2316     --------    -1.803865          4
MinModeTranslate:   48  03:48:24    -3282.242128       0.2316     0.025091    -1.803865          4
MinModeTranslate:   49  03:48:44    -3282.243670       0.2106     --------    -1.773125          4
MinModeTranslate:   49  03:48:46    -3282.243670       0.2106     0.042029    -1.773125          4
MinModeTranslate:   50  03:49:08    -3282.246207       0.1759     --------    -1.802723          4
MinModeTranslate:   50  03:49:09    -3282.246207       0.1759     0.034633    -1.802723          4
MinModeTranslate:   51  03:49:31    -3282.248190       0.3293     --------    -1.815692          4
MinModeTranslate:   51  03:49:32    -3282.248190       0.3293     0.044936    -1.815692          4
MinModeTranslate:   52  03:49:54    -3282.250741       0.2296     --------    -1.791458          4
MinModeTranslate:   52  03:49:55    -3282.250741       0.2296     0.034814    -1.791458          4
MinModeTranslate:   53  03:50:20    -3282.252743       0.2441     --------    -1.753251          4
MinModeTranslate:   53  03:50:22    -3282.252743       0.2441     0.031655    -1.753251          4
MinModeTranslate:   54  03:50:49    -3282.254501       0.1954     --------    -1.736761          4
MinModeTranslate:   54  03:50:50    -3282.254501       0.1954     0.050000    -1.736761          4
MinModeTranslate:   55  03:51:15    -3282.257581       0.1568     --------    -1.726187          4
MinModeTranslate:   55  03:51:16    -3282.257581       0.1568     0.027821    -1.726187          4
MinModeTranslate:   56  03:51:40    -3282.259558       0.3174     --------    -1.718828          4
MinModeTranslate:   56  03:51:42    -3282.259558       0.3174     0.050000    -1.718828          4
MinModeTranslate:   57  03:52:03    -3282.262873       0.2074     --------    -1.737016          4
MinModeTranslate:   57  03:52:04    -3282.262873       0.2074     0.017501    -1.737016          4
MinModeTranslate:   58  03:52:22    -3282.264680       0.2393     --------    -1.778585          4
MinModeTranslate:   58  03:52:22    -3282.264680       0.2393     0.021849    -1.778585          4
MinModeTranslate:   59  03:52:36    -3282.266306       0.1949     --------    -1.813862          4
MinModeTranslate:   59  03:52:37    -3282.266306       0.1949     0.016686    -1.813862          4
MinModeTranslate:   60  03:52:51    -3282.267709       0.2731     --------    -1.772385          4
MinModeTranslate:   60  03:52:52    -3282.267709       0.2731     0.018562    -1.772385          4
MinModeTranslate:   61  03:53:06    -3282.269163       0.2205     --------    -1.743278          4
MinModeTranslate:   61  03:53:07    -3282.269163       0.2205     0.021351    -1.743278          4
