20
 energy: -33.284098004707 gnorm: 0.058068128405 xtb: 6.7.1 (edcfbbe)
C           -3.26874600000000        0.22134400000000        0.21648900000000
N           -1.86617200000000       -0.13217500000000        0.15163600000000
C           -1.48204400000000       -1.44488700000000        0.03214600000000
N           -0.26095700000000       -1.85679200000000       -0.03303900000000
C            0.75339200000000       -0.88944800000000        0.02236800000000
C            2.08531600000000       -1.30446200000000       -0.04587200000000
C            3.12571600000000       -0.37193400000000        0.00596400000000
C            2.84143800000000        0.98846600000000        0.12693600000000
C            1.51647800000000        1.41710900000000        0.19614200000000
C            0.48274000000000        0.47477700000000        0.14331500000000
C           -0.93082300000000        0.89151800000000        0.21374800000000
O           -1.22224400000000        2.07989900000000        0.32050300000000
H           -3.46019400000000        0.74782700000000        1.15686400000000
H           -3.50470500000000        0.89583700000000       -0.61268100000000
H           -3.90841100000000       -0.66338300000000        0.15857700000000
H           -2.31034100000000       -2.16991200000000       -0.00767000000000
H            2.31071700000000       -2.36378000000000       -0.14017200000000
H            4.15778700000000       -0.70994800000000       -0.04829000000000
H            3.65092000000000        1.71334800000000        0.16721100000000
H            1.29013300000000        2.47659700000000        0.29048000000000
20
 energy: -33.288085781142 gnorm: 0.026900381864 xtb: 6.7.1 (edcfbbe)
C           -3.25452189940865        0.23004414952820        0.21685884104916
N           -1.85280945420645       -0.12625029343384        0.15179444431309
C           -1.45617880247658       -1.42836285517011        0.03287733756418
N           -0.25021175001260       -1.84217728634398       -0.03208681535748
C            0.75794817175679       -0.89377805066651        0.02189056377716
C            2.08746442902574       -1.31167344747727       -0.04652965554737
C            3.10829557032216       -0.38006596459510        0.00572250714519
C            2.82137073685996        0.97665140925831        0.12645260711719
C            1.50872574114134        1.40561061176392        0.19537450149802
C            0.47453676655820        0.47359543992391        0.14342237217348
C           -0.92915660740070        0.90484494732830        0.21482035342455
O           -1.26302677724899        2.07273418510089        0.32092942136096
H           -3.45596735599294        0.75539995038257        1.15288764950053
H           -3.50025784007360        0.90266357510211       -0.60771741812053
H           -3.87584033589143       -0.66216992667983        0.15786060415550
H           -2.26433560781798       -2.15469322962580       -0.00755493452998
H            2.30781175749109       -2.36536770967889       -0.14023138702232
H            4.13631060135825       -0.71154390028218       -0.04788191032998
H            3.62626711394112        1.69820052839971        0.16656499468463
H            1.27357554207525        2.45633886716560        0.28920092314401
20
 energy: -33.288788770599 gnorm: 0.011993038620 xtb: 6.7.1 (edcfbbe)
C           -3.24763155647573        0.23422356344360        0.21703578499173
N           -1.84821515095027       -0.12484328546530        0.15179491856452
C           -1.44767020735522       -1.42051288561623        0.03331871669207
N           -0.24581331976928       -1.83461044661134       -0.03156516380310
C            0.75877362821332       -0.89778967240964        0.02153361668883
C            2.08959658105643       -1.31558531329272       -0.04691034451646
C            3.10177442886072       -0.38398477309863        0.00555963045547
C            2.81380060837661        0.97310787948240        0.12634706345376
C            1.50658980197828        1.40084111575534        0.19502853798909
C            0.46882149618649        0.47262341153175        0.14348405520584
C           -0.92608943011750        0.91306166530655        0.21542945746160
O           -1.28976760982059        2.06765657400106        0.32117666274602
H           -3.44740412406965        0.76077799773502        1.15138484108420
H           -3.49161199599972        0.90775348481902       -0.60576939513993
H           -3.86092977841418       -0.66145695381200        0.15754697576138
H           -2.24362390541907       -2.15227782916383       -0.00787487300142
H            2.30109313433975       -2.36819199825778       -0.14029821991580
H            4.12951731508742       -0.71010009117495       -0.04758835224424
H            3.61764010286205        1.69217297588100        0.16627870517428
H            1.26114998143015        2.44713558094671        0.28874238235218
20
 energy: -33.288889308345 gnorm: 0.006263101264 xtb: 6.7.1 (edcfbbe)
C           -3.24639571917564        0.23499819051704        0.21707032586691
N           -1.84818975155846       -0.12675910571165        0.15163286394133
C           -1.44899155809784       -1.42052767029233        0.03334978077078
N           -0.24522726037726       -1.83439332407809       -0.03156258246347
C            0.75792602231586       -0.89879324165177        0.02147031235168
C            2.09026588284045       -1.31560694741872       -0.04692880016027
C            3.10185737145436       -0.38425194778998        0.00553604702373
C            2.81416358919203        0.97405753764156        0.12641772599191
C            1.50762395611459        1.40118260577950        0.19503042616164
C            0.46769762537726        0.47276566015478        0.14352321839580
C           -0.92338889584652        0.91461957696403        0.21549076191977
O           -1.29721456107946        2.06519266692139        0.32115709869902
H           -3.44359606398476        0.76282988338580        1.15120372683569
H           -3.48779387835345        0.90976252611029       -0.60543801076086
H           -3.86073351695739       -0.65959251023110        0.15769971176518
H           -2.24186652388170       -2.15630238399203       -0.00825704700516
H            2.29680741125766       -2.36928418805926       -0.14028120269815
H            4.13044061317636       -0.70855237784242       -0.04748033122948
H            3.61900742388788        1.69189686692037        0.16622200316737
H            1.25760783369603        2.44675918267261        0.28879897142657
20
 energy: -33.288925613661 gnorm: 0.001424263440 xtb: 6.7.1 (edcfbbe)
C           -3.24579550729484        0.23511178778443        0.21706587618524
N           -1.84861190466547       -0.12967273358165        0.15139842519788
C           -1.45138049635820       -1.42197297406612        0.03328755138744
N           -0.24511680927854       -1.83545415381763       -0.03165548948331
C            0.75641471190157       -0.89868912709483        0.02151616504771
C            2.09011631805319       -1.31452008540148       -0.04683376140570
C            3.10232255012485       -0.38400570993138        0.00554607127155
C            2.81532099116360        0.97554820797674        0.12651374275639
C            1.50904105008129        1.40245145250606        0.19510004092658
C            0.46750830625859        0.47338706226252        0.14357855144237
C           -0.92058183837451        0.91491496214095        0.21544346476487
O           -1.30063994710933        2.06316358852019        0.32107242956649
H           -3.44073765042499        0.76411188267538        1.15125126322243
H           -3.48493930155004        0.91104632563800       -0.60541143714487
H           -3.86324268297766       -0.65739266762475        0.15794909805100
H           -2.24230628212305       -2.16124130232925       -0.00866071137140
H            2.29302982239675       -2.36940422304147       -0.14019539329885
H            4.13160884607402       -0.70746716154932       -0.04741656401750
H            3.62164105429878        1.69218506244228        0.16618087154314
H            1.25634876980397        2.44790080649133        0.28892480535853
20
 energy: -33.288927471003 gnorm: 0.000360247450 xtb: 6.7.1 (edcfbbe)
C           -3.24570422099263        0.23497188580062        0.21705266631793
N           -1.84883814458522       -0.13083874299541        0.15130600248095
C           -1.45194390685599       -1.42269037058312        0.03324084182774
N           -0.24507607931447       -1.83605661350891       -0.03170794781810
C            0.75568599833893       -0.89808302911610        0.02158456916349
C            2.08962933310348       -1.31384881358904       -0.04676512087737
C            3.10224699467342       -0.38390892640603        0.00555683237383
C            2.81551672791265        0.97593453335157        0.12654140812856
C            1.50934283017367        1.40300256321311        0.19513799426905
C            0.46771425131965        0.47373688212160        0.14360171462537
C           -0.92002591885540        0.91465424136930        0.21540679857260
O           -1.30012408412020        2.06290643941328        0.32103713337205
H           -3.44031361232130        0.76409925591645        1.15135176650461
H           -3.48452266251011        0.91105213402852       -0.60553164447816
H           -3.86461704205461       -0.65675134247504        0.15803881767521
H           -2.24254428182737       -2.16251435241438       -0.00876240107411
H            2.29257983823719       -2.36888118961614       -0.14013973590319
H            4.13149719069563       -0.70761992581095       -0.04742496637105
H            3.62232712646214        1.69222625177299        0.16616765632807
H            1.25716966252055        2.44861011952767        0.28896261488251
20
 energy: -33.288927637402 gnorm: 0.000075385328 xtb: 6.7.1 (edcfbbe)
C           -3.24568063266081        0.23500882892565        0.21705554537155
N           -1.84884935280208       -0.13074604519963        0.15131384609670
C           -1.45170243248833       -1.42255673581019        0.03324546601405
N           -0.24501837094633       -1.83597796195893       -0.03170335359893
C            0.75572358774379       -0.89803652618516        0.02158723936150
C            2.08961602503194       -1.31393841099564       -0.04677217543953
C            3.10215977477823       -0.38397655644255        0.00555371474852
C            2.81533799899496        0.97581585784011        0.12653608796921
C            1.50919424905717        1.40290320441615        0.19513315099032
C            0.46767235688033        0.47368675054227        0.14359818053308
C           -0.92028686082122        0.91467241109299        0.21541449557922
O           -1.30008027810526        2.06302080339774        0.32104516586348
H           -3.44040404492006        0.76404860611403        1.15134847520498
H           -3.48461381946180        0.91100113195320       -0.60553135965254
H           -3.86446923060343       -0.65682640653223        0.15802952506464
H           -2.24233578822263       -2.16220932436796       -0.00874263110829
H            2.29296047974444       -2.36883908901185       -0.14014555268865
H            4.13133212647767       -0.70774492551492       -0.04743050965695
H            3.62205597770999        1.69215288965600        0.16616863751684
H            1.25738823461343        2.44854249808093        0.28895105183079
