MINMODE:MODE: Optimization Step: 0
MINMODE:MODE: Order: 0
MINMODE:MODE:       0      0.00824676      0.03741091      0.04642459
MINMODE:MODE:       1      0.00436457     -0.02814580      0.06022153
MINMODE:MODE:       2      0.00725221      0.00854419      0.00654665
MINMODE:MODE:       3     -0.00624547      0.01464701      0.03181658
MINMODE:MODE:       4      0.01195089      0.01953155      0.02955408
MINMODE:MODE:       5      0.01739179      0.02096334      0.03061937
MINMODE:MODE:       6      0.00349278     -0.02764898      0.02455670
MINMODE:MODE:       7      0.07740093      0.04205092      0.04222838
MINMODE:MODE:       8      0.01563595     -0.00068790      0.03534355
MINMODE:MODE:       9     -0.00134587     -0.00316710      0.07397483
MINMODE:MODE:      10      0.03328787     -0.03942740      0.01928092
MINMODE:MODE:      11     -0.00586426      0.00765457     -0.00079738
MINMODE:MODE:      12      0.00339078      0.00169016      0.06480698
MINMODE:MODE:      13      0.00440570      0.01514211      0.04587286
MINMODE:MODE:      14      0.00399951      0.02355831      0.04471580
MINMODE:MODE:      15     -0.00841658      0.03788972      0.02096525
MINMODE:MODE:      16      0.00935292      0.04056006      0.06443462
MINMODE:MODE:      17      0.00414255     -0.00126613      0.02391876
MINMODE:MODE:      18      0.00190434      0.00291199     -0.00267336
MINMODE:MODE:      19     -0.00373486     -0.02670653      0.02865483
MINMODE:MODE:      20     -0.00587859      0.06847528      0.00473864
MINMODE:MODE:      21      0.02792423     -0.01069151     -0.04200902
MINMODE:MODE:      22     -0.03364906      0.01862123      0.03656898
MINMODE:MODE:      23      0.00727532      0.01250862      0.05382602
MINMODE:MODE:      24     -0.01208100      0.05313859      0.02191843
MINMODE:MODE:      25      0.00183772     -0.00640473      0.02387370
MINMODE:MODE:      26      0.03125273     -0.06086716      0.03961514
MINMODE:MODE:      27     -0.03146750     -0.04659956      0.00256481
MINMODE:MODE:      28      0.10043752      0.10255348      0.06610947
MINMODE:MODE:      29      0.04974409      0.03688525      0.03995816
MINMODE:MODE:      30      0.13181635      0.00303776      0.02737626
MINMODE:MODE:      31      0.01302076      0.02238222      0.01876363
MINMODE:MODE:      32      0.00234786     -0.00585826      0.07065060
MINMODE:MODE:      33     -0.02669258      0.01877868      0.08250150
MINMODE:MODE:      34      0.00228857     -0.02799108      0.09543602
MINMODE:MODE:      35      0.02374775     -0.03955693      0.03243990
MINMODE:MODE:      36      0.03264625     -0.07522950      0.02720806
MINMODE:MODE:      37      0.05472465     -0.03524298     -0.01371234
MINMODE:MODE:      38     -0.01933103     -0.04041202     -0.07623259
MINMODE:MODE:      39     -0.00348185      0.10070862     -0.02535879
MINMODE:MODE:      40      0.04428718      0.00135053      0.10565202
MINMODE:MODE:      41     -0.05233820     -0.01494186      0.09308401
MINMODE:MODE:      42      0.00691861      0.01157920      0.04531648
MINMODE:MODE:      43     -0.01014192      0.02612780      0.00216185
MINMODE:MODE:      44     -0.01005173      0.04180273      0.01726061
MINMODE:MODE:      45     -0.01222121      0.05629716      0.02315904
MINMODE:MODE:      46      0.02438736      0.03396067      0.07442051
MINMODE:MODE:      47     -0.00028292      0.04820925      0.06091284
MINMODE:MODE:      48      0.00638739      0.04869111      0.07448107
MINMODE:MODE:      49      0.00548589      0.00668875      0.03014989
MINMODE:MODE:      50      0.00093940     -0.00114030     -0.01596899
MINMODE:MODE:      51     -0.00103311      0.02076970     -0.00500782
MINMODE:MODE:      52      0.00388590     -0.00895147     -0.00599674
MINMODE:MODE:      53     -0.00888086     -0.03539433      0.02089035
MINMODE:MODE:      54     -0.00651058     -0.02851594      0.04536569
MINMODE:MODE:      55     -0.00616201     -0.03314936      0.02016960
MINMODE:MODE:      56     -0.06697094     -0.14191985     -0.14203418
MINMODE:MODE:      57     -0.10673792     -0.18975089     -0.18696297
MINMODE:MODE:      58     -0.02774637      0.21254059     -0.13021932
MINMODE:MODE:      59     -0.03211406     -0.22639051     -0.03239775
MINMODE:MODE:      60     -0.02579888     -0.28224036     -0.06491695
MINMODE:MODE:      61     -0.01582467     -0.10462656     -0.06700244
MINMODE:MODE:      62     -0.03863726     -0.02974198     -0.09809531
MINMODE:MODE:      63     -0.02254913      0.07987061     -0.08803564
MINMODE:MODE:      64      0.01049444      0.11123347     -0.04301101
MINMODE:MODE:      65      0.04027041      0.05333893     -0.01842845
MINMODE:MODE:      66      0.03012773     -0.04849949     -0.03227378
MINMODE:MODE:      67     -0.14775542      0.00408976     -0.20069282
MINMODE:MODE:      68     -0.10766691      0.10491703     -0.34140365
MINMODE:MODE:      69     -0.03186346     -0.19823089     -0.04921448
MINMODE:MODE:      70     -0.06465637     -0.05787046     -0.13164910
MINMODE:MODE:      71     -0.03705606      0.13481155     -0.11165785
MINMODE:MODE:      72      0.01413424      0.17992578     -0.02676122
MINMODE:MODE:      73      0.06886033      0.08448793      0.01526313
MINMODE:MODE:      74      0.04972640     -0.09306926     -0.01325870
MINMODE:MODE: Optimization Step: 0
MINMODE:MODE: Order: 0
MINMODE:MODE:       0      0.01640646      0.05489922      0.08454768
MINMODE:MODE:       1      0.02768664     -0.06830150      0.13018261
MINMODE:MODE:       2      0.01076687      0.00410283      0.00433913
MINMODE:MODE:       3     -0.00510799      0.01392094      0.02951210
MINMODE:MODE:       4      0.01218533      0.02056400      0.02755456
MINMODE:MODE:       5      0.01730112      0.02001161      0.02900129
MINMODE:MODE:       6      0.00403557     -0.02714507      0.02347356
MINMODE:MODE:       7      0.07547528      0.04055809      0.04020302
MINMODE:MODE:       8      0.01558682     -0.00072814      0.03427402
MINMODE:MODE:       9     -0.00102117     -0.00279748      0.07161378
MINMODE:MODE:      10      0.03284563     -0.03815699      0.01943383
MINMODE:MODE:      11      0.00051216      0.00406489      0.00864867
MINMODE:MODE:      12      0.00498806      0.00254081      0.06333406
MINMODE:MODE:      13      0.00427840      0.01705742      0.04601088
MINMODE:MODE:      14      0.00343409      0.02231164      0.04352079
MINMODE:MODE:      15     -0.00814722      0.03641546      0.02054891
MINMODE:MODE:      16      0.00781583      0.03934134      0.06261289
MINMODE:MODE:      17      0.00395238     -0.00116153      0.02327897
MINMODE:MODE:      18      0.00170698      0.00292942     -0.00224971
MINMODE:MODE:      19     -0.00350711     -0.02573618      0.02772816
MINMODE:MODE:      20     -0.00809116      0.06995391      0.00530881
MINMODE:MODE:      21      0.03012544     -0.00987204     -0.04583859
MINMODE:MODE:      22     -0.03447099      0.01756096      0.03627848
MINMODE:MODE:      23      0.00897537      0.01215776      0.05179501
MINMODE:MODE:      24     -0.01213472      0.05081239      0.02105579
MINMODE:MODE:      25      0.00168474     -0.00651768      0.02270709
MINMODE:MODE:      26      0.03089009     -0.05839133      0.03830294
MINMODE:MODE:      27     -0.03000010     -0.04599593      0.00278769
MINMODE:MODE:      28      0.09538210      0.10004045      0.06327608
MINMODE:MODE:      29      0.04851613      0.03450760      0.03672900
MINMODE:MODE:      30      0.12967409      0.00502369      0.02767662
MINMODE:MODE:      31      0.01266703      0.02163001      0.01831186
MINMODE:MODE:      32      0.00267213     -0.00542124      0.06813741
MINMODE:MODE:      33     -0.02582438      0.01821129      0.07973981
MINMODE:MODE:      34      0.00235668     -0.02671407      0.09212663
MINMODE:MODE:      35      0.02318958     -0.03809982      0.03138671
MINMODE:MODE:      36      0.03281999     -0.07129440      0.02529305
MINMODE:MODE:      37      0.05305777     -0.03362987     -0.01304402
MINMODE:MODE:      38     -0.02130310     -0.04163998     -0.07722684
MINMODE:MODE:      39      0.00155565      0.10291314     -0.02059254
MINMODE:MODE:      40      0.04167870      0.00154056      0.10378660
MINMODE:MODE:      41     -0.05129136     -0.01404734      0.08809699
MINMODE:MODE:      42      0.00658305      0.01123476      0.04377464
MINMODE:MODE:      43     -0.00963935      0.02525353      0.00232920
MINMODE:MODE:      44     -0.00962089      0.04041728      0.01661571
MINMODE:MODE:      45     -0.01178263      0.05423680      0.02252619
MINMODE:MODE:      46      0.02323708      0.03349491      0.07232261
MINMODE:MODE:      47     -0.00083471      0.04630325      0.05918452
MINMODE:MODE:      48      0.00478723      0.04455239      0.07149069
MINMODE:MODE:      49      0.00515106      0.00644888      0.02939914
MINMODE:MODE:      50      0.00081057     -0.00077667     -0.01506804
MINMODE:MODE:      51     -0.00092763      0.01990727     -0.00439229
MINMODE:MODE:      52      0.00351844     -0.00838583     -0.00558824
MINMODE:MODE:      53     -0.00821552     -0.03404687      0.02042651
MINMODE:MODE:      54     -0.00648249     -0.02747842      0.04399156
MINMODE:MODE:      55     -0.00583085     -0.03181381      0.01964855
MINMODE:MODE:      56     -0.07003372     -0.14440678     -0.14853047
MINMODE:MODE:      57     -0.10428983     -0.18488300     -0.17974127
MINMODE:MODE:      58     -0.02880668      0.20393246     -0.13737389
MINMODE:MODE:      59     -0.06292484     -0.18389676     -0.03684337
MINMODE:MODE:      60     -0.03617390     -0.26580642     -0.06979593
MINMODE:MODE:      61     -0.00915313     -0.10372336     -0.06440059
MINMODE:MODE:      62     -0.03505189     -0.02847262     -0.09566796
MINMODE:MODE:      63     -0.02033922      0.07626413     -0.08305444
MINMODE:MODE:      64      0.01029386      0.10755298     -0.04082256
MINMODE:MODE:      65      0.04099462      0.05104692     -0.01623872
MINMODE:MODE:      66      0.02868841     -0.04985537     -0.02995668
MINMODE:MODE:      67     -0.15224142      0.00471118     -0.26603376
MINMODE:MODE:      68     -0.11421819      0.09151482     -0.33942947
MINMODE:MODE:      69     -0.02071306     -0.18845597     -0.05686263
MINMODE:MODE:      70     -0.06232185     -0.05730519     -0.12657780
MINMODE:MODE:      71     -0.03571621      0.12996099     -0.10532264
MINMODE:MODE:      72      0.01349327      0.17397321     -0.02552743
MINMODE:MODE:      73      0.06740210      0.08126383      0.01493602
MINMODE:MODE:      74      0.04703448     -0.09018137     -0.01308089
MINMODE:MODE: Optimization Step: 1
MINMODE:MODE: Order: 0
MINMODE:MODE:       0      0.01994908      0.06261027      0.09972734
MINMODE:MODE:       1      0.04221673     -0.09443669      0.18143681
MINMODE:MODE:       2      0.01626915     -0.00318212      0.00869405
MINMODE:MODE:       3     -0.00166027      0.01225038      0.02717973
MINMODE:MODE:       4      0.01099562      0.02155433      0.02665305
MINMODE:MODE:       5      0.01594611      0.01887475      0.02664111
MINMODE:MODE:       6      0.00396971     -0.02536211      0.02172281
MINMODE:MODE:       7      0.07023609      0.03796135      0.03657839
MINMODE:MODE:       8      0.01555836     -0.00060298      0.03153607
MINMODE:MODE:       9     -0.00051614     -0.00243836      0.06628752
MINMODE:MODE:      10      0.03106128     -0.03498825      0.01795261
MINMODE:MODE:      11      0.00517990     -0.00148702      0.02223743
MINMODE:MODE:      12      0.00876182      0.00318066      0.06110025
MINMODE:MODE:      13      0.00538428      0.01964327      0.04564477
MINMODE:MODE:      14      0.00208527      0.02054187      0.04077320
MINMODE:MODE:      15     -0.00773467      0.03356839      0.01938001
MINMODE:MODE:      16      0.00582928      0.03618688      0.05810335
MINMODE:MODE:      17      0.00373493     -0.00079864      0.02179147
MINMODE:MODE:      18      0.00131964      0.00300862     -0.00183946
MINMODE:MODE:      19     -0.00304450     -0.02381709      0.02582828
MINMODE:MODE:      20     -0.01510044      0.07383963      0.01039918
MINMODE:MODE:      21      0.03788158     -0.01853315     -0.04969394
MINMODE:MODE:      22     -0.03260174      0.01606877      0.03387414
MINMODE:MODE:      23      0.01141686      0.01149770      0.04801781
MINMODE:MODE:      24     -0.01130678      0.04700855      0.01944418
MINMODE:MODE:      25      0.00160077     -0.00638510      0.02091308
MINMODE:MODE:      26      0.02893585     -0.05407500      0.03524137
MINMODE:MODE:      27     -0.02735844     -0.04294537      0.00264950
MINMODE:MODE:      28      0.08847391      0.09300920      0.05762821
MINMODE:MODE:      29      0.04530953      0.03136528      0.03344839
MINMODE:MODE:      30      0.12064360      0.00491089      0.02553400
MINMODE:MODE:      31      0.01274547      0.02000409      0.01694320
MINMODE:MODE:      32      0.00287019     -0.00473805      0.06290820
MINMODE:MODE:      33     -0.02388485      0.01684471      0.07374476
MINMODE:MODE:      34      0.00221960     -0.02456316      0.08504679
MINMODE:MODE:      35      0.02199775     -0.03498838      0.02925202
MINMODE:MODE:      36      0.03077998     -0.06464517      0.02289616
MINMODE:MODE:      37      0.04930457     -0.03107206     -0.01174599
MINMODE:MODE:      38     -0.02853491     -0.04979038     -0.07303780
MINMODE:MODE:      39      0.01343483      0.10683565     -0.00982916
MINMODE:MODE:      40      0.03924351      0.00361559      0.09667519
MINMODE:MODE:      41     -0.04426956     -0.01384505      0.08260032
MINMODE:MODE:      42      0.00522584      0.01032944      0.04067139
MINMODE:MODE:      43     -0.00881034      0.02340064      0.00238660
MINMODE:MODE:      44     -0.00890121      0.03718281      0.01520135
MINMODE:MODE:      45     -0.01087031      0.05008200      0.02119739
MINMODE:MODE:      46      0.02071582      0.03081727      0.06704603
MINMODE:MODE:      47     -0.00143812      0.04258099      0.05526234
MINMODE:MODE:      48      0.00337115      0.03952114      0.06566698
MINMODE:MODE:      49      0.00475781      0.00594730      0.02735006
MINMODE:MODE:      50      0.00057763     -0.00039790     -0.01352730
MINMODE:MODE:      51     -0.00074190      0.01825358     -0.00384533
MINMODE:MODE:      52      0.00312654     -0.00762229     -0.00485285
MINMODE:MODE:      53     -0.00746515     -0.03127233      0.01921935
MINMODE:MODE:      54     -0.00607267     -0.02526367      0.04082915
MINMODE:MODE:      55     -0.00517638     -0.02933228      0.01841364
MINMODE:MODE:      56     -0.07136053     -0.14724946     -0.14716037
MINMODE:MODE:      57     -0.09518245     -0.17559653     -0.16226127
MINMODE:MODE:      58     -0.02626480      0.20382436     -0.12703004
MINMODE:MODE:      59     -0.06033689     -0.17954294     -0.01435149
MINMODE:MODE:      60     -0.03630992     -0.24491114     -0.07520871
MINMODE:MODE:      61     -0.00446238     -0.09235772     -0.05927829
MINMODE:MODE:      62     -0.03107761     -0.02625791     -0.09124400
MINMODE:MODE:      63     -0.01824557      0.06968086     -0.07638875
MINMODE:MODE:      64      0.00978884      0.09938196     -0.03729136
MINMODE:MODE:      65      0.03831547      0.04628606     -0.01405870
MINMODE:MODE:      66      0.02482138     -0.04740920     -0.02719027
MINMODE:MODE:      67     -0.18227074      0.03840782     -0.35946774
MINMODE:MODE:      68     -0.11458292      0.08278798     -0.32332747
MINMODE:MODE:      69     -0.01992773     -0.16917827     -0.05265552
MINMODE:MODE:      70     -0.05681961     -0.05440130     -0.11736695
MINMODE:MODE:      71     -0.03298597      0.11929541     -0.09635836
MINMODE:MODE:      72      0.01303682      0.16083119     -0.02273430
MINMODE:MODE:      73      0.06334160      0.07465246      0.01432543
MINMODE:MODE:      74      0.04288143     -0.08415704     -0.01230906
